01-01 08:26:31.691 W/art     (  776): f666c000-f666d000 ---p 00000000 00:00 0 
01-01 08:26:31.691 W/art     (  776): f666d000-f6678000 r--p 00165000 b3:10 1981                               /system/lib/libicui18n.so
01-01 08:26:31.691 W/art     (  776): f6678000-f6679000 rw-p 00170000 b3:10 1981                               /system/lib/libicui18n.so
01-01 08:26:31.691 W/art     (  776): f6679000-f6788000 r-xp 00000000 b3:10 1982                               /system/lib/libicuuc.so
01-01 08:26:31.691 W/art     (  776): f6788000-f6793000 r--p 0010e000 b3:10 1982                               /system/lib/libicuuc.so
01-01 08:26:31.691 W/art     (  776): f6793000-f6794000 rw-p 00119000 b3:10 1982                               /system/lib/libicuuc.so
01-01 08:26:31.691 W/art     (  776): f6794000-f6798000 rw-p 00000000 00:00 0 
01-01 08:26:31.691 W/art     (  776): f6798000-f67bb000 r-xp 00000000 b3:10 2082                               /system/lib/libssl.so
01-01 08:26:31.691 W/art     (  776): f67bb000-f67bd000 r--p 00022000 b3:10 2082                               /system/lib/libssl.so
01-01 08:26:31.691 W/art     (  776): f67bd000-f67be000 rw-p 00024000 b3:10 2082                               /system/lib/libssl.so
01-01 08:26:31.691 W/art     (  776): f67be000-f684e000 r-xp 00000000 b3:10 1957                               /system/lib/libcrypto.so
01-01 08:26:31.691 W/art     (  776): f684e000-f684f000 ---p 00000000 00:00 0 
01-01 08:26:31.691 W/art     (  776): f684f000-f685a000 r--p 00090000 b3:10 1957                               /system/lib/libcrypto.so
01-01 08:26:31.691 W/art     (  776): f685a000-f685b000 rw-p 0009b000 b3:10 1957                               /system/lib/libcrypto.so
01-01 08:26:31.691 W/art     (  776): f685b000-f68ad000 r-xp 00000000 b3:10 2075                               /system/lib/libsonivox.so
01-01 08:26:31.692 W/art     (  776): f68ad000-f68ae000 ---p 00000000 00:00 0 
01-01 08:26:31.692 W/art     (  776): f68ae000-f68af000 r--p 00052000 b3:10 2075                               /system/lib/libsonivox.so
01-01 08:26:31.692 W/art     (  776): f68af000-f68b0000 rw-p 00053000 b3:10 2075                               /system/lib/libsonivox.so
01-01 08:26:31.692 W/art     (  776): f68b0000-f68b5000 rw-p 00000000 00:00 0 
01-01 08:26:31.692 W/art     (  776): f68b5000-f68c3000 r-xp 00000000 b3:10 2067                               /system/lib/libselinux.so
01-01 08:26:31.692 W/art     (  776): f68c3000-f68c4000 ---p 00000000 00:00 0 
01-01 08:26:31.692 W/art     (  776): f68c4000-f68c5000 r--p 0000e000 b3:10 2067                               /system/lib/libselinux.so
01-01 08:26:31.692 W/art     (  776): f68c5000-f68c6000 rw-p 0000f000 b3:10 2067                               /system/lib/libselinux.so
01-01 08:26:31.692 W/art     (  776): f68c6000-f68cd000 r-xp 00000000 b3:10 1978                               /system/lib/libhardware_legacy.so
01-01 08:26:31.692 W/art     (  776): f68cd000-f68ce000 r--p 00006000 b3:10 1978                               /system/lib/libhardware_legacy.so
01-01 08:26:31.692 W/art     (  776): f68ce000-f68cf000 rw-p 00007000 b3:10 1978                               /system/lib/libhardware_legacy.so
01-01 08:26:31.692 W/art     (  776): f68cf000-f68d0000 rw-p 00000000 00:00 0 
01-01 08:26:31.692 W/art     (  776): f68d0000-f68d3000 r-xp 00000000 b3:10 1977                               /system/lib/libhardware.so
01-01 08:26:31.692 W/art     (  776): f68d3000-f68d4000 r--p 00002000 b3:10 1977                               /system/lib/libhardware.so
01-01 08:26:31.692 W/art     (  776): f68d4000-f68d5000 rw-p 00003000 b3:10 1977                               /system/lib/libhardware.so
01-01 08:26:31.692 W/art     (  776): f68d5000-f68d9000 r-xp 00000000 b3:10 1890                               /system/lib/libETC1.so
01-01 08:26:31.692 W/art     (  776): f68d9000-f68da000 r--p 00003000 b3:10 1890                               /system/lib/libETC1.so
01-01 08:26:31.692 W/art     (  776): f68da000-f68db000 rw-p 00004000 b3:10 1890                               /system/lib/libETC1.so
01-01 08:26:31.692 W/art     (  776): f68db000-f68e8000 r-xp 00000000 b3:10 1894                               /system/lib/libGLESv2.so
01-01 08:26:31.692 W/art     (  776): f68e8000-f68e9000 r--p 0000c000 b3:10 1894                               /system/lib/libGLESv2.so
01-01 08:26:31.692 W/art     (  776): f68e9000-f68ea000 rw-p 0000d000 b3:10 1894                               /system/lib/libGLESv2.so
01-01 08:26:31.692 W/art     (  776): f68ea000-f68f2000 r-xp 00000000 b3:10 1893                               /system/lib/libGLESv1_CM.so
01-01 08:26:31.692 W/art     (  776): f68f2000-f68f3000 r--p 00007000 b3:10 1893                               /system/lib/libGLESv1_CM.so
01-01 08:26:31.692 W/art     (  776): f68f3000-f68f4000 rw-p 00008000 b3:10 1893                               /system/lib/libGLESv1_CM.so
01-01 08:26:31.692 W/art     (  776): f68f4000-f6950000 r-xp 00000000 b3:10 1889                               /system/lib/libEGL.so
01-01 08:26:31.692 W/art     (  776): f6950000-f6951000 ---p 00000000 00:00 0 
01-01 08:26:31.692 W/art     (  776): f6951000-f6953000 r--p 0005c000 b3:10 1889                               /system/lib/libEGL.so
01-01 08:26:31.692 W/art     (  776): f6953000-f695c000 rw-p 0005e000 b3:10 1889                               /system/lib/libEGL.so
01-01 08:26:31.692 W/art     (  776): f695c000-f695f000 rw-p 00000000 00:00 0 
01-01 08:26:31.692 W/art     (  776): f695f000-f69c1000 r-xp 00000000 b3:10 2080                               /system/lib/libsqlite.so
01-01 08:26:31.692 W/art     (  776): f69c1000-f69c3000 r--p 00061000 b3:10 2080                               /system/lib/libsqlite.so
01-01 08:26:31.692 W/art     (  776): f69c3000-f69c4000 rw-p 00063000 b3:10 2080                               /system/lib/libsqlite.so
01-01 08:26:31.692 W/art     (  776): f69c4000-f69c5000 rw-p 00000000 00:00 0 
01-01 08:26:31.692 W/art     (  776): f69c5000-f6c1f000 r-xp 00000000 b3:10 2071                               /system/lib/libskia.so
01-01 08:26:31.692 W/art     (  776): f6c1f000-f6c20000 ---p 00000000 00:00 0 
01-01 08:26:31.692 W/art     (  776): f6c20000-f6c3a000 r--p 0025a000 b3:10 2071                               /system/lib/libskia.so
01-01 08:26:31.692 W/art     (  776): f6c3a000-f6c3c000 rw-p 00274000 b3:10 2071                               /system/lib/libskia.so
01-01 08:26:31.692 W/art     (  776): f6c3c000-f6c41000 rw-p 00000000 00:00 0 
01-01 08:26:31.692 W/art     (  776): f6c41000-f6c49000 r-xp 00000000 b3:10 1949                               /system/lib/libcamera_metadata.so
01-01 08:26:31.692 W/art     (  776): f6c49000-f6c4a000 ---p 00000000 00:00 0 
01-01 08:26:31.692 W/art     (  776): f6c4a000-f6c4b000 r--p 00008000 b3:10 1949                               /system/lib/libcamera_metadata.so
01-01 08:26:31.692 W/art     (  776): f6c4b000-f6c4c000 rw-p 00009000 b3:10 1949                               /system/lib/libcamera_metadata.so
01-01 08:26:31.692 W/art     (  776): f6c4c000-f6c70000 r-xp 00000000 b3:10 1948
01-01 08:26:31.693 W/art     (  776):                                /system/lib/libcamera_client.so
01-01 08:26:31.693 W/art     (  776): f6c70000-f6c71000 ---p 00000000 00:00 0 
01-01 08:26:31.693 W/art     (  776): f6c71000-f6c78000 r--p 00024000 b3:10 1948                               /system/lib/libcamera_client.so
01-01 08:26:31.693 W/art     (  776): f6c78000-f6c79000 rw-p 0002b000 b3:10 1948                               /system/lib/libcamera_client.so
01-01 08:26:31.693 E/QCALOG  (  785): [MessageQ] ProcessNewMessage: [GTP-FDAL] unknown deliver target [OS-Agent]
01-01 08:26:31.693 E/QCALOG  (  785): [MessageQ] ProcessNewMessage: [GTP-FDAL] unknown deliver target [IZAT-MANAGER]
01-01 08:26:31.696 W/art     (  776): f6c79000-f6cb4000 r-xp 00000000 b3:10 1985                               /system/lib/libinputflinger.so
01-01 08:26:31.696 W/art     (  776): f6cb4000-f6cb5000 ---p 00000000 00:00 0 
01-01 08:26:31.696 W/art     (  776): f6cb5000-f6cb8000 r--p 0003b000 b3:10 1985                               /system/lib/libinputflinger.so
01-01 08:26:31.696 W/art     (  776): f6cb8000-f6cb9000 rw-p 0003e000 b3:10 1985                               /system/lib/libinputflinger.so
01-01 08:26:31.696 W/art     (  776): f6cb9000-f6cd3000 r-xp 00000000 b3:10 1984                               /system/lib/libinput.so
01-01 08:26:31.696 W/art     (  776): f6cd3000-f6cd7000 r--p 00019000 b3:10 1984                               /system/lib/libinput.so
01-01 08:26:31.696 W/art     (  776): f6cd7000-f6cd8000 rw-p 0001d000 b3:10 1984                               /system/lib/libinput.so
01-01 08:26:31.696 W/art     (  776): f6cd8000-f6d25000 r-xp 00000000 b3:10 1976                               /system/lib/libgui.so
01-01 08:26:31.696 W/art     (  776): f6d25000-f6d31000 r--p 0004c000 b3:10 1976                               /system/lib/libgui.so
01-01 08:26:31.696 W/art     (  776): f6d31000-f6d32000 rw-p 00058000 b3:10 1976                               /system/lib/libgui.so
01-01 08:26:31.696 W/art     (  776): f6d32000-f6d3f000 r-xp 00000000 b3:10 2126                               /system/lib/libui.so
01-01 08:26:31.696 W/art     (  776): f6d3f000-f6d40000 ---p 00000000 00:00 0 
01-01 08:26:31.696 W/art     (  776): f6d40000-f6d41000 r--p 0000d000 b3:10 2126                               /system/lib/libui.so
01-01 08:26:31.696 W/art     (  776): f6d41000-f6d42000 rw-p 0000e000 b3:10 2126                               /system/lib/libui.so
01-01 08:26:31.696 W/art     (  776): f6d42000-f6d49000 r-xp 00000000 b3:10 2031                               /system/lib/libnetutils.so
01-01 08:26:31.696 W/art     (  776): f6d49000-f6d4a000 r--p 00006000 b3:10 2031                               /system/lib/libnetutils.so
01-01 08:26:31.696 W/art     (  776): f6d4a000-f6d4b000 rw-p 00007000 b3:10 2031                               /system/lib/libnetutils.so
01-01 08:26:31.696 W/art     (  776): f6d4b000-f6d52000 r-xp 00000000 b3:10 2027                               /system/lib/libnativehelper.so
01-01 08:26:31.696 W/art     (  776): f6d52000-f6d53000 r--p 00006000 b3:10 2027                               /system/lib/libnativehelper.so
01-01 08:26:31.696 W/LOWI-7.3.0.3.c(  814): [LOWIController] requestMeasurements - Wifi is not enabled.
01-01 08:26:31.696 W/art     (  776): f6d53000-f6d54000 rw-p 00007000 b3:10 2027                               /system/lib/libnativehelper.so
01-01 08:26:31.696 W/LOWI-7.3.0.3.c(  814): [LOWIController] Request could not be sent to wifi driver, status = 1
01-01 08:26:31.696 W/art     (  776): f6d54000-f6d68000 r-xp 00000000 b3:10 1967                               /system/lib/libexpat.so
01-01 08:26:31.696 W/art     (  776): f6d68000-f6d6a000 r--p 00013000 b3:10 1967                               /system/lib/libexpat.so
01-01 08:26:31.698 W/XTCC-5.1.0.10(  816): [LOWIUtils] to_eScanTypeResponse - default case
01-01 08:26:31.720 E/LocSvc_api_v02(  816): E/loc_sync_wait_for_ind:461]: slot 0, timed out for ind_id QMI_LOC_INJECT_APDONOTCACHE_DATA_REQ_V02
01-01 08:26:31.720 E/LocSvc_api_v02(  816): E/loc_sync_send_req:533]: loc_api_wait_for_ind failed, err -110, select id 0, status eLOC_CLIENT_FAILURE_TIMEOUT
01-01 08:26:31.720 E/LocSvc_IzatApiV02(  816): E/virtual int izat_core::IzatApiV02::injectApCacheBlacklist(APCacheBlacklistData):821]: Error : st = 6, ind.status = 0
01-01 08:26:31.720 E/LocSvc_IzatApiV02(  816): E/virtual int izat_core::IzatApiV02::injectApCacheBlacklist(APCacheBlacklistData):833]: inject AP Cache - blacklistto modem failed. 
01-01 08:26:31.720 E/LocSvc_api_v02(  816): I/---> locClientSendReq line 2029 QMI_LOC_INJECT_APDONOTCACHE_DATA_REQ_V02
01-01 08:26:31.863 D/tftp_server(  765): pid=765 tid=936 tftp-server : DBG :[tftp_protocol.c, 1310] Success! No timeout detected on last ACK
01-01 08:26:31.863 D/tftp_server(  765): pid=765 tid=936 tftp-server : DBG :[tftp_server.c, 1264] WRQ stats : total-blocks = 1 : total-bytes = 5 : 5 timedout-pkts = 0, wrong-pkts = 0
01-01 08:26:31.863 D/tftp_server(  765): pid=765 tid=936 tftp-server : DBG :[tftp_server.c, 1280] WRQ was successfully processed.
01-01 08:26:31.863 D/tftp_server(  765): pid=765 tid=936 tftp-server : DBG :[tftp_server.c, 1511] WRQ stats in us:
01-01 08:26:31.863 D/tftp_server(  765): pid=765 tid=936 tftp-server : DBG :[tftp_server.c, 1512] Total API = 1787280
01-01 08:26:31.863 D/tftp_server(  765): pid=765 tid=936 tftp-server : DBG :[tftp_server.c, 1514] Total-TX = 576
01-01 08:26:31.863 D/tftp_server(  765): pid=765 tid=936 tftp-server : DBG :[tftp_server.c, 1516] Total-RX = 4470
01-01 08:26:31.864 D/tftp_server(  765): pid=765 tid=936 tftp-server : DBG :[tftp_server.c, 1518] Max-TX = 471
01-01 08:26:31.864 D/tftp_server(  765): pid=765 tid=936 tftp-server : DBG :[tftp_server.c, 1520] Max-RX = 4470
01-01 08:26:31.864 D/tftp_server(  765): pid=765 tid=936 tftp-server : DBG :[tftp_server.c, 1522] Min-TX = 105
01-01 08:26:31.864 D/tftp_server(  765): pid=765 tid=936 tftp-server : DBG :[tftp_server.c, 1524] Min-RX = 4470
01-01 08:26:31.864 D/tftp_server(  765): pid=765 tid=936 tftp-server : DBG :[tftp_os_wakelocks_la.c, 332] Wake-lock released successfully
01-01 08:26:31.890 E/mm-camera(  790): <SENSOR><ERROR> 211: sensor_probe: [ov7251]CFG_SINIT_PROBE failed
01-01 08:26:31.891 E/mm-camera(  790): <SENSOR><ERROR> 344: sensor_init_xml_probe: failed: to probe ov7251
01-01 08:26:31.943 D/ICU     (  775): No timezone override file found: /data/misc/zoneinfo/current/icu/icu_tzdata.dat
01-01 08:26:32.052 D/ICU     (  776): No timezone override file found: /data/misc/zoneinfo/current/icu/icu_tzdata.dat
01-01 08:26:32.181 E/mm-camera(  790): <SENSOR><ERROR> 211: sensor_probe: [ov7251_8511f]CFG_SINIT_PROBE failed
01-01 08:26:32.181 E/mm-camera(  790): <SENSOR><ERROR> 344: sensor_init_xml_probe: failed: to probe ov7251_8511f
01-01 08:26:32.424 E/slim_daemon(  824): [NDK] bindNDKSensors: Sensor server is unavailable.
01-01 08:26:32.440 E/mm-camera(  790): <SENSOR><ERROR> 211: sensor_probe: [ov7251]CFG_SINIT_PROBE failed
01-01 08:26:32.441 E/mm-camera(  790): <SENSOR><ERROR> 344: sensor_init_xml_probe: failed: to probe ov7251
01-01 08:26:32.509 I/Radio-JNI(  775): register_android_hardware_Radio DONE
01-01 08:26:32.525 I/Radio-JNI(  776): register_android_hardware_Radio DONE
01-01 08:26:32.585 I/SamplingProfilerIntegration(  775): Profiling disabled.
01-01 08:26:32.589 D/Zygote  (  775): begin preload
01-01 08:26:32.593 I/SamplingProfilerIntegration(  776): Profiling disabled.
01-01 08:26:32.599 I/Zygote  (  775): Preloading classes...
01-01 08:26:32.600 D/Zygote  (  776): begin preload
01-01 08:26:32.606 I/Gobi    (  788): vendor/qcom/proprietary/RIDL/RIDLClient/Component.cpp:968: Run command getprop ro.build.version.release done
01-01 08:26:32.606 I/Gobi    (  788): vendor/qcom/proprietary/RIDL/RIDLClient/MainCore.cpp:1446: worker thread started
01-01 08:26:32.608 I/Zygote  (  776): Preloading classes...
01-01 08:26:32.632 I/Gobi    (  788): vendor/qcom/proprietary/RIDL/RIDLClient/MainCore.cpp:2024: on bootup, TransState = 1
01-01 08:26:32.632 I/Gobi    (  788): vendor/qcom/proprietary/RIDL/RIDLClient/Android/main.cpp:279: stop service
01-01 08:26:32.721 E/mm-camera(  790): <SENSOR><ERROR> 211: sensor_probe: [ov7251_8511f]CFG_SINIT_PROBE failed
01-01 08:26:32.721 E/mm-camera(  790): <SENSOR><ERROR> 344: sensor_init_xml_probe: failed: to probe ov7251_8511f
01-01 08:26:32.722 I/mm-camera(  790): <MCT   >< INFO> 96: server_process_module_init: Begin init mods
01-01 08:26:32.722 E/mm-camera(  790): <IFACE ><ERROR> 11441: iface_util_setloglevel: iface_util_setloglevel:11441 IFACE_Loglevel 1
01-01 08:26:32.726 E/LocSvc_api_v02(  816): E/loc_sync_wait_for_ind:461]: slot 0, timed out for ind_id QMI_LOC_INJECT_APDONOTCACHE_DATA_REQ_V02
01-01 08:26:32.726 E/LocSvc_api_v02(  816): E/loc_sync_send_req:533]: loc_api_wait_for_ind failed, err -110, select id 0, status eLOC_CLIENT_FAILURE_TIMEOUT
01-01 08:26:32.726 E/LocSvc_IzatApiV02(  816): E/virtual int izat_core::IzatApiV02::injectApCacheBlacklist(APCacheBlacklistData):821]: Error : st = 6, ind.status = 0
01-01 08:26:32.726 E/LocSvc_IzatApiV02(  816): E/virtual int izat_core::IzatApiV02::injectApCacheBlacklist(APCacheBlacklistData):833]: inject AP Cache - blacklistto modem failed. 
01-01 08:26:32.726 E/LocSvc_api_v02(  816): I/---> locClientSendReq line 2029 QMI_LOC_INJECT_APDONOTCACHE_DATA_REQ_V02
01-01 08:26:32.956 I/mm-camera(  790): <ISP   >< INFO> 876: module_isp_init: module 0xf475bde0
01-01 08:26:33.030 I/mm-camera(  790): <CPP   >< INFO> 140: cpp_module_init: info: CPP module_init successful
01-01 08:26:33.042 I/recovery( 1163): Installing new recovery image: failed 
01-01 08:26:33.044 E/mm-camera(  790): <IMGLIB><ERROR> 1113: frameproc_comp_reload_lib: frameproc_comp_reload_lib:1113] Error opening frameproc library libmmcamera_paaf_lib.so error dlopen failed: library "libmmcamera_paaf_lib.so" not found
01-01 08:26:33.044 E/mm-camera(  790): <IMGLIB><ERROR> 983: frameproc_comp_load: frameproc_comp_load:983] cannot load libmmcamera_paaf_lib.so
01-01 08:26:33.045 E/mm-camera(  790): <IMGLIB><ERROR> 3000: module_imgbase_init: module_imgbase_init_paaf:3000] Error rc -7
01-01 08:26:33.045 E/mm-camera(  790): <IMGLIB><ERROR> 1113: frameproc_comp_reload_lib: frameproc_comp_reload_lib:1113] Error opening frameproc library libmmcamera_llvd.so error dlopen failed: library "libmmcamera_llvd.so" not found
01-01 08:26:33.045 E/mm-camera(  790): <IMGLIB><ERROR> 983: frameproc_comp_load: frameproc_comp_load:983] cannot load libmmcamera_llvd.so
01-01 08:26:33.046 E/mm-camera(  790): <IMGLIB><ERROR> 3000: module_imgbase_init: module_imgbase_init_llvd:3000] Error rc -7
01-01 08:26:33.069 E/mm-camera(  790): <IMGLIB><ERROR> 1665: dual_frameproc_comp_load: dual_frameproc_comp_load:1665] Error opening dual_frameproc library libmmcamera_dcrf_lib.so error dlopen failed: library "libmmcamera_dcrf_lib.so" not found
01-01 08:26:33.069 E/mm-camera(  790): <IMGLIB><ERROR> 3000: module_imgbase_init: module_imgbase_init_imglib_dcrf:3000] Error rc -7
01-01 08:26:33.069 E/mm-camera(  790): <IMGLIB><ERROR> 744: module_imglib_create_topology: module_imglib_create_topology:744] Can not init the module imglib_dcrf
01-01 08:26:33.069 E/mm-camera(  790): <IMGLIB><ERROR> 1665: dual_frameproc_comp_load: dual_frameproc_comp_load:1665] Error opening dual_frameproc library libmmcamera_dcrf_lib.so error dlopen failed: library "libmmcamera_dcrf_lib.so" not found
01-01 08:26:33.069 E/mm-camera(  790): <IMGLIB><ERROR> 3000: module_imgbase_init: module_imgbase_init_imglib_dcrf:3000] Error rc -7
01-01 08:26:33.069 E/mm-camera(  790): <IMGLIB><ERROR> 744: module_imglib_create_topology: module_imglib_create_topology:744] Can not init the module imglib_dcrf
01-01 08:26:33.079 E/mm-camera(  790): <IMGLIB><ERROR> 1113: frameproc_comp_reload_lib: frameproc_comp_reload_lib:1113] Error opening frameproc library libmmcamera_chromaflash_lib.so error dlopen failed: library "libmmcamera_chromaflash_lib.so" not found
01-01 08:26:33.080 E/mm-camera(  790): <IMGLIB><ERROR> 983: frameproc_comp_load: frameproc_comp_load:983] cannot load libmmcamera_chromaflash_lib.so
01-01 08:26:33.080 E/mm-camera(  790): <IMGLIB><ERROR> 3000: module_imgbase_init: module_imgbase_init_imglib_chroma_flash:3000] Error rc -7
01-01 08:26:33.080 E/mm-camera(  790): <IMGLIB><ERROR> 744: module_imglib_create_topology: module_imglib_create_topology:744] Can not init the module imglib_chroma_flash
01-01 08:26:33.080 E/mm-camera(  790): <IMGLIB><ERROR> 1113: frameproc_comp_reload_lib: frameproc_comp_reload_lib:1113] Error opening frameproc library libmmcamera_optizoom_lib.so error dlopen failed: library "libmmcamera_optizoom_lib.so" not found
01-01 08:26:33.080 E/mm-camera(  790): <IMGLIB><ERROR> 983: frameproc_comp_load: frameproc_comp_load:983] cannot load libmmcamera_optizoom_lib.so
01-01 08:26:33.080 E/mm-camera(  790): <IMGLIB><ERROR> 3000: module_imgbase_init: module_imgbase_init_imglib_optizoom:3000] Error rc -7
01-01 08:26:33.080 E/mm-camera(  790): <IMGLIB><ERROR> 744: module_imglib_create_topology: module_imglib_create_topology:744] Can not init the module imglib_optizoom
01-01 08:26:33.081 E/mm-camera(  790): <IMGLIB><ERROR> 1113: frameproc_comp_reload_lib: frameproc_comp_reload_lib:1113] Error opening frameproc library libmmcamera_ubifocus_lib.so error dlopen failed: library "libmmcamera_ubifocus_lib.so" not found
01-01 08:26:33.081 E/mm-camera(  790): <IMGLIB><ERROR> 983: frameproc_comp_load: frameproc_comp_load:983] cannot load libmmcamera_ubifocus_lib.so
01-01 08:26:33.081 E/mm-camera(  790): <IMGLIB><ERROR> 3000: module_imgbase_init: module_imgbase_init_imglib_ubifocus:3000] Error rc -7
01-01 08:26:33.081 E/mm-camera(  790): <IMGLIB><ERROR> 744: module_imglib_create_topology: module_imglib_create_topology:744] Can not init the module imglib_ubifocus
01-01 08:26:33.082 E/mm-camera(  790): <IMGLIB><ERROR> 1113: frameproc_comp_reload_lib: frameproc_comp_reload_lib:1113] Error opening frameproc library libmmcamera_ubifocus_lib.so error dlopen failed: library "libmmcamera_ubifocus_lib.so" not found
01-01 08:26:33.082 E/mm-camera(  790): <IMGLIB><ERROR> 983: frameproc_comp_load: frameproc_comp_load:983] cannot load libmmcamera_ubifocus_lib.so
01-01 08:26:33.082 E/mm-camera(  790): <IMGLIB><ERROR> 3000: module_imgbase_init: module_imgbase_init_imglib_refocus:3000] Error rc -7
01-01 08:26:33.083 E/mm-camera(  790): <IMGLIB><ERROR> 744: module_imglib_create_topology: module_imglib_create_topology:744] Can not init the module imglib_refocus
01-01 08:26:33.083 E/mm-camera(  790): <IMGLIB><ERROR> 1113: frameproc_comp_reload_lib: frameproc_comp_reload_lib:1113] Error opening frameproc library libmmcamera_trueportrait_lib.so error dlopen failed: library "libmmcamera_trueportrait_lib.so" not found
01-01 08:26:33.083 E/mm-camera(  790): <IMGLIB><ERROR> 983: frameproc_comp_load: frameproc_comp_load:983] cannot load libmmcamera_trueportrait_lib.so
01-01 08:26:33.083 E/mm-camera(  790): <IMGLIB><ERROR> 3000: module_imgbase_init: module_imgbase_init_imglib_trueportrait:3000] Error rc -7
01-01 08:26:33.083 E/mm-camera(  790): <IMGLIB><ERROR> 744: module_imglib_create_topology: module_imglib_create_topology:744] Can not init the module imglib_trueportrait
01-01 08:26:33.084 E/mm-camera(  790): <IMGLIB><ERROR> 1113: frameproc_comp_reload_lib: frameproc_comp_reload_lib:1113] Error opening frameproc library libmmcamera_stillmore_lib.so error dlopen failed: library "libmmcamera_stillmore_lib.so" not found
01-01 08:26:33.084 E/mm-camera(  790): <IMGLIB><ERROR> 983: frameproc_comp_load: frameproc_comp_load:983] cannot load libmmcamera_stillmore_lib.so
01-01 08:26:33.084 E/mm-camera(  790): <IMGLIB><ERROR> 3000: module_imgbase_init: module_imgbase_init_imglib_stillmore:3000] Error rc -7
01-01 08:26:33.084 E/mm-camera(  790): <IMGLIB><ERROR> 744: module_imglib_create_topology: module_imglib_create_topology:744] Can not init the module imglib_stillmore
01-01 08:26:33.084 E/mm-camera(  790): <IMGLIB><ERROR> 744: module_imglib_create_topology: module_imglib_create_topology:744] Can not init the module imglib_oem1
01-01 08:26:33.084 I/mm-camera(  790): <MCT   >< INFO> 133: server_process_module_init: CAMERA_DAEMON: init mods done
01-01 08:26:33.085 I/QCamera (  756): <MCI><INFO> sort_camera_info: 1675: Number of cameras 0 sorted 0
01-01 08:26:33.085 I/QCamera (  756): <MCI><INFO> get_num_of_cameras: 1835: num_cameras=0
01-01 08:26:33.085 I/QCamera (  756): <HAL><INFO> qcamera::QCamera2Factory::QCamera2Factory(): 118: 0 camera devices detected!
01-01 08:26:33.085 I/CameraService(  756): Loaded "QCamera Module" camera module
01-01 08:26:33.086 I/ServiceManager(  756): Waiting for service media.camera.proxy...
01-01 08:26:33.118 E/Minikin (  775): addFont failed to create font /system/fonts/NanumGothic.ttf
01-01 08:26:33.118 E/Minikin (  775): addFont failed to create font /system/fonts/DroidSansFallback.ttf
01-01 08:26:33.118 E/Minikin (  775): addFont failed to create font /system/fonts/MTLmr3m.ttf
01-01 08:26:33.119 E/Minikin (  776): addFont failed to create font /system/fonts/NanumGothic.ttf
01-01 08:26:33.119 E/Minikin (  776): addFont failed to create font /system/fonts/DroidSansFallback.ttf
01-01 08:26:33.119 E/Minikin (  776): addFont failed to create font /system/fonts/MTLmr3m.ttf
01-01 08:26:33.193 V/DngCreator_JNI(  775): DngCreator_nativeClassInit:
01-01 08:26:33.193 V/DngCreator_JNI(  776): DngCreator_nativeClassInit:
01-01 08:26:33.347 I/art     (  775): Thread[1,tid=775,Native,Thread*=0x7f824fba00,peer=0x12c4d100,"main"] recursive attempt to load library "/system/lib64/libmedia_jni.so"
01-01 08:26:33.347 D/MtpDeviceJNI(  775): register_android_mtp_MtpDevice
01-01 08:26:33.347 I/art     (  775): Thread[1,tid=775,Native,Thread*=0x7f824fba00,peer=0x12c4d100,"main"] recursive attempt to load library "/system/lib64/libmedia_jni.so"
01-01 08:26:33.347 I/art     (  775): Thread[1,tid=775,Native,Thread*=0x7f824fba00,peer=0x12c4d100,"main"] recursive attempt to load library "/system/lib64/libmedia_jni.so"
01-01 08:26:33.352 I/art     (  776): Thread[1,tid=776,Native,Thread*=0xf4e76500,peer=0x12c45100,"main"] recursive attempt to load library "/system/lib/libmedia_jni.so"
01-01 08:26:33.352 D/MtpDeviceJNI(  776): register_android_mtp_MtpDevice
01-01 08:26:33.352 I/art     (  776): Thread[1,tid=776,Native,Thread*=0xf4e76500,peer=0x12c45100,"main"] recursive attempt to load library "/system/lib/libmedia_jni.so"
01-01 08:26:33.353 I/art     (  776): Thread[1,tid=776,Native,Thread*=0xf4e76500,peer=0x12c45100,"main"] recursive attempt to load library "/system/lib/libmedia_jni.so"
01-01 08:26:33.387 E/EmojiFactory_jni(  776): Failed to load libemoji.so: dlopen failed: library "libemoji.so" not found
01-01 08:26:33.390 E/EmojiFactory_jni(  775): Failed to load libemoji.so: dlopen failed: library "libemoji.so" not found
01-01 08:26:33.425 E/slim_daemon(  824): [NDK] bindNDKSensors: Sensor server is unavailable.
01-01 08:26:33.549 I/System  (  775): Loaded time zone names for "" in 44ms (36ms in ICU)
01-01 08:26:33.553 I/System  (  776): Loaded time zone names for "" in 39ms (38ms in ICU)
01-01 08:26:33.556 V/NatController(  751): runCmd(/system/bin/iptables -w -F natctrl_FORWARD) res=0
01-01 08:26:33.568 I/System  (  775): Loaded time zone names for "en_US" in 19ms (18ms in ICU)
01-01 08:26:33.570 V/NatController(  751): runCmd(/system/bin/iptables -w -A natctrl_FORWARD -j DROP) res=0
01-01 08:26:33.581 V/NatController(  751): runCmd(/system/bin/iptables -w -t nat -F natctrl_nat_POSTROUTING) res=0
01-01 08:26:33.584 I/System  (  776): Loaded time zone names for "en_US" in 31ms (30ms in ICU)
01-01 08:26:33.590 I/Zygote  (  775): ...preloaded 3831 classes in 991ms.
01-01 08:26:33.590 I/art     (  775): VMRuntime.preloadDexCaches starting
01-01 08:26:33.598 V/NatController(  751): runCmd(/system/bin/iptables -w -F natctrl_tether_counters) res=1
01-01 08:26:33.600 I/Zygote  (  776): ...preloaded 3831 classes in 992ms.
01-01 08:26:33.600 I/art     (  776): VMRuntime.preloadDexCaches starting
01-01 08:26:33.618 V/NatController(  751): runCmd(/system/bin/iptables -w -X natctrl_tether_counters) res=1
01-01 08:26:33.634 V/NatController(  751): runCmd(/system/bin/iptables -w -N natctrl_tether_counters) res=0
01-01 08:26:33.646 V/NatController(  751): runCmd(/system/bin/iptables -w -t mangle -A natctrl_mangle_FORWARD -p tcp --tcp-flags SYN SYN -j TCPMSS --clamp-mss-to-pmtu) res=0
01-01 08:26:33.649 I/art     (  775): VMRuntime.preloadDexCaches strings total=251623 before=45629 after=45629
01-01 08:26:33.649 I/art     (  775): VMRuntime.preloadDexCaches types total=21127 before=7187 after=7219
01-01 08:26:33.649 I/art     (  775): VMRuntime.preloadDexCaches fields total=101099 before=36086 after=36308
01-01 08:26:33.649 I/art     (  775): VMRuntime.preloadDexCaches methods total=173575 before=71333 after=71872
01-01 08:26:33.649 I/art     (  775): VMRuntime.preloadDexCaches finished
01-01 08:26:33.655 I/art     (  776): VMRuntime.preloadDexCaches strings total=251623 before=45629 after=45629
01-01 08:26:33.655 I/art     (  776): VMRuntime.preloadDexCaches types total=21127 before=7187 after=7219
01-01 08:26:33.655 I/art     (  776): VMRuntime.preloadDexCaches fields total=101099 before=36086 after=36308
01-01 08:26:33.655 I/art     (  776): VMRuntime.preloadDexCaches methods total=173575 before=71333 after=71872
01-01 08:26:33.655 I/art     (  776): VMRuntime.preloadDexCaches finished
01-01 08:26:33.678 D/idmap   ( 1241): error: no read access to /vendor/overlay: No such file or directory
01-01 08:26:33.691 D/idmap   ( 1243): error: no read access to /vendor/overlay: No such file or directory
01-01 08:26:33.727 I/Zygote  (  776): Preloading resources...
01-01 08:26:33.727 I/Zygote  (  775): Preloading resources...
01-01 08:26:33.727 E/LocSvc_api_v02(  816): E/loc_sync_wait_for_ind:461]: slot 0, timed out for ind_id QMI_LOC_INJECT_APDONOTCACHE_DATA_REQ_V02
01-01 08:26:33.728 E/LocSvc_api_v02(  816): E/loc_sync_send_req:533]: loc_api_wait_for_ind failed, err -110, select id 0, status eLOC_CLIENT_FAILURE_TIMEOUT
01-01 08:26:33.728 E/LocSvc_IzatApiV02(  816): E/virtual int izat_core::IzatApiV02::injectApCacheBlacklist(APCacheBlacklistData):821]: Error : st = 6, ind.status = 0
01-01 08:26:33.728 E/LocSvc_IzatApiV02(  816): E/virtual int izat_core::IzatApiV02::injectApCacheBlacklist(APCacheBlacklistData):833]: inject AP Cache - blacklistto modem failed. 
01-01 08:26:33.728 E/LocSvc_api_v02(  816): I/---> locClientSendReq line 2029 QMI_LOC_INJECT_APDONOTCACHE_DATA_REQ_V02
01-01 08:26:33.741 W/Resources(  775): Preloaded drawable resource #0x1080096 (android:drawable/toast_frame) that varies with configuration!!
01-01 08:26:33.741 W/Resources(  776): Preloaded drawable resource #0x1080096 (android:drawable/toast_frame) that varies with configuration!!
01-01 08:26:33.742 W/Resources(  775): Preloaded drawable resource #0x108010c (android:drawable/btn_check_on_pressed_holo_light) that varies with configuration!!
01-01 08:26:33.742 W/Resources(  776): Preloaded drawable resource #0x108010c (android:drawable/btn_check_on_pressed_holo_light) that varies with configuration!!
01-01 08:26:33.743 W/Resources(  776): Preloaded drawable resource #0x108010b (android:drawable/btn_check_on_pressed_holo_dark) that varies with configuration!!
01-01 08:26:33.744 W/Resources(  775): Preloaded drawable resource #0x108010b (android:drawable/btn_check_on_pressed_holo_dark) that varies with configuration!!
01-01 08:26:33.744 W/Resources(  776): Preloaded drawable resource #0x1080109 (android:drawable/btn_check_on_holo_light) that varies with configuration!!
01-01 08:26:33.745 W/Resources(  775): Preloaded drawable resource #0x1080109 (android:drawable/btn_check_on_holo_light) that varies with configuration!!
01-01 08:26:33.745 W/Resources(  776): Preloaded drawable resource #0x1080108 (android:drawable/btn_check_on_holo_dark) that varies with configuration!!
01-01 08:26:33.746 W/Resources(  775): Preloaded drawable resource #0x1080108 (android:drawable/btn_check_on_holo_dark) that varies with configuration!!
01-01 08:26:33.746 W/Resources(  776): Preloaded drawable resource #0x1080106 (android:drawable/btn_check_on_focused_holo_light) that varies with configuration!!
01-01 08:26:33.746 W/Resources(  775): Preloaded drawable resource #0x1080106 (android:drawable/btn_check_on_focused_holo_light) that varies with configuration!!
01-01 08:26:33.747 W/Resources(  776): Preloaded drawable resource #0x1080105 (android:drawable/btn_check_on_focused_holo_dark) that varies with configuration!!
01-01 08:26:33.747 W/Resources(  775): Preloaded drawable resource #0x1080105 (android:drawable/btn_check_on_focused_holo_dark) that varies with configuration!!
01-01 08:26:33.747 W/Resources(  776): Preloaded drawable resource #0x1080104 (android:drawable/btn_check_on_disabled_holo_light) that varies with configuration!!
01-01 08:26:33.748 W/Resources(  776): Preloaded drawable resource #0x1080103 (android:drawable/btn_check_on_disabled_holo_dark) that varies with configuration!!
01-01 08:26:33.748 W/Resources(  775): Preloaded drawable resource #0x1080104 (android:drawable/btn_check_on_disabled_holo_light) that varies with configuration!!
01-01 08:26:33.748 W/Resources(  776): Preloaded drawable resource #0x1080102 (android:drawable/btn_check_on_disabled_focused_holo_light) that varies with configuration!!
01-01 08:26:33.749 W/Resources(  775): Preloaded drawable resource #0x1080103 (android:drawable/btn_check_on_disabled_holo_dark) that varies with configuration!!
01-01 08:26:33.749 W/Resources(  776): Preloaded drawable resource #0x1080101 (android:drawable/btn_check_on_disabled_focused_holo_dark) that varies with configuration!!
01-01 08:26:33.749 W/Resources(  775): Preloaded drawable resource #0x1080102 (android:drawable/btn_check_on_disabled_focused_holo_light) that varies with configuration!!
01-01 08:26:33.750 W/Resources(  776): Preloaded drawable resource #0x10800f9 (android:drawable/btn_check_off_pressed_holo_light) that varies with configuration!!
01-01 08:26:33.750 W/Resources(  776): Preloaded drawable resource #0x10800f8 (android:drawable/btn_check_off_pressed_holo_dark) that varies with configuration!!
01-01 08:26:33.751 W/Resources(  775): Preloaded drawable resource #0x1080101 (android:drawable/btn_check_on_disabled_focused_holo_dark) that varies with configuration!!
01-01 08:26:33.751 W/Resources(  776): Preloaded drawable resource #0x10800f4 (android:drawable/btn_check_off_holo_light) that varies with configuration!!
01-01 08:26:33.752 W/Resources(  775): Preloaded drawable resource #0x10800f9 (android:drawable/btn_check_off_pressed_holo_light) that varies with configuration!!
01-01 08:26:33.752 W/Resources(  776): Preloaded drawable resource #0x10800f3 (android:drawable/btn_check_off_holo_dark) that varies with configuration!!
01-01 08:26:33.752 W/Resources(  775): Preloaded drawable resource #0x10800f8 (android:drawable/btn_check_off_pressed_holo_dark) that varies with configuration!!
01-01 08:26:33.753 W/Resources(  776): Preloaded drawable resource #0x10800f1 (android:drawable/btn_check_off_focused_holo_light) that varies with configuration!!
01-01 08:26:33.753 W/Resources(  775): Preloaded drawable resource #0x10800f4 (android:drawable/btn_check_off_holo_light) that varies with configuration!!
01-01 08:26:33.753 W/Resources(  776): Preloaded drawable resource #0x10800f0 (android:drawable/btn_check_off_focused_holo_dark) that varies with configuration!!
01-01 08:26:33.754 W/Resources(  775): Preloaded drawable resource #0x10800f3 (android:drawable/btn_check_off_holo_dark) that varies with configuration!!
01-01 08:26:33.754 W/Resources(  776): Preloaded drawable resource #0x10800ef (android:drawable/btn_check_off_disabled_holo_light) that varies with configuration!!
01-01 08:26:33.754 W/Resources(  776): Preloaded drawable resource #0x10800ee (android:drawable/btn_check_off_disabled_holo_dark) that varies with configuration!!
01-01 08:26:33.754 W/Resources(  775): Preloaded drawable resource #0x10800f1 (android:drawable/btn_check_off_focused_holo_light) that varies with configuration!!
01-01 08:26:33.755 W/Resources(  775): Preloaded drawable resource #0x10800f0 (android:drawable/btn_check_off_focused_holo_dark) that varies with configuration!!
01-01 08:26:33.756 W/Resources(  775): Preloaded drawable resource #0x10800ef (android:drawable/btn_check_off_disabled_holo_light) that varies with configuration!!
01-01 08:26:33.756 W/Resources(  776): Preloaded drawable resource #0x10800ed (android:drawable/btn_check_off_disabled_focused_holo_light) that varies with configuration!!
01-01 08:26:33.756 W/Resources(  775): Preloaded drawable resource #0x10800ee (android:drawable/btn_check_off_disabled_holo_dark) that varies with configuration!!
01-01 08:26:33.756 W/Resources(  775): Preloaded drawable resource #0x10800ed (android:drawable/btn_check_off_disabled_focused_holo_light) that varies with configuration!!
01-01 08:26:33.757 W/Resources(  776): Preloaded drawable resource #0x10800ec (android:drawable/btn_check_off_disabled_focused_holo_dark) that varies with configuration!!
01-01 08:26:33.757 W/Resources(  775): Preloaded drawable resource #0x10800ec (android:drawable/btn_check_off_disabled_focused_holo_dark) that varies with configuration!!
01-01 08:26:33.757 W/Resources(  775): Preloaded drawable resource #0x1080109 (android:drawable/btn_check_on_holo_light) that varies with configuration!!
01-01 08:26:33.758 W/Resources(  776): Preloaded drawable resource #0x1080109 (android:drawable/btn_check_on_holo_light) that varies with configuration!!
01-01 08:26:33.758 W/Resources(  775): Preloaded drawable resource #0x10800f4 (android:drawable/btn_check_off_holo_light) that varies with configuration!!
01-01 08:26:33.758 W/Resources(  775): Preloaded drawable resource #0x108010c (android:drawable/btn_check_on_pressed_holo_light) that varies with configuration!!
01-01 08:26:33.758 W/Resources(  776): Preloaded drawable resource #0x10800f4 (android:drawable/btn_check_off_holo_light) that varies with configuration!!
01-01 08:26:33.759 W/Resources(  775): Preloaded drawable resource #0x10800f9 (android:drawable/btn_check_off_pressed_holo_light) that varies with configuration!!
01-01 08:26:33.759 W/Resources(  775): Preloaded drawable resource #0x1080106 (android:drawable/btn_check_on_focused_holo_light) that varies with configuration!!
01-01 08:26:33.759 W/Resources(  776): Preloaded drawable resource #0x108010c (android:drawable/btn_check_on_pressed_holo_light) that varies with configuration!!
01-01 08:26:33.759 W/Resources(  775): Preloaded drawable resource #0x10800f1 (android:drawable/btn_check_off_focused_holo_light) that varies with configuration!!
01-01 08:26:33.759 W/Resources(  775): Preloaded drawable resource #0x10800f4 (android:drawable/btn_check_off_holo_light) that varies with configuration!!
01-01 08:26:33.760 W/Resources(  776): Preloaded drawable resource #0x10800f9 (android:drawable/btn_check_off_pressed_holo_light) that varies with configuration!!
01-01 08:26:33.760 W/Resources(  775): Preloaded drawable resource #0x1080109 (android:drawable/btn_check_on_holo_light) that varies with configuration!!
01-01 08:26:33.760 W/Resources(  775): Preloaded drawable resource #0x1080104 (android:drawable/btn_check_on_disabled_holo_light) that varies with configuration!!
01-01 08:26:33.760 W/Resources(  775): Preloaded drawable resource #0x10800ef (android:drawable/btn_check_off_disabled_holo_light) that varies with configuration!!
01-01 08:26:33.760 W/Resources(  776): Preloaded drawable resource #0x1080106 (android:drawable/btn_check_on_focused_holo_light) that varies with configuration!!
01-01 08:26:33.761 W/Resources(  775): Preloaded drawable resource #0x1080102 (android:drawable/btn_check_on_disabled_focused_holo_light) that varies with configuration!!
01-01 08:26:33.761 W/Resources(  776): Preloaded drawable resource #0x10800f1 (android:drawable/btn_check_off_focused_holo_light) that varies with configuration!!
01-01 08:26:33.761 W/Resources(  775): Preloaded drawable resource #0x10800ed (android:drawable/btn_check_off_disabled_focused_holo_light) that varies with configuration!!
01-01 08:26:33.761 W/Resources(  775): Preloaded drawable resource #0x10800ef (android:drawable/btn_check_off_disabled_holo_light) that varies with configuration!!
01-01 08:26:33.762 W/Resources(  776): Preloaded drawable resource #0x10800f4 (android:drawable/btn_check_off_holo_light) that varies with configuration!!
01-01 08:26:33.762 W/Resources(  775): Preloaded drawable resource #0x1080104 (android:drawable/btn_check_on_disabled_holo_light) that varies with configuration!!
01-01 08:26:33.762 W/Resources(  775): Preloaded drawable resource #0x10800e2 (android:drawable/btn_check_holo_light) that varies with configuration!!
01-01 08:26:33.762 W/Resources(  776): Preloaded drawable resource #0x1080109 (android:drawable/btn_check_on_holo_light) that varies with configuration!!
01-01 08:26:33.763 W/Resources(  776): Preloaded drawable resource #0x1080104 (android:drawable/btn_check_on_disabled_holo_light) that varies with configuration!!
01-01 08:26:33.763 W/Resources(  775): Preloaded drawable resource #0x1080108 (android:drawable/btn_check_on_holo_dark) that varies with configuration!!
01-01 08:26:33.764 W/Resources(  776): Preloaded drawable resource #0x10800ef (android:drawable/btn_check_off_disabled_holo_light) that varies with configuration!!
01-01 08:26:33.764 W/Resources(  775): Preloaded drawable resource #0x10800f3 (android:drawable/btn_check_off_holo_dark) that varies with configuration!!
01-01 08:26:33.764 W/Resources(  775): Preloaded drawable resource #0x108010b (android:drawable/btn_check_on_pressed_holo_dark) that varies with configuration!!
01-01 08:26:33.764 W/Resources(  776): Preloaded drawable resource #0x1080102 (android:drawable/btn_check_on_disabled_focused_holo_light) that varies with configuration!!
01-01 08:26:33.765 W/Resources(  775): Preloaded drawable resource #0x10800f8 (android:drawable/btn_check_off_pressed_holo_dark) that varies with configuration!!
01-01 08:26:33.765 W/Resources(  776): Preloaded drawable resource #0x10800ed (android:drawable/btn_check_off_disabled_focused_holo_light) that varies with configuration!!
01-01 08:26:33.765 W/Resources(  775): Preloaded drawable resource #0x1080105 (android:drawable/btn_check_on_focused_holo_dark) that varies with configuration!!
01-01 08:26:33.765 W/Resources(  775): Preloaded drawable resource #0x10800f0 (android:drawable/btn_check_off_focused_holo_dark) that varies with configuration!!
01-01 08:26:33.766 W/Resources(  775): Preloaded drawable resource #0x10800f3 (android:drawable/btn_check_off_holo_dark) that varies with configuration!!
01-01 08:26:33.766 W/Resources(  775): Preloaded drawable resource #0x1080108 (android:drawable/btn_check_on_holo_dark) that varies with configuration!!
01-01 08:26:33.767 W/Resources(  775): Preloaded drawable resource #0x1080103 (android:drawable/btn_check_on_disabled_holo_dark) that varies with configuration!!
01-01 08:26:33.767 W/Resources(  776): Preloaded drawable resource #0x10800ef (android:drawable/btn_check_off_disabled_holo_light) that varies with configuration!!
01-01 08:26:33.767 W/Resources(  775): Preloaded drawable resource #0x10800ee (android:drawable/btn_check_off_disabled_holo_dark) that varies with configuration!!
01-01 08:26:33.767 W/Resources(  775): Preloaded drawable resource #0x1080101 (android:drawable/btn_check_on_disabled_focused_holo_dark) that varies with configuration!!
01-01 08:26:33.767 W/Resources(  775): Preloaded drawable resource #0x10800ec (android:drawable/btn_check_off_disabled_focused_holo_dark) that varies with configuration!!
01-01 08:26:33.768 W/Resources(  776): Preloaded drawable resource #0x1080104 (android:drawable/btn_check_on_disabled_holo_light) that varies with configuration!!
01-01 08:26:33.768 W/Resources(  775): Preloaded drawable resource #0x10800ee (android:drawable/btn_check_off_disabled_holo_dark) that varies with configuration!!
01-01 08:26:33.768 W/Resources(  776): Preloaded drawable resource #0x10800e2 (android:drawable/btn_check_holo_light) that varies with configuration!!
01-01 08:26:33.768 W/Resources(  775): Preloaded drawable resource #0x1080103 (android:drawable/btn_check_on_disabled_holo_dark) that varies with configuration!!
01-01 08:26:33.769 W/Resources(  775): Preloaded drawable resource #0x10800e1 (android:drawable/btn_check_holo_dark) that varies with configuration!!
01-01 08:26:33.771 W/Resources(  775): Preloaded drawable resource #0x108019d (android:drawable/btn_radio_on_pressed_holo_light) that varies with configuration!!
01-01 08:26:33.772 W/Resources(  775): Preloaded drawable resource #0x108019c (android:drawable/btn_radio_on_pressed_holo_dark) that varies with configuration!!
01-01 08:26:33.773 W/Resources(  776): Preloaded drawable resource #0x1080108 (android:drawable/btn_check_on_holo_dark) that varies with configuration!!
01-01 08:26:33.773 W/Resources(  776): Preloaded drawable resource #0x10800f3 (android:drawable/btn_check_off_holo_dark) that varies with configuration!!
01-01 08:26:33.774 W/Resources(  776): Preloaded drawable resource #0x108010b (android:drawable/btn_check_on_pressed_holo_dark) that varies with configuration!!
01-01 08:26:33.774 W/Resources(  776): Preloaded drawable resource #0x10800f8 (android:drawable/btn_check_off_pressed_holo_dark) that varies with configuration!!
01-01 08:26:33.774 W/Resources(  776): Preloaded drawable resource #0x1080105 (android:drawable/btn_check_on_focused_holo_dark) that varies with configuration!!
01-01 08:26:33.775 W/Resources(  776): Preloaded drawable resource #0x10800f0 (android:drawable/btn_check_off_focused_holo_dark) that varies with configuration!!
01-01 08:26:33.775 W/Resources(  775): Preloaded drawable resource #0x1080199 (android:drawable/btn_radio_on_holo_light) that varies with configuration!!
01-01 08:26:33.776 W/Resources(  776): Preloaded drawable resource #0x10800f3 (android:drawable/btn_check_off_holo_dark) that varies with configuration!!
01-01 08:26:33.776 W/Resources(  775): Preloaded drawable resource #0x1080198 (android:drawable/btn_radio_on_holo_dark) that varies with configuration!!
01-01 08:26:33.776 W/Resources(  776): Preloaded drawable resource #0x1080108 (android:drawable/btn_check_on_holo_dark) that varies with configuration!!
01-01 08:26:33.776 W/Resources(  776): Preloaded drawable resource #0x1080103 (android:drawable/btn_check_on_disabled_holo_dark) that varies with configuration!!
01-01 08:26:33.777 W/Resources(  776): Preloaded drawable resource #0x10800ee (android:drawable/btn_check_off_disabled_holo_dark) that varies with configuration!!
01-01 08:26:33.777 W/Resources(  776): Preloaded drawable resource #0x1080101 (android:drawable/btn_check_on_disabled_focused_holo_dark) that varies with configuration!!
01-01 08:26:33.778 W/Resources(  776): Preloaded drawable resource #0x10800ec (android:drawable/btn_check_off_disabled_focused_holo_dark) that varies with configuration!!
01-01 08:26:33.778 W/Resources(  775): Preloaded drawable resource #0x1080196 (android:drawable/btn_radio_on_focused_holo_light) that varies with configuration!!
01-01 08:26:33.778 W/Resources(  776): Preloaded drawable resource #0x10800ee (android:drawable/btn_check_off_disabled_holo_dark) that varies with configuration!!
01-01 08:26:33.778 W/Resources(  776): Preloaded drawable resource #0x1080103 (android:drawable/btn_check_on_disabled_holo_dark) that varies with configuration!!
01-01 08:26:33.778 W/Resources(  776): Preloaded drawable resource #0x10800e1 (android:drawable/btn_check_holo_dark) that varies with configuration!!
01-01 08:26:33.778 W/Resources(  775): Preloaded drawable resource #0x1080195 (android:drawable/btn_radio_on_focused_holo_dark) that varies with configuration!!
01-01 08:26:33.779 W/Resources(  776): Preloaded drawable resource #0x108019d (android:drawable/btn_radio_on_pressed_holo_light) that varies with configuration!!
01-01 08:26:33.779 W/Resources(  775): Preloaded drawable resource #0x1080194 (android:drawable/btn_radio_on_disabled_holo_light) that varies with configuration!!
01-01 08:26:33.779 W/Resources(  776): Preloaded drawable resource #0x108019c (android:drawable/btn_radio_on_pressed_holo_dark) that varies with configuration!!
01-01 08:26:33.780 W/Resources(  776): Preloaded drawable resource #0x1080199 (android:drawable/btn_radio_on_holo_light) that varies with configuration!!
01-01 08:26:33.780 W/Resources(  775): Preloaded drawable resource #0x1080193 (android:drawable/btn_radio_on_disabled_holo_dark) that varies with configuration!!
01-01 08:26:33.780 W/Resources(  776): Preloaded drawable resource #0x1080198 (android:drawable/btn_radio_on_holo_dark) that varies with configuration!!
01-01 08:26:33.780 W/Resources(  775): Preloaded drawable resource #0x1080192 (android:drawable/btn_radio_on_disabled_focused_holo_light) that varies with configuration!!
01-01 08:26:33.780 W/Resources(  776): Preloaded drawable resource #0x1080196 (android:drawable/btn_radio_on_focused_holo_light) that varies with configuration!!
01-01 08:26:33.781 W/Resources(  776): Preloaded drawable resource #0x1080195 (android:drawable/btn_radio_on_focused_holo_dark) that varies with configuration!!
01-01 08:26:33.781 W/Resources(  775): Preloaded drawable resource #0x1080191 (android:drawable/btn_radio_on_disabled_focused_holo_dark) that varies with configuration!!
01-01 08:26:33.781 W/Resources(  776): Preloaded drawable resource #0x1080194 (android:drawable/btn_radio_on_disabled_holo_light) that varies with configuration!!
01-01 08:26:33.782 W/Resources(  776): Preloaded drawable resource #0x1080193 (android:drawable/btn_radio_on_disabled_holo_dark) that varies with configuration!!
01-01 08:26:33.782 W/Resources(  776): Preloaded drawable resource #0x1080192 (android:drawable/btn_radio_on_disabled_focused_holo_light) that varies with configuration!!
01-01 08:26:33.782 W/Resources(  775): Preloaded drawable resource #0x108018e (android:drawable/btn_radio_off_pressed_holo_light) that varies with configuration!!
01-01 08:26:33.782 W/Resources(  776): Preloaded drawable resource #0x1080191 (android:drawable/btn_radio_on_disabled_focused_holo_dark) that varies with configuration!!
01-01 08:26:33.783 W/Resources(  776): Preloaded drawable resource #0x108018e (android:drawable/btn_radio_off_pressed_holo_light) that varies with configuration!!
01-01 08:26:33.783 W/Resources(  775): Preloaded drawable resource #0x108018d (android:drawable/btn_radio_off_pressed_holo_dark) that varies with configuration!!
