01-01 08:26:38.386 E/audio_route(  756): Control 'SLIM RX5 MUX' doesn't exist - skipping
01-01 08:26:38.386 E/audio_route(  756): Control 'SLIM RX6 MUX' doesn't exist - skipping
01-01 08:26:38.386 E/audio_route(  756): Control 'SLIM_6_RX Channels' doesn't exist - skipping
01-01 08:26:38.386 E/audio_route(  756): Control 'RX INT1_2 MUX' doesn't exist - skipping
01-01 08:26:38.386 E/audio_route(  756): Control 'RX INT2_2 MUX' doesn't exist - skipping
01-01 08:26:38.386 E/audio_route(  756): Control 'RX INT1 DEM MUX' doesn't exist - skipping
01-01 08:26:38.386 E/audio_route(  756): Control 'RX INT2 DEM MUX' doesn't exist - skipping
01-01 08:26:38.386 E/audio_route(  756): Control 'SLIM RX3 MUX' doesn't exist - skipping
01-01 08:26:38.386 E/audio_route(  756): Control 'SLIM RX4 MUX' doesn't exist - skipping
01-01 08:26:38.386 E/audio_route(  756): Control 'SLIM_5_RX Channels' doesn't exist - skipping
01-01 08:26:38.386 E/audio_route(  756): Control 'SLIM_5_RX SampleRate' doesn't exist - skipping
01-01 08:26:38.386 E/audio_route(  756): Control 'RX INT1_1 MIX1 INP0' doesn't exist - skipping
01-01 08:26:38.386 E/audio_route(  756): Control 'RX INT2_1 MIX1 INP1' doesn't exist - skipping
01-01 08:26:38.386 E/audio_route(  756): Control 'RX INT1 DEM MUX' doesn't exist - skipping
01-01 08:26:38.386 E/audio_route(  756): Control 'RX INT2 DEM MUX' doesn't exist - skipping
01-01 08:26:38.386 E/audio_route(  756): Control 'SPL SRC0 MUX' doesn't exist - skipping
01-01 08:26:38.386 E/audio_route(  756): Control 'SPL SRC1 MUX' doesn't exist - skipping
01-01 08:26:38.386 E/audio_route(  756): Control 'RX INT1 SPLINE MIX HPHL Switch' doesn't exist - skipping
01-01 08:26:38.386 E/audio_route(  756): Control 'RX INT2 SPLINE MIX HPHR Switch' doesn't exist - skipping
01-01 08:26:38.386 E/audio_route(  756): Control 'ADC2 Volume' doesn't exist - skipping
01-01 08:26:38.387 E/audio_route(  756): Control 'ADC2 Volume' doesn't exist - skipping
01-01 08:26:38.387 E/audio_route(  756): Control 'ADC2 Volume' doesn't exist - skipping
01-01 08:26:38.387 E/audio_route(  756): Control 'COMP1 Switch' doesn't exist - skipping
01-01 08:26:38.387 E/audio_route(  756): Control 'COMP2 Switch' doesn't exist - skipping
01-01 08:26:38.387 E/audio_route(  756): Control 'ANC Function' doesn't exist - skipping
01-01 08:26:38.387 E/audio_route(  756): Control 'ANC Slot' doesn't exist - skipping
01-01 08:26:38.387 E/audio_route(  756): Control 'ADC MUX10' doesn't exist - skipping
01-01 08:26:38.387 E/audio_route(  756): Control 'AMIC MUX10' doesn't exist - skipping
01-01 08:26:38.387 E/audio_route(  756): Control 'ADC MUX12' doesn't exist - skipping
01-01 08:26:38.387 E/audio_route(  756): Control 'AMIC MUX12' doesn't exist - skipping
01-01 08:26:38.387 E/audio_route(  756): Control 'ANC0 FB MUX' doesn't exist - skipping
01-01 08:26:38.387 E/audio_route(  756): Control 'ANC1 FB MUX' doesn't exist - skipping
01-01 08:26:38.387 E/audio_route(  756): Control 'ADC3 Volume' doesn't exist - skipping
01-01 08:26:38.387 E/audio_route(  756): Control 'ADC4 Volume' doesn't exist - skipping
01-01 08:26:38.387 E/audio_route(  756): Control 'SLIM RX5 MUX' doesn't exist - skipping
01-01 08:26:38.387 E/audio_route(  756): Control 'SLIM RX6 MUX' doesn't exist - skipping
01-01 08:26:38.387 E/audio_route(  756): Control 'SLIM_6_RX Channels' doesn't exist - skipping
01-01 08:26:38.387 E/audio_route(  756): Control 'RX INT1_1 MIX1 INP0' doesn't exist - skipping
01-01 08:26:38.387 E/audio_route(  756): Control 'RX INT2_1 MIX1 INP0' doesn't exist - skipping
01-01 08:26:38.387 E/audio_route(  756): Control 'RX INT1 DEM MUX' doesn't exist - skipping
01-01 08:26:38.387 E/audio_route(  756): Control 'RX INT2 DEM MUX' doesn't exist - skipping
01-01 08:26:38.387 E/audio_route(  756): Control 'RX1 Digital Volume' doesn't exist - skipping
01-01 08:26:38.387 E/audio_route(  756): Control 'RX2 Digital Volume' doesn't exist - skipping
01-01 08:26:38.387 E/audio_route(  756): Control 'ANC HPHL Enable Switch' doesn't exist - skipping
01-01 08:26:38.387 E/audio_route(  756): Control 'ANC HPHR Enable Switch' doesn't exist - skipping
01-01 08:26:38.387 E/audio_route(  756): Control 'HPHL Volume' doesn't exist - skipping
01-01 08:26:38.387 E/audio_route(  756): Control 'HPHR Volume' doesn't exist - skipping
01-01 08:26:38.388 E/audio_route(  756): Control 'ANC Slot' doesn't exist - skipping
01-01 08:26:38.388 E/audio_route(  756): Control 'COMP1 Switch' doesn't exist - skipping
01-01 08:26:38.388 E/audio_route(  756): Control 'COMP2 Switch' doesn't exist - skipping
01-01 08:26:38.388 E/audio_route(  756): Control 'ANC Function' doesn't exist - skipping
01-01 08:26:38.388 E/audio_route(  756): Control 'ANC Slot' doesn't exist - skipping
01-01 08:26:38.388 E/audio_route(  756): Control 'ADC MUX10' doesn't exist - skipping
01-01 08:26:38.388 E/audio_route(  756): Control 'AMIC MUX10' doesn't exist - skipping
01-01 08:26:38.388 E/audio_route(  756): Control 'ADC MUX12' doesn't exist - skipping
01-01 08:26:38.388 E/audio_route(  756): Control 'AMIC MUX12' doesn't exist - skipping
01-01 08:26:38.388 E/audio_route(  756): Control 'ANC0 FB MUX' doesn't exist - skipping
01-01 08:26:38.388 E/audio_route(  756): Control 'ANC1 FB MUX' doesn't exist - skipping
01-01 08:26:38.388 E/audio_route(  756): Control 'ADC3 Volume' doesn't exist - skipping
01-01 08:26:38.388 E/audio_route(  756): Control 'ADC4 Volume' doesn't exist - skipping
01-01 08:26:38.388 E/audio_route(  756): Control 'SLIM RX5 MUX' doesn't exist - skipping
01-01 08:26:38.388 E/audio_route(  756): Control 'SLIM RX6 MUX' doesn't exist - skipping
01-01 08:26:38.388 E/audio_route(  756): Control 'SLIM_6_RX Channels' doesn't exist - skipping
01-01 08:26:38.388 E/audio_route(  756): Control 'RX INT1_1 MIX1 INP0' doesn't exist - skipping
01-01 08:26:38.388 E/audio_route(  756): Control 'RX INT2_1 MIX1 INP0' doesn't exist - skipping
01-01 08:26:38.388 E/audio_route(  756): Control 'IIR0 Enable Band1' doesn't exist - skipping
01-01 08:26:38.388 E/audio_route(  756): Control 'IIR0 Enable Band2' doesn't exist - skipping
01-01 08:26:38.388 E/audio_route(  756): Control 'IIR0 Enable Band3' doesn't exist - skipping
01-01 08:26:38.388 E/audio_route(  756): Control 'IIR0 Enable Band4' doesn't exist - skipping
01-01 08:26:38.388 E/audio_route(  756): Control 'IIR0 Enable Band5' doesn't exist - skipping
01-01 08:26:38.388 E/audio_route(  756): Control 'IIR0 INP0 Volume' doesn't exist - skipping
01-01 08:26:38.388 E/audio_route(  756): Control 'RX INT1 DEM MUX' doesn't exist - skipping
01-01 08:26:38.388 E/audio_route(  756): Control 'RX INT2 DEM MUX' doesn't exist - skipping
01-01 08:26:38.388 E/audio_route(  756): Control 'RX1 Digital Volume' doesn't exist - skipping
01-01 08:26:38.388 E/audio_route(  756): Control 'RX2 Digital Volume' doesn't exist - skipping
01-01 08:26:38.388 E/audio_route(  756): Control 'ANC HPHL Enable Switch' doesn't exist - skipping
01-01 08:26:38.388 E/audio_route(  756): Control 'ANC HPHR Enable Switch' doesn't exist - skipping
01-01 08:26:38.389 E/audio_route(  756): Control 'HPHL Volume' doesn't exist - skipping
01-01 08:26:38.389 E/audio_route(  756): Control 'HPHR Volume' doesn't exist - skipping
01-01 08:26:38.389 E/audio_route(  756): Control 'COMP1 Switch' doesn't exist - skipping
01-01 08:26:38.389 E/audio_route(  756): Control 'COMP2 Switch' doesn't exist - skipping
01-01 08:26:38.389 E/audio_route(  756): Control 'ANC Function' doesn't exist - skipping
01-01 08:26:38.389 E/audio_route(  756): Control 'ANC Slot' doesn't exist - skipping
01-01 08:26:38.389 E/audio_route(  756): Control 'ADC MUX10' doesn't exist - skipping
01-01 08:26:38.389 E/audio_route(  756): Control 'AMIC MUX10' doesn't exist - skipping
01-01 08:26:38.389 E/audio_route(  756): Control 'ADC MUX12' doesn't exist - skipping
01-01 08:26:38.389 E/audio_route(  756): Control 'AMIC MUX12' doesn't exist - skipping
01-01 08:26:38.389 E/audio_route(  756): Control 'ANC0 FB MUX' doesn't exist - skipping
01-01 08:26:38.389 E/audio_route(  756): Control 'ANC1 FB MUX' doesn't exist - skipping
01-01 08:26:38.389 E/audio_route(  756): Control 'ADC3 Volume' doesn't exist - skipping
01-01 08:26:38.389 E/audio_route(  756): Control 'ADC4 Volume' doesn't exist - skipping
01-01 08:26:38.389 E/audio_route(  756): Control 'SLIM RX5 MUX' doesn't exist - skipping
01-01 08:26:38.389 E/audio_route(  756): Control 'SLIM RX6 MUX' doesn't exist - skipping
01-01 08:26:38.389 E/audio_route(  756): Control 'SLIM_6_RX Channels' doesn't exist - skipping
01-01 08:26:38.389 E/audio_route(  756): Control 'RX INT1_1 MIX1 INP0' doesn't exist - skipping
01-01 08:26:38.389 E/audio_route(  756): Control 'RX INT2_1 MIX1 INP0' doesn't exist - skipping
01-01 08:26:38.389 E/audio_route(  756): Control 'IIR0 Enable Band1' doesn't exist - skipping
01-01 08:26:38.389 E/audio_route(  756): Control 'IIR0 Enable Band2' doesn't exist - skipping
01-01 08:26:38.389 E/audio_route(  756): Control 'IIR0 Enable Band3' doesn't exist - skipping
01-01 08:26:38.389 E/audio_route(  756): Control 'IIR0 Enable Band4' doesn't exist - skipping
01-01 08:26:38.389 E/audio_route(  756): Control 'IIR0 Enable Band5' doesn't exist - skipping
01-01 08:26:38.389 E/audio_route(  756): Control 'IIR0 INP0 Volume' doesn't exist - skipping
01-01 08:26:38.389 E/audio_route(  756): Control 'RX INT1 DEM MUX' doesn't exist - skipping
01-01 08:26:38.389 E/audio_route(  756): Control 'RX INT2 DEM MUX' doesn't exist - skipping
01-01 08:26:38.389 E/audio_route(  756): Control 'RX1 Digital Volume' doesn't exist - skipping
01-01 08:26:38.389 E/audio_route(  756): Control 'RX2 Digital Volume' doesn't exist - skipping
01-01 08:26:38.389 E/audio_route(  756): Control 'ANC HPHL Enable Switch' doesn't exist - skipping
01-01 08:26:38.389 E/audio_route(  756): Control 'ANC HPHR Enable Switch' doesn't exist - skipping
01-01 08:26:38.389 E/audio_route(  756): Control 'HPHL Volume' doesn't exist - skipping
01-01 08:26:38.390 E/audio_route(  756): Control 'HPHR Volume' doesn't exist - skipping
01-01 08:26:38.390 E/audio_route(  756): Control 'AIF1_CAP Mixer SLIM TX6' doesn't exist - skipping
01-01 08:26:38.390 E/audio_route(  756): Control 'AIF1_CAP Mixer SLIM TX8' doesn't exist - skipping
01-01 08:26:38.390 E/audio_route(  756): Control 'AIF1_CAP Mixer SLIM TX9' doesn't exist - skipping
01-01 08:26:38.390 E/audio_route(  756): Control 'SLIM_0_TX Channels' doesn't exist - skipping
01-01 08:26:38.390 E/audio_route(  756): Control 'SLIM TX6 MUX' doesn't exist - skipping
01-01 08:26:38.390 E/audio_route(  756): Control 'ADC MUX6' doesn't exist - skipping
01-01 08:26:38.390 E/audio_route(  756): Control 'DMIC MUX6' doesn't exist - skipping
01-01 08:26:38.390 E/audio_route(  756): Control 'SLIM TX8 MUX' doesn't exist - skipping
01-01 08:26:38.390 E/audio_route(  756): Control 'ADC MUX8' doesn't exist - skipping
01-01 08:26:38.390 E/audio_route(  756): Control 'DMIC MUX8' doesn't exist - skipping
01-01 08:26:38.390 E/audio_route(  756): Control 'SLIM TX9 MUX' doesn't exist - skipping
01-01 08:26:38.390 E/audio_route(  756): Control 'ADC MUX7' doesn't exist - skipping
01-01 08:26:38.390 E/audio_route(  756): Control 'DMIC MUX7' doesn't exist - skipping
01-01 08:26:38.390 E/audio_route(  756): Control 'IIR0 INP0 MUX' doesn't exist - skipping
01-01 08:26:38.390 E/audio_route(  756): Control 'AIF1_CAP Mixer SLIM TX7' doesn't exist - skipping
01-01 08:26:38.390 E/audio_route(  756): Control 'AIF1_CAP Mixer SLIM TX8' doesn't exist - skipping
01-01 08:26:38.390 E/audio_route(  756): Control 'SLIM TX7 MUX' doesn't exist - skipping
01-01 08:26:38.390 E/audio_route(  756): Control 'ADC MUX7' doesn't exist - skipping
01-01 08:26:38.390 E/audio_route(  756): Control 'DMIC MUX7' doesn't exist - skipping
01-01 08:26:38.390 E/audio_route(  756): Control 'SLIM TX8 MUX' doesn't exist - skipping
01-01 08:26:38.390 E/audio_route(  756): Control 'ADC MUX8' doesn't exist - skipping
01-01 08:26:38.390 E/audio_route(  756): Control 'DMIC MUX8' doesn't exist - skipping
01-01 08:26:38.390 E/audio_route(  756): Control 'SLIM_0_TX Channels' doesn't exist - skipping
01-01 08:26:38.390 E/audio_route(  756): Control 'AIF1_CAP Mixer SLIM TX7' doesn't exist - skipping
01-01 08:26:38.390 E/audio_route(  756): Control 'AIF1_CAP Mixer SLIM TX8' doesn't exist - skipping
01-01 08:26:38.390 E/audio_route(  756): Control 'SLIM TX7 MUX' doesn't exist - skipping
01-01 08:26:38.391 E/audio_route(  756): Control 'ADC MUX7' doesn't exist - skipping
01-01 08:26:38.391 E/audio_route(  756): Control 'DMIC MUX7' doesn't exist - skipping
01-01 08:26:38.391 E/audio_route(  756): Control 'SLIM TX8 MUX' doesn't exist - skipping
01-01 08:26:38.391 E/audio_route(  756): Control 'ADC MUX8' doesn't exist - skipping
01-01 08:26:38.391 E/audio_route(  756): Control 'DMIC MUX8' doesn't exist - skipping
01-01 08:26:38.391 E/audio_route(  756): Control 'SLIM_0_TX Channels' doesn't exist - skipping
01-01 08:26:38.391 E/audio_route(  756): Control 'IIR0 INP0 MUX' doesn't exist - skipping
01-01 08:26:38.391 E/audio_route(  756): Control 'IIR0 INP0 MUX' doesn't exist - skipping
01-01 08:26:38.391 E/audio_route(  756): Control 'AIF1_CAP Mixer SLIM TX7' doesn't exist - skipping
01-01 08:26:38.391 E/audio_route(  756): Control 'AIF1_CAP Mixer SLIM TX8' doesn't exist - skipping
01-01 08:26:38.391 E/audio_route(  756): Control 'SLIM_0_TX Channels' doesn't exist - skipping
01-01 08:26:38.391 E/audio_route(  756): Control 'SLIM TX7 MUX' doesn't exist - skipping
01-01 08:26:38.391 E/audio_route(  756): Control 'ADC MUX7' doesn't exist - skipping
01-01 08:26:38.391 E/audio_route(  756): Control 'DMIC MUX7' doesn't exist - skipping
01-01 08:26:38.391 E/audio_route(  756): Control 'SLIM TX8 MUX' doesn't exist - skipping
01-01 08:26:38.391 E/audio_route(  756): Control 'ADC MUX8' doesn't exist - skipping
01-01 08:26:38.391 E/audio_route(  756): Control 'DMIC MUX8' doesn't exist - skipping
01-01 08:26:38.391 E/audio_route(  756): Control 'IIR0 INP0 MUX' doesn't exist - skipping
01-01 08:26:38.391 E/audio_route(  756): Control 'AIF1_CAP Mixer SLIM TX5' doesn't exist - skipping
01-01 08:26:38.391 E/audio_route(  756): Control 'AIF1_CAP Mixer SLIM TX6' doesn't exist - skipping
01-01 08:26:38.391 E/audio_route(  756): Control 'AIF1_CAP Mixer SLIM TX7' doesn't exist - skipping
01-01 08:26:38.391 E/audio_route(  756): Control 'AIF1_CAP Mixer SLIM TX8' doesn't exist - skipping
01-01 08:26:38.391 E/audio_route(  756): Control 'SLIM_0_TX Channels' doesn't exist - skipping
01-01 08:26:38.391 E/audio_route(  756): Control 'SLIM TX5 MUX' doesn't exist - skipping
01-01 08:26:38.392 E/audio_route(  756): Control 'ADC MUX5' doesn't exist - skipping
01-01 08:26:38.392 E/audio_route(  756): Control 'DMIC MUX5' doesn't exist - skipping
01-01 08:26:38.392 E/audio_route(  756): Control 'SLIM TX6 MUX' doesn't exist - skipping
01-01 08:26:38.392 E/audio_route(  756): Control 'ADC MUX6' doesn't exist - skipping
01-01 08:26:38.392 E/audio_route(  756): Control 'DMIC MUX6' doesn't exist - skipping
01-01 08:26:38.392 E/audio_route(  756): Control 'SLIM TX7 MUX' doesn't exist - skipping
01-01 08:26:38.392 E/audio_route(  756): Control 'ADC MUX7' doesn't exist - skipping
01-01 08:26:38.392 E/audio_route(  756): Control 'DMIC MUX7' doesn't exist - skipping
01-01 08:26:38.392 E/audio_route(  756): Control 'SLIM TX8 MUX' doesn't exist - skipping
01-01 08:26:38.392 E/audio_route(  756): Control 'ADC MUX8' doesn't exist - skipping
01-01 08:26:38.392 E/audio_route(  756): Control 'DMIC MUX8' doesn't exist - skipping
01-01 08:26:38.392 E/audio_route(  756): Control 'AIF1_CAP Mixer SLIM TX5' doesn't exist - skipping
01-01 08:26:38.392 E/audio_route(  756): Control 'AIF1_CAP Mixer SLIM TX6' doesn't exist - skipping
01-01 08:26:38.392 E/audio_route(  756): Control 'AIF1_CAP Mixer SLIM TX7' doesn't exist - skipping
01-01 08:26:38.392 E/audio_route(  756): Control 'AIF1_CAP Mixer SLIM TX8' doesn't exist - skipping
01-01 08:26:38.392 E/audio_route(  756): Control 'SLIM_0_TX Channels' doesn't exist - skipping
01-01 08:26:38.392 E/audio_route(  756): Control 'SLIM TX5 MUX' doesn't exist - skipping
01-01 08:26:38.392 E/audio_route(  756): Control 'ADC MUX5' doesn't exist - skipping
01-01 08:26:38.392 E/audio_route(  756): Control 'DMIC MUX5' doesn't exist - skipping
01-01 08:26:38.392 E/audio_route(  756): Control 'SLIM TX6 MUX' doesn't exist - skipping
01-01 08:26:38.392 E/audio_route(  756): Control 'ADC MUX6' doesn't exist - skipping
01-01 08:26:38.392 E/audio_route(  756): Control 'DMIC MUX6' doesn't exist - skipping
01-01 08:26:38.392 E/audio_route(  756): Control 'SLIM TX7 MUX' doesn't exist - skipping
01-01 08:26:38.392 E/audio_route(  756): Control 'ADC MUX7' doesn't exist - skipping
01-01 08:26:38.392 E/audio_route(  756): Control 'DMIC MUX7' doesn't exist - skipping
01-01 08:26:38.392 E/audio_route(  756): Control 'SLIM TX8 MUX' doesn't exist - skipping
01-01 08:26:38.392 E/audio_route(  756): Control 'ADC MUX8' doesn't exist - skipping
01-01 08:26:38.392 E/audio_route(  756): Control 'AMIC MUX8' doesn't exist - skipping
01-01 08:26:38.392 E/audio_route(  756): Control 'SLIM RX5 MUX' doesn't exist - skipping
01-01 08:26:38.393 E/audio_route(  756): Control 'SLIM_6_RX Channels' doesn't exist - skipping
01-01 08:26:38.393 E/audio_route(  756): Control 'RX INT1_1 MIX1 INP0' doesn't exist - skipping
01-01 08:26:38.393 E/audio_route(  756): Control 'RX INT1 DEM MUX' doesn't exist - skipping
01-01 08:26:38.393 E/audio_route(  756): Control 'ADC2 Volume' doesn't exist - skipping
01-01 08:26:38.393 E/audio_route(  756): Control 'MADONOFF Switch' doesn't exist - skipping
01-01 08:26:38.393 E/audio_route(  756): Control 'MAD Input' doesn't exist - skipping
01-01 08:26:38.395 D/msm8974_platform(  756): platform_init: Opened sound card:0
01-01 08:26:38.395 D/audio_hw_extn(  756): audio_extn_can_use_vbat: vbat.enabled property is set to 0
01-01 08:26:38.412 D/ACDB-LOADER(  756): ACDB -> No .acdb files found in /etc/acdbdata!
01-01 08:26:38.412 D/ACDB-LOADER(  756): ACDB -> found 0 form factor & soundcard independant files
01-01 08:26:38.413 D/ACDB-LOADER(  756): ACDB -> Load file: /etc/acdbdata/MTP/MTP_Bluetooth_cal.acdb
01-01 08:26:38.413 D/ACDB-LOADER(  756): ACDB -> Load file: /etc/acdbdata/MTP/MTP_General_cal.acdb
01-01 08:26:38.413 D/ACDB-LOADER(  756): ACDB -> Load file: /etc/acdbdata/MTP/MTP_Global_cal.acdb
01-01 08:26:38.413 D/ACDB-LOADER(  756): ACDB -> Load file: /etc/acdbdata/MTP/MTP_Handset_cal.acdb
01-01 08:26:38.413 D/ACDB-LOADER(  756): ACDB -> Load file: /etc/acdbdata/MTP/MTP_Hdmi_cal.acdb
01-01 08:26:38.413 D/ACDB-LOADER(  756): ACDB -> Load file: /etc/acdbdata/MTP/MTP_Headset_cal.acdb
01-01 08:26:38.413 D/ACDB-LOADER(  756): ACDB -> Load file: /etc/acdbdata/MTP/MTP_Speaker_cal.acdb
01-01 08:26:38.413 D/ACDB-LOADER(  756): ACDB -> ACDB_CMD_INITIALIZE_V2
01-01 08:26:38.415 D/        (  756): [ACDB Command]->SW Minor/Major/Revision version info for /etc/acdbdata/MTP/MTP_Bluetooth_cal.acdb
01-01 08:26:38.415 D/        (  756): [ACDB Command]->ACDB Sw Major = 8, ACDB Sw Minor = 0, ACDB Sw Revision = 1, ACDB Sw Cpl Number = 0
01-01 08:26:38.415 D/        (  756): [ACDB Command]->ACDB File Major = 7, ACDB File Minor = 0, ACDB File Revision = 5
01-01 08:26:38.418 D/        (  756): [ACDB Command]->SW Minor/Major/Revision version info for /etc/acdbdata/MTP/MTP_General_cal.acdb
01-01 08:26:38.418 D/        (  756): [ACDB Command]->ACDB Sw Major = 8, ACDB Sw Minor = 0, ACDB Sw Revision = 1, ACDB Sw Cpl Number = 0
01-01 08:26:38.418 D/        (  756): [ACDB Command]->ACDB File Major = 7, ACDB File Minor = 0, ACDB File Revision = 5
01-01 08:26:38.419 D/        (  756): [ACDB Command]->SW Minor/Major/Revision version info for /etc/acdbdata/MTP/MTP_Global_cal.acdb
01-01 08:26:38.419 D/        (  756): [ACDB Command]->ACDB Sw Major = 8, ACDB Sw Minor = 0, ACDB Sw Revision = 1, ACDB Sw Cpl Number = 0
01-01 08:26:38.419 D/        (  756): [ACDB Command]->ACDB File Major = 7, ACDB File Minor = 0, ACDB File Revision = 5
01-01 08:26:38.423 D/        (  756): [ACDB Command]->SW Minor/Major/Revision version info for /etc/acdbdata/MTP/MTP_Handset_cal.acdb
01-01 08:26:38.423 D/        (  756): [ACDB Command]->ACDB Sw Major = 8, ACDB Sw Minor = 0, ACDB Sw Revision = 1, ACDB Sw Cpl Number = 0
01-01 08:26:38.423 D/        (  756): [ACDB Command]->ACDB File Major = 7, ACDB File Minor = 0, ACDB File Revision = 5
01-01 08:26:38.424 D/        (  756): [ACDB Command]->SW Minor/Major/Revision version info for /etc/acdbdata/MTP/MTP_Hdmi_cal.acdb
01-01 08:26:38.424 D/        (  756): [ACDB Command]->ACDB Sw Major = 8, ACDB Sw Minor = 0, ACDB Sw Revision = 1, ACDB Sw Cpl Number = 0
01-01 08:26:38.424 D/        (  756): [ACDB Command]->ACDB File Major = 7, ACDB File Minor = 0, ACDB File Revision = 5
01-01 08:26:38.427 D/        (  756): [ACDB Command]->SW Minor/Major/Revision version info for /etc/acdbdata/MTP/MTP_Headset_cal.acdb
01-01 08:26:38.427 D/        (  756): [ACDB Command]->ACDB Sw Major = 8, ACDB Sw Minor = 0, ACDB Sw Revision = 1, ACDB Sw Cpl Number = 0
01-01 08:26:38.427 E/slim_daemon(  824): [NDK] bindNDKSensors: Sensor server is unavailable.
01-01 08:26:38.427 D/        (  756): [ACDB Command]->ACDB File Major = 7, ACDB File Minor = 0, ACDB File Revision = 5
01-01 08:26:38.431 D/        (  756): [ACDB Command]->SW Minor/Major/Revision version info for /etc/acdbdata/MTP/MTP_Speaker_cal.acdb
01-01 08:26:38.431 D/        (  756): [ACDB Command]->ACDB Sw Major = 8, ACDB Sw Minor = 0, ACDB Sw Revision = 1, ACDB Sw Cpl Number = 0
01-01 08:26:38.431 D/        (  756): [ACDB Command]->ACDB File Major = 7, ACDB File Minor = 0, ACDB File Revision = 5
01-01 08:26:38.431 D/ACDB-LOADER(  756): ACDB -> ACPH INIT
01-01 08:26:38.431 D/        (  756): [ACPH]->Online service registered with ACPH
01-01 08:26:38.433 D/        (  756): [ACPH]->ACPH init success
01-01 08:26:38.433 D/ACDB-LOADER(  756): ACDB -> RTAC INIT
01-01 08:26:38.433 D/        (  756): [ACPH]->DSP RTC service registered with ACPH
01-01 08:26:38.433 D/ACDB-LOADER(  756): ACDB -> MCS, FTS INIT
01-01 08:26:38.433 D/        (  756): [ACPH]->MCS RTC service registered with ACPH
01-01 08:26:38.433 D/        (  756): [ACPH]->FTS RTC service registered with ACPH
01-01 08:26:38.433 D/ACDB-LOADER(  756): ACDB -> ADIE RTAC INIT
01-01 08:26:38.433 D/        (  756): [ACPH]->ADIE RTC service registered with ACPH
01-01 08:26:38.433 D/ACDB-LOADER(  756): ACDB -> ACDB_CMD_GET_VOC_PROC_DYNAMIC_TABLE_SIZE
01-01 08:26:38.435 D/ACDB-LOADER(  756): ACDB -> send_meta_info, lic 0
01-01 08:26:38.435 D/        (  756): Couldnt find the key 00000000 
01-01 08:26:38.435 D/        (  756): Output from GetMetaInfoSize command : 0
01-01 08:26:38.447 D/ACDB-LOADER(  756): ACDB -> send_common_custom_topology
01-01 08:26:38.447 D/ACDB-LOADER(  756): ACDB -> ACDB_CMD_GET_AVCS_CUSTOM_TOPO_INFO
01-01 08:26:38.447 D/ACDB-LOADER(  756): ACDB -> ACDB_CMD_GET_AVCS_CUSTOM_TOPO_INFO: size:0xec ret=0 
01-01 08:26:38.447 D/ACDB-LOADER(  756): ACDB -> CORE_CUSTOM_TOPOLOGIES
01-01 08:26:38.449 D/ACDB-LOADER(  756): ACDB -> acdb_loader_send_common_custom_topology: Common custom topology in use
01-01 08:26:38.449 D/ACDB-LOADER(  756): ACDB -> send_meta_info Enter
01-01 08:26:38.449 E/ACDB-LOADER(  756): Fail to allocate memory for metainfo
01-01 08:26:38.449 D/ACDB-LOADER(  756): ACDB -> send_meta_info failed
01-01 08:26:38.449 D/ACDB-LOADER(  756): ACDB -> init done!
01-01 08:26:38.449 D/msm8974_platform(  756): ACDB initialized
01-01 08:26:38.449 D/msm8974_platform(  756): hw_util_open Opening device /dev/snd/hwC0D1000
01-01 08:26:38.449 E/msm8974_platform(  756): hw_util_open: cannot open device '/dev/snd/hwC0D1000'
01-01 08:26:38.449 E/msm8974_platform(  756): audio_hwdep_send_cal error open
01-01 08:26:38.451 D/msm8974_platform(  756): platform_set_native_support: na_props.platform_na_prop_enabled: 1
01-01 08:26:38.451 D/msm8974_platform(  756): platform_set_snd_device_backend: backend_tag_table[headphones]: old = headphones new = headphones
01-01 08:26:38.451 D/msm8974_platform(  756): platform_set_snd_device_backend: hw_interface_table[8] = SLIMBUS_6_RX
01-01 08:26:38.451 D/msm8974_platform(  756): platform_set_snd_device_backend: backend_tag_table[anc-headphones]: old = null new = anc-headphones
01-01 08:26:38.451 D/msm8974_platform(  756): platform_set_snd_device_backend: hw_interface_table[31] = SLIMBUS_6_RX
01-01 08:26:38.451 D/msm8974_platform(  756): platform_set_snd_device_backend: backend_tag_table[line]: old = null new = headphones
01-01 08:26:38.451 D/msm8974_platform(  756): platform_set_snd_device_backend: hw_interface_table[7] = SLIMBUS_6_RX
01-01 08:26:38.451 D/msm8974_platform(  756): platform_set_snd_device_backend: backend_tag_table[speaker-and-headphones]: old = null new = speaker-and-headphones
01-01 08:26:38.451 D/msm8974_platform(  756): platform_set_snd_device_backend: hw_interface_table[10] = SLIMBUS_0_RX-and-SLIMBUS_6_RX
01-01 08:26:38.451 D/msm8974_platform(  756): platform_set_snd_device_backend: backend_tag_table[speaker-and-anc-headphones]: old = null new = speaker-and-anc-headphones
01-01 08:26:38.451 D/msm8974_platform(  756): platform_set_snd_device_backend: hw_interface_table[35] = SLIMBUS_0_RX-and-SLIMBUS_6_RX
01-01 08:26:38.451 D/msm8974_platform(  756): platform_set_snd_device_backend: backend_tag_table[speaker-and-line]: old = null new = speaker-and-headphones
01-01 08:26:38.451 D/msm8974_platform(  756): platform_set_snd_device_backend: hw_interface_table[11] = SLIMBUS_0_RX-and-SLIMBUS_6_RX
01-01 08:26:38.451 D/msm8974_platform(  756): platform_set_snd_device_backend: backend_tag_table[voice-headphones]: old = null new = headphones
01-01 08:26:38.451 D/msm8974_platform(  756): platform_set_snd_device_backend: hw_interface_table[17] = SLIMBUS_6_RX
01-01 08:26:38.451 D/msm8974_platform(  756): platform_set_snd_device_backend: backend_tag_table[voice-anc-headphones]: old = null new = voice-anc-headphones
01-01 08:26:38.451 D/msm8974_platform(  756): platform_set_snd_device_backend: hw_interface_table[33] = SLIMBUS_6_RX
01-01 08:26:38.451 D/msm8974_platform(  756): platform_set_snd_device_backend: backend_tag_table[voice-line]: old = null new = headphones
01-01 08:26:38.451 D/msm8974_platform(  756): platform_set_snd_device_backend: hw_interface_table[18] = SLIMBUS_6_RX
01-01 08:26:38.451 D/msm8974_platform(  756): platform_set_snd_device_backend: backend_tag_table[voice-tty-full-headphones]: old = null new = headphones
01-01 08:26:38.451 D/msm8974_platform(  756): platform_set_snd_device_backend: hw_interface_table[23] = SLIMBUS_6_RX
01-01 08:26:38.451 D/msm8974_platform(  756): platform_set_snd_device_backend: backend_tag_table[voice-tty-vco-headphones]: old = null new = headphones
01-01 08:26:38.451 D/msm8974_platform(  756): platform_set_snd_device_backend: hw_interface_table[24] = SLIMBUS_6_RX
01-01 08:26:38.453 D/audio_hw_ssr(  756): audio_extn_ssr_update_enabled: surround sound recording is not supported
01-01 08:26:38.453 D/audio_hw_spkr_prot(  756): audio_extn_spkr_prot_init: Initialize speaker protection module
01-01 08:26:38.453 D/audio_hw_spkr_prot(  756): audio_extn_spkr_prot_init: Speaker protection disabled
01-01 08:26:38.453 E/DAP_UTIL(  756): dap_util_open: cannot open device '/dev/snd/hwC0D3'
01-01 08:26:38.453 E/DAP_HAL (  756): dap_hal_set_hw_info: cannot open dap
01-01 08:26:38.456 D/aud_dev_arbi(  756): runSocketThread: entered
01-01 08:26:38.459 I/soundtrigger(  756): audio_extn_sound_trigger_init: Enter
01-01 08:26:38.461 I/soundtrigger(  756): audio_extn_sound_trigger_init: DLOPEN successful for /system/vendor/lib/hw/sound_trigger.primary.msm8996.so
01-01 08:26:38.468 E/audio_hw_extn(  756): audio_extn_perf_lock_init: Perf lock handles Success 
01-01 08:26:38.468 I/AudioFlinger(  756): loadHwModule() Loaded primary audio interface from QCOM Audio HAL (audio) handle 1
01-01 08:26:38.468 I/AudioFlinger(  756): openOutput(), module 1 Device 2, SamplingRate 48000, Format 0x000001, Channels 3, flags 6
01-01 08:26:38.468 D/audio_hw_primary(  756): adev_open_output_stream: enter: sample_rate(48000) channel_mask(0x3) devices(0x2) flags(0x6)        stream_handle(0xf48f9000)
01-01 08:26:38.468 D/audio_hw_primary(  756): adev_open_output_stream: Stream (0xf48f9000) picks up usecase (low-latency-playback)
01-01 08:26:38.468 I/AudioFlinger(  756): AudioStreamOut::open(), mHalFormatIsLinearPcm = 1
01-01 08:26:38.468 I/AudioFlinger(  756): HAL output buffer size 192 frames, normal sink buffer size 960 frames
01-01 08:26:38.481 I/IntentFirewall( 1289): Read new rules (A:0 B:0 S:0)
01-01 08:26:38.488 I/ServiceThread( 1289): Enabled StrictMode logging for android.display looper.
01-01 08:26:38.491 D/AppOps  ( 1289): AppOpsService published
01-01 08:26:38.492 I/SystemServiceManager( 1289): Starting com.android.server.power.PowerManagerService
01-01 08:26:38.493 I/ServiceThread( 1289): Enabled StrictMode logging for PowerManagerService looper.
01-01 08:26:38.495 W/EffectsFactory(  756): Error querying effect 7d1580bd-297f-4683-9239-e475b6d1d69f on lib offload_bundle
01-01 08:26:38.495 D/volume_listener(  756): init_once Called 
01-01 08:26:38.495 I/BufferProvider(  756): found effect "Multichannel Downmix To Stereo" from The Android Open Source Project
01-01 08:26:38.496 E/MonoPipe(  756): Failed to fetch local time frequency when constructing a MonoPipe (res = -32).  getNextWriteTimestamp calls will be non-functional
01-01 08:26:38.497 I/AudioFlinger(  756): Using module 1 has the primary audio interface
01-01 08:26:38.497 I/AudioFlinger(  756): AudioFlinger's thread 0xf4140000 ready to run
01-01 08:26:38.497 V/SRS_Proc(  756): ParamSet string: bluetooth_enabled=0
01-01 08:26:38.497 V/SRS_ProcWS(  756): SRS_Processing - SourceOutAdd - No Available Slot for 0xf4140000
01-01 08:26:38.497 D/audio_hw_primary(  756): out_set_parameters: enter: usecase(1: low-latency-playback) kvpairs: routing=2
01-01 08:26:38.497 D/audio_hw_extn(  756): audio_extn_set_anc_parameters: anc_enabled:0
01-01 08:26:38.497 D/audio_hw_spkr_prot(  756): audio_extn_fbsp_set_parameters: Speaker protection disabled
01-01 08:26:38.498 D/audio_hw_primary(  756): out_standby: enter: stream (0xf48f9000) usecase(1: low-latency-playback)
01-01 08:26:38.498 I/QCOM PowerHAL( 1289): QCOM power HAL initing.
01-01 08:26:38.498 E/AudioFlinger(  756): no wake lock to update!
01-01 08:26:38.498 W/libsuspend( 1289): Error writing 'on' to /sys/power/state: Invalid argument
01-01 08:26:38.499 I/libsuspend( 1289): Selected wakeup count
01-01 08:26:38.499 I/AudioFlinger(  756): openOutput(), module 1 Device 2, SamplingRate 48000, Format 0x000001, Channels 3, flags 104
01-01 08:26:38.499 D/audio_hw_primary(  756): adev_open_output_stream: enter: sample_rate(48000) channel_mask(0x3) devices(0x2) flags(0x104)        stream_handle(0xf48f9180)
01-01 08:26:38.499 D/audio_hw_primary(  756): adev_open_output_stream: Stream (0xf48f9180) picks up usecase (audio-ull-playback)
01-01 08:26:38.500 I/AudioFlinger(  756): AudioStreamOut::open(), mHalFormatIsLinearPcm = 1
01-01 08:26:38.500 I/AudioFlinger(  756): HAL output buffer size 192 frames, normal sink buffer size 960 frames
01-01 08:26:38.500 I/AudioFlinger(  756): AudioFlinger's thread 0xf3cc0000 ready to run
01-01 08:26:38.500 V/SRS_Proc(  756): ParamSet string: bluetooth_enabled=0
01-01 08:26:38.500 V/SRS_ProcWS(  756): SRS_Processing - SourceOutAdd - No Available Slot for 0xf3cc0000
01-01 08:26:38.500 D/audio_hw_primary(  756): out_set_parameters: enter: usecase(12: audio-ull-playback) kvpairs: routing=2
01-01 08:26:38.500 D/audio_hw_primary(  756): out_standby: enter: stream (0xf48f9180) usecase(12: audio-ull-playback)
01-01 08:26:38.501 E/AudioFlinger(  756): no wake lock to update!
01-01 08:26:38.502 I/AudioFlinger(  756): openOutput(), module 1 Device 2, SamplingRate 48000, Format 0x000001, Channels 3, flags 8
01-01 08:26:38.502 D/audio_hw_primary(  756): adev_open_output_stream: enter: sample_rate(48000) channel_mask(0x3) devices(0x2) flags(0x8)        stream_handle(0xf48f9300)
01-01 08:26:38.502 D/audio_hw_primary(  756): adev_open_output_stream: Stream (0xf48f9300) picks up usecase (deep-buffer-playback)
01-01 08:26:38.502 I/AudioFlinger(  756): AudioStreamOut::open(), mHalFormatIsLinearPcm = 1
01-01 08:26:38.502 I/AudioFlinger(  756): HAL output buffer size 1920 frames, normal sink buffer size 1920 frames
01-01 08:26:38.502 I/AudioFlinger(  756): AudioFlinger's thread 0xf3980000 ready to run
01-01 08:26:38.502 V/SRS_Proc(  756): ParamSet string: bluetooth_enabled=0
01-01 08:26:38.503 V/SRS_ProcWS(  756): SRS_Processing - SourceOutAdd - No Available Slot for 0xf3980000
01-01 08:26:38.503 D/audio_hw_primary(  756): out_set_parameters: enter: usecase(0: deep-buffer-playback) kvpairs: routing=2
01-01 08:26:38.503 D/audio_hw_primary(  756): out_standby: enter: stream (0xf48f9300) usecase(0: deep-buffer-playback)
01-01 08:26:38.503 E/AudioFlinger(  756): no wake lock to update!
01-01 08:26:38.503 I/SystemServiceManager( 1289): Starting com.android.server.lights.LightsService
01-01 08:26:38.505 I/AudioFlinger(  756): openOutput(), module 1 Device 10000, SamplingRate 48000, Format 0x000001, Channels 3, flags 0
01-01 08:26:38.505 D/audio_hw_primary(  756): adev_open_output_stream: enter: sample_rate(48000) channel_mask(0x3) devices(0x10000) flags(0)        stream_handle(0xf48f9480)
01-01 08:26:38.505 D/audio_hw_primary(  756): adev_open_output_stream: Stream (0xf48f9480) picks up usecase (afe-proxy-playback)
01-01 08:26:38.505 I/AudioFlinger(  756): AudioStreamOut::open(), mHalFormatIsLinearPcm = 1
01-01 08:26:38.505 I/AudioFlinger(  756): HAL output buffer size 768 frames, normal sink buffer size 1152 frames
01-01 08:26:38.506 I/AudioFlinger(  756): AudioFlinger's thread 0xf3800000 ready to run
01-01 08:26:38.506 V/SRS_Proc(  756): ParamSet string: bluetooth_enabled=0
01-01 08:26:38.506 V/SRS_ProcWS(  756): SRS_Processing - SourceOutAdd - No Available Slot for 0xf3800000
01-01 08:26:38.506 D/audio_hw_primary(  756): out_set_parameters: enter: usecase(38: afe-proxy-playback) kvpairs: routing=65536
01-01 08:26:38.506 D/audio_hw_primary(  756): out_standby: enter: stream (0xf48f9480) usecase(38: afe-proxy-playback)
01-01 08:26:38.506 I/SystemServiceManager( 1289): Starting com.android.server.display.DisplayManagerService
01-01 08:26:38.507 E/AudioFlinger(  756): no wake lock to update!
01-01 08:26:38.508 D/audio_hw_primary(  756): adev_open_input_stream: enter: sample_rate(48000) channel_mask(0xc) devices(0x80002000)        stream_handle(0xf64c7700) io_handle(10) source(1)
01-01 08:26:38.508 I/AudioFlinger(  756): AudioFlinger's thread 0xf3500000 ready to run
01-01 08:26:38.509 D/audio_hw_primary(  756): adev_close_input_stream: enter:stream_handle(0xf64c7700)
01-01 08:26:38.509 D/audio_hw_primary(  756): in_standby: enter: stream (0xf64c7700) usecase(16: audio-record)
01-01 08:26:38.509 D/audio_hw_primary(  756): adev_open_input_stream: enter: sample_rate(48000) channel_mask(0xfc) devices(0x80000004)        stream_handle(0xf64c7700) io_handle(11) source(1)
01-01 08:26:38.509 I/SystemServiceManager( 1289): Starting phase 100
01-01 08:26:38.509 I/AudioFlinger(  756): AudioFlinger's thread 0xf3500000 ready to run
01-01 08:26:38.510 D/audio_hw_primary(  756): adev_close_input_stream: enter:stream_handle(0xf64c7700)
01-01 08:26:38.510 D/audio_hw_primary(  756): in_standby: enter: stream (0xf64c7700) usecase(16: audio-record)
01-01 08:26:38.511 D/audio_hw_primary(  756): adev_open_input_stream: enter: sample_rate(48000) channel_mask(0xc) devices(0x80000040)        stream_handle(0xf64c7700) io_handle(12) source(1)
01-01 08:26:38.511 D/audio_hw_primary(  756): adev_open_input_stream: enter: sample_rate(48000) channel_mask(0xc) devices(0x80000040)        stream_handle(0xf64c7700) io_handle(12) source(1)
01-01 08:26:38.511 W/APM::AudioPolicyManager(  756): Cannot open input stream for device 80000040 on hw module primary
01-01 08:26:38.513 I/bt_a2dp_hw(  756): adev_open:  adev_open in A2dp_hw module
01-01 08:26:38.513 I/AudioFlinger(  756): loadHwModule() Loaded a2dp audio interface from A2DP Audio HW HAL (audio) handle 13
01-01 08:26:38.515 I/DisplayManagerService( 1289): Display device added: DisplayDeviceInfo{"Built-in Screen": uniqueId="local:0", 800 x 1280, modeId 1, defaultModeId 1, supportedModes [{id=1, width=800, height=1280, fps=60.000004}], colorTransformId 1, defaultColorTransformId 1, supportedColorTransforms [{id=1, colorTransform=0}], density 240, 160.0 x 160.157 dpi, appVsyncOff 0, presDeadline 17666666, touch INTERNAL, rotation 0, type BUILT_IN, state UNKNOWN, FLAG_DEFAULT_DISPLAY, FLAG_ROTATES_WITH_CONTENT, FLAG_SECURE, FLAG_SUPPORTS_PROTECTED_BUFFERS}
01-01 08:26:38.516 D/SurfaceFlinger(  522): Set power mode=2, type=0 flinger=0x7f82743c00
01-01 08:26:38.516 D/SurfaceFlinger(  522): Screen type=0 is already mode=2
01-01 08:26:38.517 E/LightsService( 1289): cywaa_setLight #0: color=#ff666666
01-01 08:26:38.517 I/TAG( 1289): cyw-------user info----setLight_native
01-01 08:26:38.517 I/DisplayManagerService( 1289): Display device changed state: "Built-in Screen", ON
01-01 08:26:38.518 I/AudioFlinger(  756): loadHwModule() Loaded usb audio interface from USB audio HW HAL (audio) handle 14
01-01 08:26:38.518 I/SystemServer( 1289): Package Manager
01-01 08:26:38.520 I/r_submix(  756): adev_open(name=audio_hw_if)
01-01 08:26:38.520 I/r_submix(  756): adev_init_check()
01-01 08:26:38.520 I/AudioFlinger(  756): loadHwModule() Loaded r_submix audio interface from Wifi Display audio HAL (audio) handle 15
01-01 08:26:38.520 D/r_submix(  756): adev_open_input_stream(addr=0)
01-01 08:26:38.521 D/r_submix(  756): submix_audio_device_create_pipe_l(addr=0, idx=9)
01-01 08:26:38.521 D/r_submix(  756):   now using address 0 for route 9
01-01 08:26:38.521 I/AudioFlinger(  756): AudioFlinger's thread 0xf3500000 ready to run
01-01 08:26:38.521 D/r_submix(  756): adev_close_input_stream()
01-01 08:26:38.521 D/r_submix(  756): submix_audio_device_release_pipe_l(idx=9) addr=0
01-01 08:26:38.521 D/r_submix(  756): submix_audio_device_destroy_pipe_l(): pipe destroyed
01-01 08:26:38.522 I/AudioPolicyManagerCustom(  756): removing AUDIO_CHANNEL_IN_5POINT1 from input profile as SSR(surround sound record) is not supported on this chipset variant
01-01 08:26:38.523 D/sound_trigger_hw(  756): stdev_open: Enter
01-01 08:26:38.523 I/sound_trigger_platform(  756): platform_stdev_init: Enter
01-01 08:26:38.539 W/SystemConfig( 1289): No directory /system/etc/sysconfig, skipping
01-01 08:26:38.622 D/SELinuxMMAC( 1289): Using policy file /system/etc/security/mac_permissions.xml
01-01 08:26:38.666 E/audio_route(  756): Control 'MADONOFF Switch' doesn't exist - skipping
01-01 08:26:38.666 E/audio_route(  756): Control 'MAD Input' doesn't exist - skipping
01-01 08:26:38.666 E/audio_route(  756): Control 'MAD_BROADCAST Switch' doesn't exist - skipping
01-01 08:26:38.666 E/audio_route(  756): Control 'TX13 INP MUX' doesn't exist - skipping
01-01 08:26:38.666 E/audio_route(  756): Control 'AIF4_MAD Mixer SLIM TX12' doesn't exist - skipping
01-01 08:26:38.666 E/audio_route(  756): Control 'AIF4_MAD Mixer SLIM TX13' doesn't exist - skipping
01-01 08:26:38.666 E/audio_route(  756): Control 'CPE AFE MAD Enable' doesn't exist - skipping
01-01 08:26:38.667 E/audio_route(  756): Control 'MADONOFF Switch' doesn't exist - skipping
01-01 08:26:38.667 E/audio_route(  756): Control 'TX13 INP MUX' doesn't exist - skipping
01-01 08:26:38.667 E/audio_route(  756): Control 'AIF4_MAD Mixer SLIM TX13' doesn't exist - skipping
01-01 08:26:38.667 E/audio_route(  756): Control 'MAD Input' doesn't exist - skipping
01-01 08:26:38.667 E/audio_route(  756): Control 'CPE AFE MAD Enable' doesn't exist - skipping
01-01 08:26:38.667 E/audio_route(  756): Control 'MADONOFF Switch' doesn't exist - skipping
01-01 08:26:38.667 E/audio_route(  756): Control 'AIF4_MAD Mixer SLIM TX12' doesn't exist - skipping
01-01 08:26:38.667 E/audio_route(  756): Control 'MAD Input' doesn't exist - skipping
01-01 08:26:38.667 E/audio_route(  756): Control 'CPE AFE MAD Enable' doesn't exist - skipping
01-01 08:26:38.667 E/audio_route(  756): Control 'MAD_BROADCAST Switch' doesn't exist - skipping
01-01 08:26:38.667 E/audio_route(  756): Control 'TX13 INP MUX' doesn't exist - skipping
01-01 08:26:38.667 E/audio_route(  756): Control 'AIF4_MAD Mixer SLIM TX13' doesn't exist - skipping
01-01 08:26:38.667 E/audio_route(  756): Control 'MAD Input' doesn't exist - skipping
01-01 08:26:38.671 I/sound_trigger_platform(  756): platform_stdev_init: acdb_init: msm8996-tasha-cdp-snd-card
01-01 08:26:38.671 D/ACDB-LOADER(  756): ACDB -> already initialized, exit
01-01 08:26:38.671 D/sound_trigger_platform(  756): platform_stdev_init Opening device /dev/snd/hwC0D1000
01-01 08:26:38.671 E/sound_trigger_platform(  756): platform_stdev_init: cannot open device '/dev/snd/hwC0D1000'
01-01 08:26:38.674 E/sound_trigger_hw(  756): stdev_open: ERROR. platform init failed
01-01 08:26:38.674 D/sound_trigger_hw(  756): stdev_open: Exit status -19
01-01 08:26:38.674 E/SoundTriggerHwService(  756): couldn't open sound trigger hw device in sound_trigger.primary (No such device)
01-01 08:26:38.674 I/RadioService(  756): RadioService
01-01 08:26:38.674 I/RadioService(  756): onFirstRef
01-01 08:26:38.675 E/RadioService(  756): couldn't load radio module radio.primary (No such file or directory)
01-01 08:26:38.875 E/art     ( 1289): DexFile_getDexOptNeeded file '/system/framework/com.android.nfc.helper.jar' does not exist
01-01 08:26:38.875 W/PackageManager( 1289): Library not found: /system/framework/com.android.nfc.helper.jar
01-01 08:26:38.886 E/art     ( 1289): DexFile_getDexOptNeeded file '/system/framework/org.apache.http.legacy.jar' does not exist
01-01 08:26:38.886 W/PackageManager( 1289): Library not found: /system/framework/org.apache.http.legacy.jar
01-01 08:26:38.924 E/art     ( 1289): DexFile_getDexOptNeeded file '/system/framework/com.android.nfc.helper.jar' does not exist
01-01 08:26:38.925 W/PackageManager( 1289): Library not found: /system/framework/com.android.nfc.helper.jar
01-01 08:26:38.934 E/art     ( 1289): DexFile_getDexOptNeeded file '/system/framework/org.apache.http.legacy.jar' does not exist
01-01 08:26:38.934 W/PackageManager( 1289): Library not found: /system/framework/org.apache.http.legacy.jar
01-01 08:26:39.080 D/PackageManager( 1289): No files in app dir /vendor/overlay
01-01 08:26:39.081 D/PackageManager( 1289): start scanDirLI:/system/framework
01-01 08:26:39.081 D/PackageManager( 1289): max thread:6
01-01 08:26:39.084 W/PackageManager( 1289): Failed to parse /system/framework/arm: Missing base APK in /system/framework/arm
01-01 08:26:39.084 W/PackageManager( 1289): Failed to parse /system/framework/arm64: Missing base APK in /system/framework/arm64
01-01 08:26:39.087 W/PackageManager( 1289): Failed to parse /system/framework/oat: Missing base APK in /system/framework/oat
01-01 08:26:39.119 D/PackageManager( 1289): end scanDirLI:/system/framework
01-01 08:26:39.119 D/PackageManager( 1289): start scanDirLI:/system/priv-app
01-01 08:26:39.120 D/PackageManager( 1289): max thread:6
01-01 08:26:39.148 E/NativeLibraryHelper( 1289): Failed to load assets verifier: 0
01-01 08:26:39.274 E/NativeLibraryHelper( 1289): Failed to load assets verifier: 0
01-01 08:26:39.280 E/NativeLibraryHelper( 1289): Failed to load assets verifier: 0
01-01 08:26:39.290 W/PackageParser( 1289): No actions in intent filter at /system/priv-app/Dialer/Dialer.apk Binary XML file line #175
01-01 08:26:39.302 W/PackageParser( 1289): No actions in intent filter at /system/priv-app/Contacts/Contacts.apk Binary XML file line #388
01-01 08:26:39.305 E/NativeLibraryHelper( 1289): Failed to load assets verifier: 0
01-01 08:26:39.308 W/PackageManager( 1289): Permission android.permission.DOWNLOAD_WITHOUT_NOTIFICATION from package com.android.providers.downloads in an unknown group android.permission-group.NETWORK
01-01 08:26:39.335 W/PackageParser( 1289): Unknown element under <application>: permission at /system/priv-app/Gallery2/Gallery2.apk Binary XML file line #275
01-01 08:26:39.335 W/PackageParser( 1289): Unknown element under <application>: permission at /system/priv-app/Gallery2/Gallery2.apk Binary XML file line #278
01-01 08:26:39.365 W/PackageManager( 1289): Permission com.android.launcher.permission.PRELOAD_WORKSPACE from package com.android.launcher in an unknown group android.permission-group.SYSTEM_TOOLS
01-01 08:26:39.365 W/PackageManager( 1289): Permission com.android.launcher.permission.INSTALL_SHORTCUT from package com.android.launcher in an unknown group android.permission-group.SYSTEM_TOOLS
01-01 08:26:39.365 W/PackageManager( 1289): Permission com.android.launcher.permission.UNINSTALL_SHORTCUT from package com.android.launcher in an unknown group android.permission-group.SYSTEM_TOOLS
01-01 08:26:39.365 W/PackageManager( 1289): Permission com.android.launcher.permission.READ_SETTINGS from package com.android.launcher in an unknown group android.permission-group.SYSTEM_TOOLS
01-01 08:26:39.365 W/PackageManager( 1289): Permission com.android.launcher.permission.WRITE_SETTINGS from package com.android.launcher in an unknown group android.permission-group.SYSTEM_TOOLS
01-01 08:26:39.378 E/NativeLibraryHelper( 1289): Failed to load assets verifier: 0
01-01 08:26:39.410 E/NativeLibraryHelper( 1289): Failed to load assets verifier: 0
01-01 08:26:39.418 E/NativeLibraryHelper( 1289): Failed to load assets verifier: 0
01-01 08:26:39.427 E/slim_daemon(  824): [NDK] bindNDKSensors: Sensor server is unavailable.
01-01 08:26:39.460 W/PackageParser( 1289): Ignoring duplicate uses-permissions/uses-permissions-sdk-m: android.permission.INSTALL_GRANT_RUNTIME_PERMISSIONS in package: com.android.shell at: Binary XML file line #101
01-01 08:26:39.476 E/NativeLibraryHelper( 1289): Failed to load assets verifier: 0
01-01 08:26:39.506 W/PackageParser( 1289): Ignoring duplicate uses-permissions/uses-permissions-sdk-m: android.permission.CONFIGURE_WIFI_DISPLAY in package: com.android.systemui at: Binary XML file line #121
01-01 08:26:39.512 W/PackageParser( 1289): Ignoring duplicate uses-permissions/uses-permissions-sdk-m: android.permission.USE_CREDENTIALS in package: com.android.settings at: Binary XML file line #55
01-01 08:26:39.512 W/PackageParser( 1289): Ignoring duplicate uses-permissions/uses-permissions-sdk-m: android.permission.READ_SYNC_SETTINGS in package: com.android.settings at: Binary XML file line #60
01-01 08:26:39.512 W/PackageParser( 1289): Ignoring duplicate uses-permissions/uses-permissions-sdk-m: android.permission.WRITE_SYNC_SETTINGS in package: com.android.settings at: Binary XML file line #61
01-01 08:26:39.596 D/PackageManager( 1289): end scanDirLI:/system/priv-app
01-01 08:26:39.597 D/PackageManager( 1289): start scanDirLI:/system/app
01-01 08:26:39.597 D/PackageManager( 1289): max thread:6
01-01 08:26:39.608 E/NativeLibraryHelper( 1289): Failed to load assets verifier: 0
01-01 08:26:39.615 E/NativeLibraryHelper( 1289): Failed to load assets verifier: 0
01-01 08:26:39.616 E/NativeLibraryHelper( 1289): Failed to load assets verifier: 0
01-01 08:26:39.616 W/PackageParser( 1289): No actions in intent filter at /system/app/BTTestApp/BTTestApp.apk Binary XML file line #67
01-01 08:26:39.617 E/NativeLibraryHelper( 1289): Failed to load assets verifier: 0
01-01 08:26:39.618 E/NativeLibraryHelper( 1289): Failed to load assets verifier: 0
01-01 08:26:39.629 W/PackageParser( 1289): Ignoring duplicate uses-permissions/uses-permissions-sdk-m: android.permission.READ_CONTACTS in package: com.android.bluetooth at: Binary XML file line #64
01-01 08:26:39.630 W/PackageParser( 1289): Unknown element under <application>: uses-feature at /system/app/BluetoothExt/BluetoothExt.apk Binary XML file line #57
01-01 08:26:39.630 W/PackageParser( 1289): No actions in intent filter at /system/app/BluetoothExt/BluetoothExt.apk Binary XML file line #137
01-01 08:26:39.630 W/PackageParser( 1289): No actions in intent filter at /system/app/BluetoothExt/BluetoothExt.apk Binary XML file line #161
01-01 08:26:39.633 W/PackageParser( 1289): No actions in intent filter at /system/app/Bluetooth/Bluetooth.apk Binary XML file line #235
01-01 08:26:39.638 E/NativeLibraryHelper( 1289): Failed to load assets verifier: 0
01-01 08:26:39.643 E/NativeLibraryHelper( 1289): Failed to load assets verifier: 0
01-01 08:26:39.662 E/NativeLibraryHelper( 1289): Failed to load assets verifier: 0
01-01 08:26:39.690 E/NativeLibraryHelper( 1289): Failed to load assets verifier: 0
01-01 08:26:39.718 E/NativeLibraryHelper( 1289): Failed to load assets verifier: 0
01-01 08:26:39.730 W/PackageParser( 1289): Ignoring duplicate uses-permissions/uses-permissions-sdk-m: android.permission.WRITE_CONTACTS in package: com.android.email at: Binary XML file line #40
01-01 08:26:39.759 E/NativeLibraryHelper( 1289): Failed to load assets verifier: 0
01-01 08:26:39.768 E/NativeLibraryHelper( 1289): Failed to load assets verifier: 0
01-01 08:26:39.771 E/NativeLibraryHelper( 1289): Failed to load assets verifier: 0
01-01 08:26:39.781 E/NativeLibraryHelper( 1289): Failed to load assets verifier: 0
01-01 08:26:39.789 E/NativeLibraryHelper( 1289): Failed to load assets verifier: 0
01-01 08:26:39.836 E/NativeLibraryHelper( 1289): Failed to load assets verifier: 0
01-01 08:26:39.850 E/NativeLibraryHelper( 1289): Failed to load assets verifier: 0
01-01 08:26:39.861 E/NativeLibraryHelper( 1289): Failed to load assets verifier: 0
01-01 08:26:39.893 E/NativeLibraryHelper( 1289): Failed to load assets verifier: 0
01-01 08:26:39.913 E/NativeLibraryHelper( 1289): Failed to load assets verifier: 0
01-01 08:26:39.953 E/NativeLibraryHelper( 1289): Failed to load assets verifier: 0
01-01 08:26:39.966 E/NativeLibraryHelper( 1289): Failed to load assets verifier: 0
01-01 08:26:39.992 E/NativeLibraryHelper( 1289): Failed to load assets verifier: 0
