01-01 08:26:31.067 D/QC-time-services(  799): Daemon:genoff_post_init:Error in accessing storage
01-01 08:26:31.067 D/QC-time-services(  799): Daemon:genoff_pre_init::Base = 14
01-01 08:26:31.067 D/QC-time-services(  799): Daemon: Storage Name: ats_14 
01-01 08:26:31.067 D/QC-time-services(  799): Daemon:Opening File: /data/time/ats_14
01-01 08:26:31.067 I/Atfwd_Daemon(  787): qmi_client_init_instance status: -3, num_retries: 2, retryCnt: 1
01-01 08:26:31.067 D/QC-time-services(  799): Daemon:time_persistent_memory_opr:Genoff Read operation 
01-01 08:26:31.067 I/Atfwd_Daemon(  787): result : -3 	 ,Init step :1 	 ,qmiErrorCode: 0
01-01 08:26:31.067 I/Atfwd_Daemon(  787): 
01-01 08:26:31.067 I/Atfwd_Daemon(  787):  Sleeping...
01-01 08:26:31.067 D/QC-time-services(  799): Daemon:Unable to open filefor read
01-01 08:26:31.067 D/QC-time-services(  799): Daemon:genoff_post_init:Error in accessing storage
01-01 08:26:31.067 D/QC-time-services(  799): Daemon:genoff_init_config: Other bases initilized, exiting genoff_init
01-01 08:26:31.068 D/QC-time-services(  799): Daemon:rtc_get: Time read from RTC -- MM/DD/YY HH:MM:SS0/1/70 8:26:30
01-01 08:26:31.068 D/        (  808): mdtp_qmi_request_dispatch: start running MDTP request dispatch thread
01-01 08:26:31.068 D/QC-time-services(  799): Daemon:Value read from RTC mseconds = 30390000
01-01 08:26:31.068 D/QC-time-services(  799): Daemon:Value read from QTimer mseconds = 37611
01-01 08:26:31.068 D/QC-time-services(  799): Daemon:genoff_opr: Base = 1, val = 548392779776, operation = 1
01-01 08:26:31.068 D/QC-time-services(  799): Daemon: genoff get for 1
01-01 08:26:31.068 D/QC-time-services(  799): Daemon:Value read from QTimer mseconds = 37611
01-01 08:26:31.068 D/QC-time-services(  799): Daemon:Value read from RTC mseconds on boot = 30390000
01-01 08:26:31.068 D/QC-time-services(  799): Daemon:Value read from QTimer mseconds = 37611
01-01 08:26:31.069 D/QC-time-services(  799): Daemon:Value read from generic offset = 0
01-01 08:26:31.069 D/QC-time-services(  799): Daemon:Delta read on boot mseconds = 30352389
01-01 08:26:31.069 D/QC-time-services(  799): Daemon:Final Time = 30390000
01-01 08:26:31.069 E/QC-time-services(  799): Daemon:genoff_boot_tod_init: Unable to open alarm device
01-01 08:26:31.069 E/QC-time-services(  799): Daemon:genoff_boot_tod_init: Updating system time to sec=30390, usec=0
01-01 08:26:30.001 D/TLOC    (  807): [TLOCChannel]"The channel was initialized successfully for TLOCD"
01-01 08:26:30.002 D/TLOC    (  807): [TLOCChannel]"The channel was initialized successfully for TLOCL"
01-01 08:26:30.004 D/TLOC    (  807): [TLOCChannel]"The channel was initialized successfully for MODEM"
01-01 08:26:30.004 D/TLOC    (  807): [TLOCChannel]"TLOCChannel was initialized successfully"
01-01 08:26:30.004 D/TLOC    (  807): [TLOCChannel] "TLOCChannel is already initialized"
01-01 08:26:30.006 D/QC-time-services(  799): Daemon:genoff_modem_qmi_service_request: Initiallizing QMI 
01-01 08:26:30.007 I/mdtp_service(  808): ServiceManager: 0x7f7ace10c0
01-01 08:26:30.007 D/MdtpService(  808): Xtor
01-01 08:26:30.012 D/mdtp_service(  808): adding mdtp service succeeded
01-01 08:26:30.013 D/mdtp_service(  808): Debug:: int MdtpServiceStart() MDTP Service is now ready
01-01 08:26:30.013 D/QC-time-services(  799): Daemon: Time-services: All initializations done
01-01 08:26:30.013 E/QC-time-services(  799): Daemon: Time-services: Waiting to acceptconnection
01-01 08:26:30.022 D/tftp_server(  765): pid=765 tid=765 tftp-server : DBG :[tftp_os_wakelocks_la.c, 302] Wake-lock acquired successfully
01-01 08:26:30.023 D/tftp_server(  765): pid=765 tid=765 tftp-server : DBG :[tftp_server.c, 594] Server waiting for client-connection.
01-01 08:26:30.025 I/TLOC    (  807): [ModemComm  ]"Open a connection successfully"
01-01 08:26:30.025 I/TLOC    (  807): [ModemComm  ]"ModemComm create successfully"
01-01 08:26:30.025 D/TLOC    (  807): [TLOCDaemon ]"Periodic location sampling is disabled"
01-01 08:26:30.025 I/TLOC    (  807): [TLOCDaemon ]"TLOC Daemon create successfully"
01-01 08:26:30.025 D/TLOC    (  807): [TLOCChannel] "TLOCChannel is already initialized"
01-01 08:26:30.037 D/TLOC    (  807): [TLOCDaemon ]"waiting for command"
01-01 08:26:30.037 D/TLOC    (  807): [TLOCChannel] "Going to receive message for TLOCD"
01-01 08:26:30.037 D/TLOC    (  807): [TLOCChannel] "wait for message for user TLOCD"
01-01 08:26:30.011 E/QC-time-services(  799): Daemon:genoff_modem_qmi_service_request: qmi_client_get_service_list returned 0num_services 1
01-01 08:26:30.041 D/QSEECOMAPI(  807): QSEECom_register_listener 32768 sb_length = 0x40c
01-01 08:26:30.044 D/QC-time-services(  799): Daemon:genoff_modem_qmi_service_request: Initial transaction successfull
01-01 08:26:30.053 I/TLOC    (  807): [TZComm     ]"The listener was registered successfully"
01-01 08:26:30.053 I/TLOC    (  807): [TZComm     ]"TZComm create successfully"
01-01 08:26:30.053 D/TLOC    (  807): [TLOCChannel] "TLOCChannel is already initialized"
01-01 08:26:30.053 D/TLOC    (  807): [Listener   ]"waiting for command from TZ..."
01-01 08:26:30.077 D/tftp_server(  765): pid=765 tid=936 tftp-server : DBG :[tftp_server_utils.c, 101] Normalized file [/readwrite/server_check.txt] to : [/system/rfs/msm/mpss/readwrite/server_chec
01-01 08:26:30.090 I/ThermalEngine(  770): Loading config file for virtual sensor
01-01 08:26:30.090 I/ThermalEngine(  770): Loading configuration file /system/etc/thermal-engine.conf
01-01 08:26:30.097 I/ThermalEngine(  770): Parsing section global
01-01 08:26:30.098 I/ThermalEngine(  770): [VIRTUAL-CPUS]
01-01 08:26:30.099 I/ThermalEngine(  770): #algo_type virtual
01-01 08:26:30.099 I/ThermalEngine(  770): trip_sensor tsens_tz_sensor11
01-01 08:26:30.099 I/ThermalEngine(  770): set_point 75000
01-01 08:26:30.099 I/ThermalEngine(  770): set_point_clr 65000
01-01 08:26:30.099 I/ThermalEngine(  770): sensors tsens_tz_sensor4 tsens_tz_sensor6 tsens_tz_sensor9 tsens_tz_sensor11
01-01 08:26:30.099 I/ThermalEngine(  770): weights
01-01 08:26:30.099 I/ThermalEngine(  770): sampling 10
01-01 08:26:30.099 I/ThermalEngine(  770): math 2
01-01 08:26:30.105 I/ThermalEngine(  770): Loading configuration file /system/etc/thermal-engine.conf
01-01 08:26:30.106 I/ThermalEngine(  770): Parsing section global
01-01 08:26:30.107 I/ThermalEngine(  770): [PMIC-ALARM-MONITOR]
01-01 08:26:30.107 I/ThermalEngine(  770): #algo_type monitor
01-01 08:26:30.108 I/ThermalEngine(  770): sampling 1000
01-01 08:26:30.108 I/ThermalEngine(  770): sensor pm8994_tz
01-01 08:26:30.108 I/ThermalEngine(  770): thresholds 107000 127000
01-01 08:26:30.108 I/ThermalEngine(  770): thresholds_clr 103000 123000
01-01 08:26:30.108 I/ThermalEngine(  770): actions hotplug_3+hotplug_2+hotplug_1+cluster1+cluster0 hotplug_3+hotplug_2+hotplug_1
01-01 08:26:30.108 I/ThermalEngine(  770): action_info 0+0+0+302400+302400 1+1+1
01-01 08:26:30.108 I/ThermalEngine(  770): [VDD_RSTR_MONITOR-TSENS20]
01-01 08:26:30.108 I/ThermalEngine(  770): #algo_type monitor
01-01 08:26:30.108 I/ThermalEngine(  770): sampling 1000
01-01 08:26:30.108 I/ThermalEngine(  770): sensor tsens_tz_sensor20
01-01 08:26:30.108 I/ThermalEngine(  770): thresholds 5000
01-01 08:26:30.108 I/ThermalEngine(  770): thresholds_clr 10000
01-01 08:26:30.108 I/ThermalEngine(  770): actions vdd_restriction
01-01 08:26:30.108 I/ThermalEngine(  770): action_info 1
01-01 08:26:30.108 I/ThermalEngine(  770): descending
01-01 08:26:30.109 I/ThermalEngine(  770): [VDD_RSTR_MONITOR-TSENS19]
01-01 08:26:30.109 I/ThermalEngine(  770): #algo_type monitor
01-01 08:26:30.109 I/ThermalEngine(  770): sampling 1000
01-01 08:26:30.109 I/ThermalEngine(  770): sensor tsens_tz_sensor19
01-01 08:26:30.109 I/ThermalEngine(  770): thresholds 5000
01-01 08:26:30.109 I/ThermalEngine(  770): thresholds_clr 10000
01-01 08:26:30.109 I/ThermalEngine(  770): actions vdd_restriction
01-01 08:26:30.109 I/ThermalEngine(  770): action_info 1
01-01 08:26:30.109 I/ThermalEngine(  770): descending
01-01 08:26:30.109 I/ThermalEngine(  770): [VDD_RSTR_MONITOR-TSENS18]
01-01 08:26:30.109 I/ThermalEngine(  770): #algo_type monitor
01-01 08:26:30.109 I/ThermalEngine(  770): sampling 1000
01-01 08:26:30.109 I/ThermalEngine(  770): sensor tsens_tz_sensor18
01-01 08:26:30.109 I/ThermalEngine(  770): thresholds 5000
01-01 08:26:30.109 I/ThermalEngine(  770): thresholds_clr 10000
01-01 08:26:30.109 I/ThermalEngine(  770): actions vdd_restriction
01-01 08:26:30.110 I/ThermalEngine(  770): action_info 1
01-01 08:26:30.110 I/ThermalEngine(  770): descending
01-01 08:26:30.110 I/ThermalEngine(  770): [VDD_RSTR_MONITOR-TSENS17]
01-01 08:26:30.110 I/ThermalEngine(  770): #algo_type monitor
01-01 08:26:30.110 I/ThermalEngine(  770): sampling 1000
01-01 08:26:30.110 I/ThermalEngine(  770): sensor tsens_tz_sensor17
01-01 08:26:30.110 I/ThermalEngine(  770): thresholds 5000
01-01 08:26:30.110 I/ThermalEngine(  770): thresholds_clr 10000
01-01 08:26:30.110 I/ThermalEngine(  770): actions vdd_restriction
01-01 08:26:30.110 I/ThermalEngine(  770): action_info 1
01-01 08:26:30.110 I/ThermalEngine(  770): descending
01-01 08:26:30.110 I/ThermalEngine(  770): [VDD_RSTR_MONITOR-TSENS16]
01-01 08:26:30.110 I/ThermalEngine(  770): #algo_type monitor
01-01 08:26:30.110 I/ThermalEngine(  770): sampling 1000
01-01 08:26:30.110 I/ThermalEngine(  770): sensor tsens_tz_sensor16
01-01 08:26:30.110 I/ThermalEngine(  770): thresholds 5000
01-01 08:26:30.110 I/ThermalEngine(  770): thresholds_clr 10000
01-01 08:26:30.111 I/ThermalEngine(  770): actions vdd_restriction
01-01 08:26:30.111 I/ThermalEngine(  770): action_info 1
01-01 08:26:30.111 I/ThermalEngine(  770): descending
01-01 08:26:30.111 I/ThermalEngine(  770): [VDD_RSTR_MONITOR-TSENS15]
01-01 08:26:30.111 I/ThermalEngine(  770): #algo_type monitor
01-01 08:26:30.111 I/ThermalEngine(  770): sampling 1000
01-01 08:26:30.111 I/ThermalEngine(  770): sensor tsens_tz_sensor15
01-01 08:26:30.111 I/ThermalEngine(  770): thresholds 5000
01-01 08:26:30.111 I/ThermalEngine(  770): thresholds_clr 10000
01-01 08:26:30.111 I/ThermalEngine(  770): actions vdd_restriction
01-01 08:26:30.111 I/ThermalEngine(  770): action_info 1
01-01 08:26:30.111 I/ThermalEngine(  770): descending
01-01 08:26:30.111 I/ThermalEngine(  770): [VDD_RSTR_MONITOR-TSENS14]
01-01 08:26:30.111 I/ThermalEngine(  770): #algo_type monitor
01-01 08:26:30.111 I/ThermalEngine(  770): sampling 1000
01-01 08:26:30.111 I/ThermalEngine(  770): sensor tsens_tz_sensor14
01-01 08:26:30.111 I/ThermalEngine(  770): thresholds 5000
01-01 08:26:30.112 I/ThermalEngine(  770): thresholds_clr 10000
01-01 08:26:30.112 I/ThermalEngine(  770): actions vdd_restriction
01-01 08:26:30.112 I/ThermalEngine(  770): action_info 1
01-01 08:26:30.112 I/ThermalEngine(  770): descending
01-01 08:26:30.112 I/ThermalEngine(  770): [VDD_RSTR_MONITOR-TSENS13]
01-01 08:26:30.112 I/ThermalEngine(  770): #algo_type monitor
01-01 08:26:30.112 I/ThermalEngine(  770): sampling 1000
01-01 08:26:30.112 I/ThermalEngine(  770): sensor tsens_tz_sensor13
01-01 08:26:30.112 I/ThermalEngine(  770): thresholds 5000
01-01 08:26:30.112 I/ThermalEngine(  770): thresholds_clr 10000
01-01 08:26:30.112 I/ThermalEngine(  770): actions vdd_restriction
01-01 08:26:30.112 I/ThermalEngine(  770): action_info 1
01-01 08:26:30.112 I/ThermalEngine(  770): descending
01-01 08:26:30.112 I/ThermalEngine(  770): [VDD_RSTR_MONITOR-TSENS12]
01-01 08:26:30.112 I/ThermalEngine(  770): #algo_type monitor
01-01 08:26:30.113 I/ThermalEngine(  770): sampling 1000
01-01 08:26:30.113 I/ThermalEngine(  770): sensor tsens_tz_sensor12
01-01 08:26:30.113 I/ThermalEngine(  770): thresholds 5000
01-01 08:26:30.113 I/ThermalEngine(  770): thresholds_clr 10000
01-01 08:26:30.113 I/ThermalEngine(  770): actions vdd_restriction
01-01 08:26:30.113 I/ThermalEngine(  770): action_info 1
01-01 08:26:30.113 I/ThermalEngine(  770): descending
01-01 08:26:30.113 I/ThermalEngine(  770): [VDD_RSTR_MONITOR-TSENS11]
01-01 08:26:30.113 I/ThermalEngine(  770): #algo_type monitor
01-01 08:26:30.113 I/ThermalEngine(  770): sampling 1000
01-01 08:26:30.113 I/ThermalEngine(  770): sensor tsens_tz_sensor11
01-01 08:26:30.113 I/ThermalEngine(  770): thresholds 5000
01-01 08:26:30.113 I/ThermalEngine(  770): thresholds_clr 10000
01-01 08:26:30.113 I/ThermalEngine(  770): actions vdd_restriction
01-01 08:26:30.113 I/ThermalEngine(  770): action_info 1
01-01 08:26:30.113 I/ThermalEngine(  770): descending
01-01 08:26:30.113 I/ThermalEngine(  770): [VDD_RSTR_MONITOR-TSENS10]
01-01 08:26:30.114 I/ThermalEngine(  770): #algo_type monitor
01-01 08:26:30.114 I/ThermalEngine(  770): sampling 1000
01-01 08:26:30.114 I/ThermalEngine(  770): sensor tsens_tz_sensor10
01-01 08:26:30.114 I/ThermalEngine(  770): thresholds 5000
01-01 08:26:30.114 I/ThermalEngine(  770): thresholds_clr 10000
01-01 08:26:30.114 I/ThermalEngine(  770): actions vdd_restriction
01-01 08:26:30.114 I/ThermalEngine(  770): action_info 1
01-01 08:26:30.114 I/ThermalEngine(  770): descending
01-01 08:26:30.114 I/ThermalEngine(  770): [VDD_RSTR_MONITOR-TSENS9]
01-01 08:26:30.114 I/ThermalEngine(  770): #algo_type monitor
01-01 08:26:30.114 I/ThermalEngine(  770): sampling 1000
01-01 08:26:30.114 I/ThermalEngine(  770): sensor tsens_tz_sensor9
01-01 08:26:30.114 I/ThermalEngine(  770): thresholds 5000
01-01 08:26:30.114 I/ThermalEngine(  770): thresholds_clr 10000
01-01 08:26:30.114 I/ThermalEngine(  770): actions vdd_restriction
01-01 08:26:30.114 I/ThermalEngine(  770): action_info 1
01-01 08:26:30.115 I/ThermalEngine(  770): descending
01-01 08:26:30.115 I/ThermalEngine(  770): [VDD_RSTR_MONITOR-TSENS8]
01-01 08:26:30.115 I/ThermalEngine(  770): #algo_type monitor
01-01 08:26:30.115 I/ThermalEngine(  770): sampling 1000
01-01 08:26:30.115 I/ThermalEngine(  770): sensor tsens_tz_sensor8
01-01 08:26:30.115 I/ThermalEngine(  770): thresholds 5000
01-01 08:26:30.115 I/ThermalEngine(  770): thresholds_clr 10000
01-01 08:26:30.115 I/ThermalEngine(  770): actions vdd_restriction
01-01 08:26:30.115 I/ThermalEngine(  770): action_info 1
01-01 08:26:30.115 I/ThermalEngine(  770): descending
01-01 08:26:30.115 I/ThermalEngine(  770): [VDD_RSTR_MONITOR-TSENS7]
01-01 08:26:30.115 I/ThermalEngine(  770): #algo_type monitor
01-01 08:26:30.115 I/ThermalEngine(  770): sampling 1000
01-01 08:26:30.115 I/ThermalEngine(  770): sensor tsens_tz_sensor7
01-01 08:26:30.115 I/ThermalEngine(  770): thresholds 5000
01-01 08:26:30.117 I/ThermalEngine(  770): thresholds_clr 10000
01-01 08:26:30.117 I/ThermalEngine(  770): actions vdd_restriction
01-01 08:26:30.117 I/ThermalEngine(  770): action_info 1
01-01 08:26:30.117 I/ThermalEngine(  770): descending
01-01 08:26:30.117 I/ThermalEngine(  770): [VDD_RSTR_MONITOR-TSENS6]
01-01 08:26:30.117 I/ThermalEngine(  770): #algo_type monitor
01-01 08:26:30.117 I/ThermalEngine(  770): sampling 1000
01-01 08:26:30.117 I/ThermalEngine(  770): sensor tsens_tz_sensor6
01-01 08:26:30.118 I/ThermalEngine(  770): thresholds 5000
01-01 08:26:30.118 I/ThermalEngine(  770): thresholds_clr 10000
01-01 08:26:30.118 I/ThermalEngine(  770): actions vdd_restriction
01-01 08:26:30.118 I/ThermalEngine(  770): action_info 1
01-01 08:26:30.118 I/ThermalEngine(  770): descending
01-01 08:26:30.118 I/ThermalEngine(  770): [VDD_RSTR_MONITOR-TSENS5]
01-01 08:26:30.118 I/ThermalEngine(  770): #algo_type monitor
01-01 08:26:30.414 I/slim_daemon(  824): [QMISLIM] slim_QSQmiSvcTask_Init: QMI-SLIM Service Task Initialized
01-01 08:26:30.423 E/slim_daemon(  824): [NDK] bindNDKSensors: Sensor server is unavailable.
01-01 08:26:30.423 I/slim_daemon(  824): [QMISLIM] QSQmiSvcTaskSvcCb_Open: Forwarding open request: flags=2 client_id=2 peer=1
01-01 08:26:30.424 I/slim_daemon(  824): [QMISLIM] slim_QSQmiSvcTask_HandleIpc: IPC_SLIM_QS_TO_TASK_SLIM_CALLBACK_MSG
01-01 08:26:30.424 I/slim_daemon(  824): [SLIM] slim_ProviderConfigure: Updated available providers for service 0: 00000001.
01-01 08:26:30.424 I/slim_daemon(  824): [SLIM] slim_ProviderConfigure: Updated available providers for service 1: 00000001.
01-01 08:26:30.424 I/slim_daemon(  824): [SLIM] slim_ProviderConfigure: Updated available providers for service 2: 00000001.
01-01 08:26:30.424 I/slim_daemon(  824): [SLIM] slim_ProviderConfigure: Updated available providers for service 3: 00000001.
01-01 08:26:30.425 E/LocSvc_api_v02(  824): I/locClientOpen:1872]: Service instance id is -1
01-01 08:26:30.426 E/LocSvc_api_v02(  824): I/---> locClientOpenInstance line 1752 loc client open
01-01 08:26:30.426 E/LocSvc_api_v02(  824): I/---> locClientSendReq line 2029 QMI_LOC_REG_EVENTS_REQ_V02
01-01 08:26:30.427 I/slim_daemon(  824): [SLIM] slim_ProviderConfigure: Updated available providers for service 7: 00000001.
01-01 08:26:30.427 I/slim_daemon(  824): [SLIM] slim_ProviderConfigure: Updated available providers for service 8: 00000001.
01-01 08:26:30.428 I/slim_daemon(  824): [SLIM] slim_ProviderConfigure: Updated available providers for service 13: 00000001.
01-01 08:26:30.428 I/slim_daemon(  824): [SLIM] slim_ProviderConfigure: Updated available providers for service 14: 00000001.
01-01 08:26:30.428 I/slim_daemon(  824): [SLIM] slim_ProviderConfigure: Updated available providers for service 16: 00000001.
01-01 08:26:30.436 E/LocSvc_api_v02(  824): I/---> locClientSupportMsgCheck line 2147 QMI_LOC_GET_SUPPORTED_MSGS_REQ_V02
01-01 08:26:30.445 E/LocSvc_api_v02(  824): I/---> locClientSendReq line 2029 QMI_LOC_QUERY_AON_CONFIG_REQ_V02
01-01 08:26:30.446 E/LocSvc_ApiV02(  824): I/<--- void globalRespCb(locClientHandleType, uint32_t, locClientRespIndUnionType, void*) line 115 QMI_LOC_QUERY_AON_CONFIG_REQ_V02
01-01 08:26:30.447 E/LocSvc_api_v02(  824): I/---> locClientSendReq line 2029 QMI_LOC_SET_PREMIUM_SERVICES_CONFIG_REQ_V02
01-01 08:26:30.448 E/LocSvc_ApiV02(  824): I/<--- void globalRespCb(locClientHandleType, uint32_t, locClientRespIndUnionType, void*) line 115 QMI_LOC_SET_PREMIUM_SERVICES_CONFIG_REQ_V02
01-01 08:26:30.448 E/LocSvc_api_v02(  824): I/---> locClientSendReq line 2029 QMI_LOC_SET_PREMIUM_SERVICES_CONFIG_REQ_V02
01-01 08:26:30.449 E/LocSvc_ApiV02(  824): I/<--- void globalRespCb(locClientHandleType, uint32_t, locClientRespIndUnionType, void*) line 115 QMI_LOC_SET_PREMIUM_SERVICES_CONFIG_REQ_V02
01-01 08:26:30.449 E/LocSvc_api_v02(  824): I/---> locClientSendReq line 2029 QMI_LOC_REG_EVENTS_REQ_V02
01-01 08:26:30.456 E/LocSvc_api_v02(  824): I/---> locClientSendReq line 2029 QMI_LOC_SET_GNSS_CONSTELL_REPORT_CONFIG_V02
01-01 08:26:30.457 E/LocSvc_ApiV02(  824): I/<--- void globalRespCb(locClientHandleType, uint32_t, locClientRespIndUnionType, void*) line 115 QMI_LOC_SET_GNSS_CONSTELL_REPORT_CONFIG_V02
01-01 08:26:30.483 W/XTCC-5.1.0.10(  816): [CCC-Main] wifi: 1, ap cell: 0, modem cell: 1, waa: 0, sstp: 0
01-01 08:26:30.496 E/XTCC-5.1.0.10(  816): [StorageMgr] init tile_folder = /data/misc/location/xtwifi
01-01 08:26:30.544 I/Gobi    (  788): vendor/qcom/proprietary/RIDL/RIDLClient/Android/main.cpp:75: Not running as root
01-01 08:26:30.544 I/Gobi    (  788): vendor/qcom/proprietary/RIDL/RIDLClient/Component.cpp:925: Running command logcat -v time -d > /data/misc/SelfHost/RIDLCrash.txt
01-01 08:26:30.601 E/XTCC-5.1.0.10(  816): [CacheMgr] populateSavedBalacklistedAps: failed: 101
01-01 08:26:30.601 E/QCALOG  (  785): [MessageQ] ProcessNewMessage: [NOT_REGISTERED:816] unknown deliver target [OS-Agent]
01-01 08:26:30.604 E/XTCC-5.1.0.10(  816): [FDAL_Manager] init: failed to retrieve WLAN_FDAL_ENABLEMENT_CONTROL, default true
01-01 08:26:30.616 E/LocSvc_api_v02(  816): I/locClientOpen:1872]: Service instance id is -1
01-01 08:26:30.616 E/LocSvc_api_v02(  816): I/---> locClientOpenInstance line 1752 loc client open
01-01 08:26:30.617 E/LocSvc_api_v02(  816): I/---> locClientSendReq line 2029 QMI_LOC_REG_EVENTS_REQ_V02
01-01 08:26:30.629 E/LocSvc_api_v02(  816): I/---> locClientSupportMsgCheck line 2147 QMI_LOC_GET_SUPPORTED_MSGS_REQ_V02
01-01 08:26:30.629 V/AudioDaemonMain(  800): Audio daemon starting sequence..
01-01 08:26:30.629 V/AudioDaemon(  800): Start audiod daemon
01-01 08:26:30.636 V/AudioDaemon(  800): readyToRun: open snd card state node files
01-01 08:26:30.636 V/AudioDaemon(  800): Start threadLoop()
01-01 08:26:30.636 D/AudioDaemon(  800): Opening sound card state : /proc/asound/card0/state
01-01 08:26:30.636 E/LocSvc_api_v02(  816): I/---> locClientSendReq line 2029 QMI_LOC_QUERY_AON_CONFIG_REQ_V02
01-01 08:26:30.636 V/AudioDaemon(  800): bool android::AudioDaemon::getStateFDs(std::__1::vector<std::__1::pair<int, int> >&): 1 sound cards detected
01-01 08:26:30.636 V/AudioDaemon(  800): bool android::AudioDaemon::getDeviceEventFDs(): 0 audio device event detected
01-01 08:26:30.636 E/AudioDaemon(  800): No audio device events detected
01-01 08:26:30.636 D/AudioDaemon(  800): Opening cpe0_state : /proc/asound/card0/cpe0_state
01-01 08:26:30.636 E/AudioDaemon(  800): CPE state open /proc/asound/card0/cpe0_state failed No such file or directory, Retrying 1
01-01 08:26:30.638 E/LocSvc_ApiV02(  816): I/<--- void globalRespCb(locClientHandleType, uint32_t, locClientRespIndUnionType, void*) line 115 QMI_LOC_QUERY_AON_CONFIG_REQ_V02
01-01 08:26:30.639 E/LocSvc_api_v02(  816): I/---> locClientSendReq line 2029 QMI_LOC_SET_PREMIUM_SERVICES_CONFIG_REQ_V02
01-01 08:26:30.640 E/LocSvc_ApiV02(  816): I/<--- void globalRespCb(locClientHandleType, uint32_t, locClientRespIndUnionType, void*) line 115 QMI_LOC_SET_PREMIUM_SERVICES_CONFIG_REQ_V02
01-01 08:26:30.640 E/LocSvc_api_v02(  816): I/---> locClientSendReq line 2029 QMI_LOC_SET_PREMIUM_SERVICES_CONFIG_REQ_V02
01-01 08:26:30.640 E/LocSvc_ApiV02(  816): I/<--- void globalRespCb(locClientHandleType, uint32_t, locClientRespIndUnionType, void*) line 115 QMI_LOC_SET_PREMIUM_SERVICES_CONFIG_REQ_V02
01-01 08:26:30.712 E/XTCC-5.1.0.10(  816): [TdpCsClient] unknown postcard info. reason:REGISTER-EVENT, 
01-01 08:26:30.712 E/XTCC-5.1.0.10(  816): [TdpCsClient] unknown postcard info. reason:REGISTER-EVENT, 
01-01 08:26:30.714 I/usf_proximity(  801): main: main entry
01-01 08:26:30.718 E/XTCC-5.1.0.10(  816): [TdpCsClient] unknown postcard info. reason:REGISTER-EVENT, 
01-01 08:26:30.719 E/LocSvc_api_v02(  816): I/---> locClientSendReq line 2029 QMI_LOC_INJECT_APDONOTCACHE_DATA_REQ_V02
01-01 08:26:30.719 E/XTCC-5.1.0.10(  816): [TdpCsClient] unknown postcard info. reason:REGISTER-EVENT, 
01-01 08:26:30.727 I/usf_proximity(  801): createFifo: fifo already exists, might have data from prior run
01-01 08:26:30.737 E/AudioDaemon(  800): CPE state open /proc/asound/card0/cpe0_state failed No such file or directory, Retrying 2
01-01 08:26:30.837 D/AudioDaemon(  800): number of sndcards 1 CPEs 0
01-01 08:26:30.837 D/AudioDaemon(  800): read for sound card state change before while
01-01 08:26:30.837 D/AudioDaemon(  800): sound card state file content: ONLINE
01-01 08:26:30.837 D/AudioDaemon(  800):  before while
01-01 08:26:30.837 E/AudioDaemon(  800): put cur_state to online
01-01 08:26:30.837 D/AudioDaemon(  800): cur_state=0, bootup_complete=0
01-01 08:26:30.837 E/AudioDaemon(  800): sound card up is deteced before while
01-01 08:26:30.837 E/AudioDaemon(  800): bootup_complete set to 1
01-01 08:26:30.837 E/AudioDaemon(  800): read for event state change before while
01-01 08:26:30.837 D/AudioDaemon(  800): poll() for sound card state change 
01-01 08:26:31.031 D/com.qualcomm.qti.qseeproxy-daemon(  789): Starting service: com.qualcomm.qti.qseeproxy
01-01 08:26:31.037 D/com.qualcomm.qti.qseeproxy-daemon(  789): QSEEConnector service is now ready
01-01 08:26:31.086 D/SRS_Spools_V2(  756): DSEC_DMO_Token ERR: Unable to open key file. - /system/etc/srs/dts.lic
01-01 08:26:31.086 D/SRS_Spools_V2(  756): DSEC_RET_Token ERR: Unable to open key file. - /system/etc/srs/dts.lic
01-01 08:26:31.086 D/SRS_Spools_V2(  756): DSEC_DMO_Token ERR: Unable to open key file. - /system/etc/srs/dts.lic
01-01 08:26:31.086 D/SRS_Spools_V2(  756): DSEC_RET_Token ERR: Unable to open key file. - /system/etc/srs/dts.lic
01-01 08:26:31.086 V/SRS_ProcT(  756): TRUMEDIA_DSP_VERSION_STRING = v3.1.6.0
01-01 08:26:31.114 D/SRS_QDSP_Adapter(  756): Control used - SRS TruMedia
01-01 08:26:31.114 W/SRS_QDSP_Adapter(  756): Mixer opened 0xf6616000
01-01 08:26:31.114 W/SRS_QDSP_Adapter(  756): SRS TruMedia ctl opened 0xf6620264
01-01 08:26:31.114 W/SRS_QDSP_Adapter(  756): Not creating SRS DSP thread.
01-01 08:26:31.123 I/mediaserver(  756): ServiceManager: 0xf668e240
01-01 08:26:31.123 I/AudioFlinger(  756): Using default 3000 mSec as standby time.
01-01 08:26:31.124 E/        (  756): batterystats service unavailable!
01-01 08:26:31.124 I/qcom-bluetooth( 1025): /system/etc/init.qcom.bt.sh: Bluetooth stack is Bluedroid 
01-01 08:26:31.125 E/        (  756): batterystats service unavailable!
01-01 08:26:31.125 E/ExtendedServiceUtils(  756): player_type 6
01-01 08:26:31.125 E/ExtendedServiceUtils(  756): Creating DashPlayer Factory
01-01 08:26:31.126 I/CameraService(  756): CameraService started (pid=756)
01-01 08:26:31.126 I/CameraService(  756): CameraService process starting
01-01 08:26:31.126 E/        (  756): batterystats service unavailable!
01-01 08:26:31.126 E/        (  756): batterystats service unavailable!
01-01 08:26:31.153 I/QFP     (  796): main: App build date: Jun 23 2016 22:32:15 
01-01 08:26:31.153 W/QFP     (  796): main: fingerprint not enabled, suspending
01-01 08:26:31.179 D/QVOP    (  798): main: App build date: Aug 23 2016 10:10:54
01-01 08:26:31.179 D/QVOP    (  798): main: voiceprint not enabled, suspending
01-01 08:26:31.412 D/AndroidRuntime(  775): >>>>>> START com.android.internal.os.ZygoteInit uid 0 <<<<<<
01-01 08:26:31.415 E/        (  768): Entered main routine of WiFiDisplayService
01-01 08:26:31.415 E/WiFiDisplayService(  768): Bon jour from WiFiDisplayService
01-01 08:26:31.417 E/WiFiDisplayService(  768): Added WiFiDisplayService
01-01 08:26:31.424 E/slim_daemon(  824): [NDK] bindNDKSensors: Sensor server is unavailable.
01-01 08:26:31.440 I/mm-camera(  790): < INFO> 420: void init(): memleak lib init.
01-01 08:26:31.441 I/mm-camera(  790): < INFO> 439: void init(): memleak tracer not attached
01-01 08:26:31.517 D/AndroidRuntime(  775): CheckJNI is OFF
01-01 08:26:31.527 I/art     (  775): option[0]=-Xzygote
01-01 08:26:31.527 I/art     (  775): option[1]=-Xstacktracefile:/data/anr/traces.txt
01-01 08:26:31.527 I/art     (  775): option[2]=exit
01-01 08:26:31.527 I/art     (  775): option[3]=vfprintf
01-01 08:26:31.527 I/art     (  775): option[4]=sensitiveThread
01-01 08:26:31.527 I/art     (  775): option[5]=-verbose:gc
01-01 08:26:31.527 I/art     (  775): option[6]=-Xms8m
01-01 08:26:31.527 I/art     (  775): option[7]=-Xmx512m
01-01 08:26:31.527 I/art     (  775): option[8]=-XX:HeapGrowthLimit=256m
01-01 08:26:31.527 I/art     (  775): option[9]=-XX:HeapMinFree=512k
01-01 08:26:31.527 I/art     (  775): option[10]=-XX:HeapMaxFree=8m
01-01 08:26:31.527 I/art     (  775): option[11]=-XX:HeapTargetUtilization=0.75
01-01 08:26:31.527 I/art     (  775): option[12]=-agentlib:jdwp=transport=dt_android_adb,suspend=n,server=y
01-01 08:26:31.527 I/art     (  775): option[13]=-Xlockprofthreshold:500
01-01 08:26:31.527 I/art     (  775): option[14]=-Ximage-compiler-option
01-01 08:26:31.527 I/art     (  775): option[15]=--runtime-arg
01-01 08:26:31.527 I/art     (  775): option[16]=-Ximage-compiler-option
01-01 08:26:31.527 I/art     (  775): option[17]=-Xms64m
01-01 08:26:31.527 I/art     (  775): option[18]=-Ximage-compiler-option
01-01 08:26:31.527 I/art     (  775): option[19]=--runtime-arg
01-01 08:26:31.527 I/art     (  775): option[20]=-Ximage-compiler-option
01-01 08:26:31.527 I/art     (  775): option[21]=-Xmx64m
01-01 08:26:31.527 I/art     (  775): option[22]=-Ximage-compiler-option
01-01 08:26:31.527 I/art     (  775): option[23]=--image-classes=/system/etc/preloaded-classes
01-01 08:26:31.527 I/art     (  775): option[24]=-Xcompiler-option
01-01 08:26:31.527 I/art     (  775): option[25]=--runtime-arg
01-01 08:26:31.527 I/art     (  775): option[26]=-Xcompiler-option
01-01 08:26:31.527 I/art     (  775): option[27]=-Xms64m
01-01 08:26:31.528 I/art     (  775): option[28]=-Xcompiler-option
01-01 08:26:31.528 I/art     (  775): option[29]=--runtime-arg
01-01 08:26:31.528 I/art     (  775): option[30]=-Xcompiler-option
01-01 08:26:31.528 I/art     (  775): option[31]=-Xmx512m
01-01 08:26:31.528 I/art     (  775): option[32]=-Ximage-compiler-option
01-01 08:26:31.528 I/art     (  775): option[33]=--instruction-set-variant=kryo
01-01 08:26:31.528 I/art     (  775): option[34]=-Xcompiler-option
01-01 08:26:31.528 I/art     (  775): option[35]=--instruction-set-variant=kryo
01-01 08:26:31.528 I/art     (  775): option[36]=-Ximage-compiler-option
01-01 08:26:31.528 I/art     (  775): option[37]=--instruction-set-features=default
01-01 08:26:31.528 I/art     (  775): option[38]=-Xcompiler-option
01-01 08:26:31.528 I/art     (  775): option[39]=--instruction-set-features=default
01-01 08:26:31.528 I/art     (  775): option[40]=-Duser.locale=en-US
01-01 08:26:31.528 I/art     (  775): option[41]=--cpu-abilist=arm64-v8a
01-01 08:26:31.528 I/art     (  775): option[42]=-Xfingerprint:Android/msm8996/msm8996:6.0.1/MXB48T/will08230930:userdebug/test-keys
01-01 08:26:31.537 D/AndroidRuntime(  776): >>>>>> START com.android.internal.os.ZygoteInit uid 0 <<<<<<
01-01 08:26:31.574 E/mm-camera(  790): <SENSOR><ERROR> 385: eebin_read: failed!
01-01 08:26:31.574 E/mm-camera(  790): <SENSOR><ERROR> 385: eebin_read: failed!
01-01 08:26:31.574 E/mm-camera(  790): <SENSOR><ERROR> 489: sensor_init_probe: failed: to probe eeprom bin sensors (non-fatal)
01-01 08:26:31.580 D/AndroidRuntime(  776): CheckJNI is OFF
01-01 08:26:31.595 I/art     (  776): option[0]=-Xzygote
01-01 08:26:31.595 I/art     (  776): option[1]=-Xstacktracefile:/data/anr/traces.txt
01-01 08:26:31.595 I/art     (  776): option[2]=exit
01-01 08:26:31.595 I/art     (  776): option[3]=vfprintf
01-01 08:26:31.595 I/art     (  776): option[4]=sensitiveThread
01-01 08:26:31.595 I/art     (  776): option[5]=-verbose:gc
01-01 08:26:31.595 I/art     (  776): option[6]=-Xms8m
01-01 08:26:31.595 I/art     (  776): option[7]=-Xmx512m
01-01 08:26:31.595 I/art     (  776): option[8]=-XX:HeapGrowthLimit=256m
01-01 08:26:31.595 I/art     (  776): option[9]=-XX:HeapMinFree=512k
01-01 08:26:31.595 I/art     (  776): option[10]=-XX:HeapMaxFree=8m
01-01 08:26:31.595 I/art     (  776): option[11]=-XX:HeapTargetUtilization=0.75
01-01 08:26:31.595 I/art     (  776): option[12]=-agentlib:jdwp=transport=dt_android_adb,suspend=n,server=y
01-01 08:26:31.595 I/art     (  776): option[13]=-Xlockprofthreshold:500
01-01 08:26:31.595 I/art     (  776): option[14]=-Ximage-compiler-option
01-01 08:26:31.595 I/art     (  776): option[15]=--runtime-arg
01-01 08:26:31.595 I/art     (  776): option[16]=-Ximage-compiler-option
01-01 08:26:31.595 I/art     (  776): option[17]=-Xms64m
01-01 08:26:31.595 I/art     (  776): option[18]=-Ximage-compiler-option
01-01 08:26:31.595 I/art     (  776): option[19]=--runtime-arg
01-01 08:26:31.595 I/art     (  776): option[20]=-Ximage-compiler-option
01-01 08:26:31.595 I/art     (  776): option[21]=-Xmx64m
01-01 08:26:31.595 I/art     (  776): option[22]=-Ximage-compiler-option
01-01 08:26:31.595 I/art     (  776): option[23]=--image-classes=/system/etc/preloaded-classes
01-01 08:26:31.595 I/art     (  776): option[24]=-Xcompiler-option
01-01 08:26:31.595 I/art     (  776): option[25]=--runtime-arg
01-01 08:26:31.595 I/art     (  776): option[26]=-Xcompiler-option
01-01 08:26:31.595 I/art     (  776): option[27]=-Xms64m
01-01 08:26:31.595 I/art     (  776): option[28]=-Xcompiler-option
01-01 08:26:31.595 I/art     (  776): option[29]=--runtime-arg
01-01 08:26:31.595 I/art     (  776): option[30]=-Xcompiler-option
01-01 08:26:31.595 I/art     (  776): option[31]=-Xmx512m
01-01 08:26:31.595 I/art     (  776): option[32]=-Ximage-compiler-option
01-01 08:26:31.595 I/art     (  776): option[33]=--instruction-set-variant=cortex-a53
01-01 08:26:31.595 I/art     (  776): option[34]=-Xcompiler-option
01-01 08:26:31.595 I/art     (  776): option[35]=--instruction-set-variant=cortex-a53
01-01 08:26:31.595 I/art     (  776): option[36]=-Ximage-compiler-option
01-01 08:26:31.595 I/art     (  776): option[37]=--instruction-set-features=default
01-01 08:26:31.595 I/art     (  776): option[38]=-Xcompiler-option
01-01 08:26:31.595 I/art     (  776): option[39]=--instruction-set-features=default
01-01 08:26:31.595 I/art     (  776): option[40]=-Duser.locale=en-US
01-01 08:26:31.595 I/art     (  776): option[41]=--cpu-abilist=armeabi-v7a,armeabi
01-01 08:26:31.595 I/art     (  776): option[42]=-Xfingerprint:Android/msm8996/msm8996:6.0.1/MXB48T/will08230930:userdebug/test-keys
01-01 08:26:31.596 I/Gobi    (  788): vendor/qcom/proprietary/RIDL/RIDLClient/Component.cpp:968: Run command logcat -v time -d > /data/misc/SelfHost/RIDLCrash.txt done
01-01 08:26:31.596 I/Gobi    (  788): vendor/qcom/proprietary/RIDL/RIDLClient/Component.cpp:925: Running command getprop ro.build.version.release
01-01 08:26:31.599 W/art     (  775): 70416000-71143000 rw-p 00000000 fd:00 2195460                            /data/dalvik-cache/arm64/system@framework@boot.art
01-01 08:26:31.599 W/art     (  775): 556e640000-556e644000 r-xp 00000000 b3:10 538                            /system/bin/app_process64
01-01 08:26:31.599 W/art     (  775): 556e654000-556e655000 r--p 00004000 b3:10 538                            /system/bin/app_process64
01-01 08:26:31.599 W/art     (  775): 556e655000-556e656000 rw-p 00005000 b3:10 538                            /system/bin/app_process64
01-01 08:26:31.599 W/art     (  775): 7f7d932000-7f7f83c000 r--p 00000000 b3:10 1698                           /system/framework/arm64/boot.oat
01-01 08:26:31.599 W/art     (  775): 7f7f83c000-7f8197f000 r-xp 01f0a000 b3:10 1698                           /system/framework/arm64/boot.oat
01-01 08:26:31.599 W/art     (  775): 7f8197f000-7f81980000 rw-p 0404d000 b3:10 1698                           /system/framework/arm64/boot.oat
01-01 08:26:31.599 W/art     (  775): 7f81980000-7f819c0000 rw-p 00000000 00:00 0                              [anon:libc_malloc]
01-01 08:26:31.599 W/art     (  775): 7f819f4000-7f81fd9000 r-xp 00000000 b3:10 2258                           /system/lib64/libart.so
01-01 08:26:31.599 W/art     (  775): 7f81fd9000-7f81fe8000 ---p 00000000 00:00 0 
01-01 08:26:31.599 W/art     (  775): 7f81fe8000-7f81ffb000 r--p 005ee000 b3:10 2258                           /system/lib64/libart.so
01-01 08:26:31.599 W/art     (  775): 7f81ffb000-7f81ffd000 rw-p 00601000 b3:10 2258                           /system/lib64/libart.so
01-01 08:26:31.599 W/art     (  775): 7f81ffd000-7f82000000 rw-p 00000000 00:00 0 
01-01 08:26:31.599 W/art     (  775): 7f82000000-7f82080000 rw-p 00000000 00:00 0                              [anon:libc_malloc]
01-01 08:26:31.599 W/art     (  775): 7f82086000-7f820ac000 r--p 00d2d000 fd:00 2195460                        /data/dalvik-cache/arm64/system@framework@boot.art
01-01 08:26:31.599 W/art     (  775): 7f820ac000-7f820ad000 r-xp 00000000 b3:10 2433                           /system/lib64/libsigchain.so
01-01 08:26:31.599 W/art     (  775): 7f820ad000-7f820bc000 ---p 00000000 00:00 0 
01-01 08:26:31.599 W/art     (  775): 7f820bc000-7f820bd000 r--p 00000000 b3:10 2433                           /system/lib64/libsigchain.so
01-01 08:26:31.599 W/art     (  775): 7f820bd000-7f820be000 rw-p 00001000 b3:10 2433                           /system/lib64/libsigchain.so
01-01 08:26:31.600 W/art     (  775): 7f820be000-7f820e9000 r-xp 00000000 b3:10 2290                           /system/lib64/libdashplayer.so
01-01 08:26:31.600 W/art     (  775): 7f820e9000-7f820f8000 ---p 00000000 00:00 0 
01-01 08:26:31.600 W/art     (  775): 7f820f8000-7f820fa000 r--p 0002b000 b3:10 2290                           /system/lib64/libdashplayer.so
01-01 08:26:31.600 W/art     (  775): 7f820fa000-7f820fb000 rw-p 0002d000 b3:10 2290                           /system/lib64/libdashplayer.so
01-01 08:26:31.600 W/art     (  775): 7f820fb000-7f8212f000 r-xp 00000000 b3:10 2476                           /system/lib64/libstagefright_wfd.so
01-01 08:26:31.600 W/art     (  775): 7f8212f000-7f8213f000 ---p 00000000 00:00 0 
01-01 08:26:31.600 W/art     (  775): 7f8213f000-7f82142000 r--p 00036000 b3:10 2476                           /system/lib64/libstagefright_wfd.so
01-01 08:26:31.600 W/art     (  775): 7f82142000-7f82143000 rw-p 00039000 b3:10 2476                           /system/lib64/libstagefright_wfd.so
01-01 08:26:31.600 W/art     (  775): 7f82143000-7f821f8000 r-xp 00000000 b3:10 2379                           /system/lib64/libmediaplayerservice.so
01-01 08:26:31.600 W/art     (  775): 7f821f8000-7f82208000 ---p 00000000 00:00 0 
01-01 08:26:31.600 W/art     (  775): 7f82208000-7f82216000 r--p 000bb000 b3:10 2379                           /system/lib64/libmediaplayerservice.so
01-01 08:26:31.600 W/art     (  775): 7f82216000-7f82217000 rw-p 000c9000 b3:10 2379                           /system/lib64/libmediaplayerservice.so
01-01 08:26:31.600 W/art     (  775): 7f82217000-7f82242000 r-xp 00000000 b3:10 2453                           /system/lib64/libstagefright_httplive.so
01-01 08:26:31.600 W/art     (  775): 7f82242000-7f82251000 ---p 00000000 00:00 0 
01-01 08:26:31.600 W/art     (  775): 7f82251000-7f82254000 r--p 0002a000 b3:10 2453                           /system/lib64/libstagefright_httplive.so
01-01 08:26:31.600 W/art     (  775): 7f82254000-7f82255000 rw-p 0002d000 b3:10 2453                           /system/lib64/libstagefright_httplive.so
01-01 08:26:31.600 W/art     (  775): 7f82255000-7f822aa000 r-xp 00000000 b3:10 4491                           /system/vendor/lib64/libavenhancements.so
01-01 08:26:31.600 W/art     (  775): 7f822aa000-7f822ba000 ---p 00000000 00:00 0 
01-01 08:26:31.600 W/art     (  775): 7f822ba000-7f822bf000 r--p 0005a000 b3:10 4491                           /system/vendor/lib64/libavenhancements.so
01-01 08:26:31.600 W/art     (  775): 7f822bf000-7f822c0000 rw-p 0005f000 b3:10 4491                           /system/vendor/lib64/libavenhancements.so
01-01 08:26:31.600 W/art     (  775): 7f822c0000-7f82300000 rw-p 00000000 00:00 0                              [anon:libc_malloc]
01-01 08:26:31.600 W/art     (  775): 7f82301000-7f82302000 r-xp 00000000 b3:10 4442                           /system/vendor/lib64/libExtendedExtractor.so
01-01 08:26:31.600 W/art     (  775): 7f82302000-7f82312000 ---p 00000000 00:00 0 
01-01 08:26:31.600 W/art     (  775): 7f82312000-7f82313000 r--p 00001000 b3:10 4442                           /system/vendor/lib64/libExtendedExtractor.so
01-01 08:26:31.600 W/art     (  775): 7f82313000-7f82314000 rw-p 00002000 b3:10 4442                           /system/vendor/lib64/libExtendedExtractor.so
01-01 08:26:31.600 W/art     (  775): 7f82314000-7f82319000 r-xp 00000000 b3:10 4653                           /system/vendor/lib64/libvendorconn.so
01-01 08:26:31.600 W/art     (  775): 7f82319000-7f82328000 ---p 00000000 00:00 0 
01-01 08:26:31.600 W/art     (  775): 7f82328000-7f82329000 r--p 00004000 b3:10 4653                           /system/vendor/lib64/libvendorconn.so
01-01 08:26:31.600 W/art     (  775): 7f82329000-7f8232a000 rw-p 00005000 b3:10 4653                           /system/vendor/lib64/libvendorconn.so
01-01 08:26:31.600 W/art     (  775): 7f8232a000-7f8232e000 r-xp 00000000 b3:10 4501                           /system/vendor/lib64/libcneconn.so
01-01 08:26:31.600 W/art     (  775): 7f8232e000-7f8233e000 ---p 00000000 00:00 0 
01-01 08:26:31.600 W/art     (  775): 7f8233e000-7f8233f000 r--p 00004000 b3:10 4501                           /system/vendor/lib64/libcneconn.so
01-01 08:26:31.600 W/art     (  775): 7f8233f000-7f82340000 rw-p 00005000 b3:10 4501                           /system/vendor/lib64/libcneconn.so
01-01 08:26:31.600 W/art     (  775): 7f82340000-7f82540000 rw-p 00000000 00:00 0                              [anon:libc_malloc]
01-01 08:26:31.600 W/art     (  775): 7f82547000-7f82548000 r--p 00000000 00:00 0                              [anon:linker_alloc]
01-01 08:26:31.600 W/art     (  775): 7f82549000-7f8254d000 r--p 00000000 00:00 0 
01-01 08:26:31.600 W/art     (  775): 7f8254d000-7f8254e000 r--p 00000000 00:00 0                              [anon:linker_alloc]
01-01 08:26:31.600 W/art     (  775): 7f8254e000-7f8256e000 r--s 00000000 00:0d 15189                          /dev/__properties__
01-01 08:26:31.600 W/art     (  775): 7f8256e000-7f8256f000 rw-p 00000000 00:00 0                              [anon:linker_alloc_vector]
01-01 08:26:31.600 W/art     (  775): 7f8256f000-7f82570000 r--p 00000000 00:00 0                              [anon:linker_alloc]
01-01 08:26:31.600 W/art     (  775): 7f82570000-7f82571000 rw-p 00000000 00:00 0                              [anon:linker_alloc_vector]
01-01 08:26:31.600 W/art     (  775): 7f82571000-7f82572000 r--p 00000000 00:00 0 
01-01 08:26:31.600 W/art     (  775): 7f82572000-7f83489000 r-xp 00000000 b3:10 2230                           /system/lib64/libLLVM.so
01-01 08:26:31.600 W/art     (  775): 7f83489000-7f83499000 ---p 00000000 00:00 0 
01-01 08:26:31.600 W/art     (  775): 7f83499000-7f83534000 r--p 00f24000 b3:10 2230                           /system/lib64/libLLVM.so
01-01 08:26:31.600 W/art     (  775): 7f83534000-7f83538000 rw-p 00fbf000 b3:10 2230                           /system/lib64/libLLVM.so
01-01 08:26:31.600 W/art     (  775): 7f83538000-7f83546000 rw-p 00000000 00:00 0 
01-01 08:26:31.600 W/art     (  775): 7f83546000-7f83590000 r-xp 00000000 b3:10 2271                           /system/lib64/libbcinfo.so
01-01 08:26:31.600 W/art     (  775): 7f83590000-7f835a0000 ---p 00000000 00:00 0 
01-01 08:26:31.600 W/art     (  775): 7f835a0000-7f835a1000 r--p 0004a000 b3:10 2271                           /system/lib64/libbcinfo.so
01-01 08:26:31.600 W/art     (  775): 7f835a1000-7f835a2000 rw-p 0004b000 b3:10 2271                           /system/lib64/libbcinfo.so
01-01 08:26:31.600 W/art     (  775): 7f835a2000-7f83603000 r-xp 00000000 b3:10 2270          
01-01 08:26:31.600 W/art     (  775):                  /system/lib64/libbcc.so
01-01 08:26:31.600 W/art     (  775): 7f83603000-7f83612000 ---p 00000000 00:00 0 
01-01 08:26:31.600 W/art     (  775): 7f83612000-7f83614000 r--p 00061000 b3:10 2270                           /system/lib64/libbcc.so
01-01 08:26:31.600 W/art     (  775): 7f83614000-7f83615000 rw-p 00063000 b3:10 2270                           /system/lib64/libbcc.so
01-01 08:26:31.600 W/art     (  775): 7f83615000-7f83621000 r-xp 00000000 b3:10 2284                           /system/lib64/libcommon_time_client.so
01-01 08:26:31.600 W/art     (  775): 7f83621000-7f83630000 ---p 00000000 00:00 0 
01-01 08:26:31.600 W/art     (  775): 7f83630000-7f83635000 r--p 0000f000 b3:10 2284                           /system/lib64/libcommon_time_client.so
01-01 08:26:31.600 W/art     (  775): 7f83635000-7f83636000 rw-p 00014000 b3:10 2284                           /system/lib64/libcommon_time_client.so
01-01 08:26:31.600 W/art     (  775): 7f83636000-7f83659000 r-xp 00000000 b3:10 2409                           /system/lib64/libprotobuf-cpp-lite.so
01-01 08:26:31.600 W/art     (  775): 7f83659000-7f83669000 ---p 00000000 00:00 0 
01-01 08:26:31.600 W/art     (  775): 7f83669000-7f8366a000 r--p 00023000 b3:10 2409                           /system/lib64/libprotobuf-cpp-lite.so
01-01 08:26:31.600 W/art     (  775): 7f8366a000-7f8366b000 rw-p 00024000 b3:10 2409                           /system/lib64/libprotobuf-cpp-lite.so
01-01 08:26:31.600 W/art     (  775): 7f8366b000-7f8366d000 r--p 00000000 00:00 0                              [anon:linker_alloc]
01-01 08:26:31.601 W/art     (  775): 7f8366d000-7f83677000 r-xp 00000000 b3:10 2449                           /system/lib64/libstagefright_avc_common.so
01-01 08:26:31.601 W/art     (  775): 7f83677000-7f83686000 ---p 00000000 00:00 0 
01-01 08:26:31.601 W/art     (  775): 7f83686000-7f83687000 r--p 00009000 b3:10 2449                           /system/lib64/libstagefright_avc_common.so
01-01 08:26:31.601 W/art     (  775): 7f83687000-7f83688000 rw-p 0000a000 b3:10 2449                           /system/lib64/libstagefright_avc_common.so
01-01 08:26:31.601 W/art     (  775): 7f83688000-7f83689000 r-xp 00000000 b3:10 2450                           /system/lib64/libstagefright_enc_common.so
01-01 08:26:31.601 W/art     (  775): 7f83689000-7f83698000 ---p 00000000 00:00 0 
01-01 08:26:31.601 W/art     (  775): 7f83698000-7f83699000 r--p 00000000 b3:10 2450                           /system/lib64/libstagefright_enc_common.so
01-01 08:26:31.601 W/art     (  775): 7f83699000-7f8369a000 rw-p 00001000 b3:10 2450                           /system/lib64/libstagefright_enc_common.so
01-01 08:26:31.601 W/art     (  775): 7f8369a000-7f8369d000 r-xp 00000000 b3:10 2406                           /system/lib64/libpowermanager.so
01-01 08:26:31.601 W/art     (  775): 7f8369d000-7f836ad000 ---p 00000000 00:00 0 
01-01 08:26:31.601 W/art     (  775): 7f836ad000-7f836ae000 r--p 00003000 b3:10 2406                           /system/lib64/libpowermanager.so
01-01 08:26:31.601 W/art     (  775): 7f836ae000-7f836af000 rw-p 00004000 b3:10 2406                           /system/lib64/libpowermanager.so
01-01 08:26:31.601 W/art     (  775): 7f836af000-7f836cc000 r-xp 00000000 b3:10 2496                           /system/lib64/libvorbisidec.so
01-01 08:26:31.601 W/art     (  775): 7f836cc000-7f836db000 ---p 00000000 00:00 0 
01-01 08:26:31.601 W/art     (  775): 7f836db000-7f836dc000 r--p 0001c000 b3:10 2496                           /system/lib64/libvorbisidec.so
01-01 08:26:31.601 W/art     (  775): 7f836dc000-7f836dd000 rw-p 0001d000 b3:10 2496                           /system/lib64/libvorbisidec.so
01-01 08:26:31.601 W/art     (  775): 7f836dd000-7f836e0000 r-xp 00000000 b3:10 2477                           /system/lib64/libstagefright_yuv.so
01-01 08:26:31.601 W/art     (  775): 7f836e0000-7f836ef000 ---p 00000000 00:00 0 
01-01 08:26:31.601 W/art     (  775): 7f836ef000-7f836f0000 r--p 00002000 b3:10 2477                           /system/lib64/libstagefright_yuv.so
01-01 08:26:31.601 W/art     (  775): 7f836f0000-7f836f1000 rw-p 00003000 b3:10 2477                           /system/lib64/libstagefright_yuv.so
01-01 08:26:31.601 W/art     (  775): 7f836f1000-7f83726000 r-xp 00000000 b3:10 2454                           /system/lib64/libstagefright_omx.so
01-01 08:26:31.601 W/art     (  775): 7f83726000-7f83735000 ---p 00000000 00:00 0 
01-01 08:26:31.601 W/art     (  775): 7f83735000-7f8373a000 r--p 0003a000 b3:10 2454                           /system/lib64/libstagefright_omx.so
01-01 08:26:31.601 W/art     (  775): 7f8373a000-7f8373b000 rw-p 0003f000 b3:10 2454                           /system/lib64/libstagefright_omx.so
01-01 08:26:31.601 W/art     (  775): 7f8373b000-7f83786000 r-xp 00000000 b3:10 2397                           /system/lib64/libopus.so
01-01 08:26:31.601 W/art     (  775): 7f83786000-7f83796000 ---p 00000000 00:00 0 
01-01 08:26:31.601 W/art     (  775): 7f83796000-7f83797000 r--p 0004b000 b3:10 2397                           /system/lib64/libopus.so
01-01 08:26:31.601 W/art     (  775): 7f83797000-7f83798000 rw-p 0004c000 b3:10 2397                           /system/lib64/libopus.so
01-01 08:26:31.601 W/art     (  775): 7f83798000-7f8379f000 r-xp 00000000 b3:10 2380                           /system/lib64/libmediautils.so
01-01 08:26:31.601 W/art     (  775): 7f8379f000-7f837ae000 ---p 00000000 00:00 0 
01-01 08:26:31.601 W/art     (  775): 7f837ae000-7f837b0000 r--p 00007000 b3:10 2380                           /system/lib64/libmediautils.so
01-01 08:26:31.601 W/art     (  775): 7f837b0000-7f837b1000 rw-p 00009000 b3:10 2380                           /system/lib64/libmediautils.so
01-01 08:26:31.601 W/art     (  775): 7f837b1000-7f837b2000 r--p 00000000 00:00 0                              [anon:linker_alloc]
01-01 08:26:31.601 W/art     (  775): 7f837b2000-7f837d0000 r-xp 00000000 b3:10 2295                           /system/lib64/libdrmframework.so
01-01 08:26:31.601 W/art     (  775): 7f837d0000-7f837df000 ---p 00000000 00:00 0 
01-01 08:26:31.601 W/art     (  775): 7f837df000-7f837e4000 r--p 00023000 b3:10 2295                           /system/lib64/libdrmframework.so
01-01 08:26:31.601 W/art     (  775): 7f837e4000-7f837e5000 rw-p 00028000 b3:10 2295                           /system/lib64/libdrmframework.so
01-01 08:26:31.601 W/art     (  775): 7f837e5000-7f8380e000 r-xp 00000000 b3:10 2246                           /system/lib64/libRScpp.so
01-01 08:26:31.601 W/art     (  775): 7f8380e000-7f8381e000 ---p 00000000 00:00 0 
01-01 08:26:31.601 W/art     (  775): 7f8381e000-7f8381f000 r--p 00029000 b3:10 2246                           /system/lib64/libRScpp.so
01-01 08:26:31.601 W/art     (  775): 7f8381f000-7f83820000 rw-p 0002a000 b3:10 2246                           /system/lib64/libRScpp.so
01-01 08:26:31.601 W/art     (  775): 7f83820000-7f83873000 r-xp 00000000 b3:10 2243                           /system/lib64/libRS.so
01-01 08:26:31.601 W/art     (  775): 7f83873000-7f83882000 ---p 00000000 00:00 0 
01-01 08:26:31.601 W/art     (  775): 7f83882000-7f83885000 r--p 00055000 b3:10 2243                           /system/lib64/libRS.so
01-01 08:26:31.601 W/art     (  775): 7f83885000-7f83886000 rw-p 00058000 b3:10 2243                           /system/lib64/libRS.so
01-01 08:26:31.601 W/art     (  775): 7f83886000-7f83889000 r-xp 00000000 b3:10 2443                           /system/lib64/libspeexresampler.so
01-01 08:26:31.601 W/art     (  775): 7f83889000-7f83898000 ---p 00000000 00:00 0 
