01-01 08:26:35.480 W/dex2oat ( 1304): No verified method for method calling String.<init>: java.lang.String com.android.internal.widget.LockPatternUtils.patternStringToBaseZero(java.lang.String)
01-01 08:26:35.489 W/dex2oat ( 1304): No verified method for method calling String.<init>: java.lang.String com.android.internal.widget.LockPatternUtils.patternStringToBaseZero(java.lang.String)
01-01 08:26:35.602 E/QCALOG  (  785): [MessageQ] ProcessNewMessage: [XTWiFi-PE] unknown deliver target [OS-Agent]
01-01 08:26:35.692 W/XTCC-5.1.0.10(  816): [CS-RIL-LISTENER] timerCallback fired for ril update registering, re-register
01-01 08:26:35.692 E/QCALOG  (  785): [MessageQ] ProcessNewMessage: [XT-CS] unknown deliver target [OS-Agent]
01-01 08:26:35.693 E/QCALOG  (  785): [MessageQ] ProcessNewMessage: [XT-CS] unknown deliver target [OS-Agent]
01-01 08:26:35.730 E/LocSvc_api_v02(  816): E/loc_sync_wait_for_ind:461]: slot 0, timed out for ind_id QMI_LOC_INJECT_APDONOTCACHE_DATA_REQ_V02
01-01 08:26:35.730 E/LocSvc_api_v02(  816): E/loc_sync_send_req:533]: loc_api_wait_for_ind failed, err -110, select id 0, status eLOC_CLIENT_FAILURE_TIMEOUT
01-01 08:26:35.730 E/LocSvc_IzatApiV02(  816): E/virtual int izat_core::IzatApiV02::injectApCacheBlacklist(APCacheBlacklistData):821]: Error : st = 6, ind.status = 0
01-01 08:26:35.730 E/LocSvc_IzatApiV02(  816): E/virtual int izat_core::IzatApiV02::injectApCacheBlacklist(APCacheBlacklistData):833]: inject AP Cache - blacklistto modem failed. 
01-01 08:26:35.730 E/LocSvc_api_v02(  816): I/---> locClientSendReq line 2029 QMI_LOC_INJECT_APDONOTCACHE_DATA_REQ_V02
01-01 08:26:35.998 I/Atfwd_Daemon(  787): qmi_client_init_instance status retry : 2
01-01 08:26:35.998 I/Atfwd_Daemon(  787): 
01-01 08:26:35.998 I/Atfwd_Daemon(  787):  qmi_client_init_instance....
01-01 08:26:36.002 I/Atfwd_Daemon(  787): qmi_client_init_instance status: -3, num_retries: 3, retryCnt: 2
01-01 08:26:36.002 I/Atfwd_Daemon(  787): result : -3 	 ,Init step :1 	 ,qmiErrorCode: 0
01-01 08:26:36.002 I/Atfwd_Daemon(  787): 
01-01 08:26:36.002 I/Atfwd_Daemon(  787):  Sleeping...
01-01 08:26:36.087 I/ServiceManager(  756): Waiting for service media.camera.proxy...
01-01 08:26:36.256 W/dex2oat ( 1304): No verified method for method calling String.<init>: java.util.List android.net.LinkProperties.getAllInterfaceNames()
01-01 08:26:36.269 W/dex2oat ( 1304): No verified method for method calling String.<init>: java.util.List android.net.LinkProperties.getAllInterfaceNames()
01-01 08:26:36.311 W/dex2oat ( 1304): No verified method for method calling String.<init>: java.util.List android.net.LinkProperties.getAllInterfaceNames()
01-01 08:26:36.426 E/slim_daemon(  824): [NDK] bindNDKSensors: Sensor server is unavailable.
01-01 08:26:36.732 E/LocSvc_api_v02(  816): E/loc_sync_wait_for_ind:461]: slot 0, timed out for ind_id QMI_LOC_INJECT_APDONOTCACHE_DATA_REQ_V02
01-01 08:26:36.732 E/LocSvc_api_v02(  816): E/loc_sync_send_req:533]: loc_api_wait_for_ind failed, err -110, select id 0, status eLOC_CLIENT_FAILURE_TIMEOUT
01-01 08:26:36.732 E/LocSvc_IzatApiV02(  816): E/virtual int izat_core::IzatApiV02::injectApCacheBlacklist(APCacheBlacklistData):821]: Error : st = 6, ind.status = 0
01-01 08:26:36.732 E/LocSvc_IzatApiV02(  816): E/virtual int izat_core::IzatApiV02::injectApCacheBlacklist(APCacheBlacklistData):833]: inject AP Cache - blacklistto modem failed. 
01-01 08:26:36.732 W/XTCC-5.1.0.10(  816): [FDAL_LOC_API] retryIfNeeded: Max Injection Retry Count reached. Assuming LP is unsupported
01-01 08:26:36.734 E/LocSvc_api_v02(  816): I/---> locClientClose line 1941 loc client close
01-01 08:26:37.087 I/ServiceManager(  756): Waiting for service media.camera.proxy...
01-01 08:26:37.426 E/slim_daemon(  824): [NDK] bindNDKSensors: Sensor server is unavailable.
01-01 08:26:38.088 I/AudioPolicyService(  756): AudioPolicyService CSTOR in new mode
01-01 08:26:38.175 W/APM::Devices(  756): DeviceVector::add device 80000040 already in
01-01 08:26:38.175 I/APM::ConfigParsingUtils(  756): loadAudioPolicyConfig() loaded /system/etc/audio_policy.conf
01-01 08:26:38.209 D/audio_hw_primary(  756): adev_open: enter
01-01 08:26:38.216 I/dex2oat ( 1304): dex2oat took 3.797s (threads: 4) arena alloc=7MB java alloc=5MB native alloc=31MB free=4MB
01-01 08:26:38.225 W/hardware_info(  756): update_hardware_info_8996: Not a 8996 device
01-01 08:26:38.225 D/msm8974_platform(  756): platform_init: Loading mixer file: /system/etc/mixer_paths_tasha.xml
01-01 08:26:38.272 I/InstallerConnection( 1289): disconnecting...
01-01 08:26:38.273 E/installd(  757): eof
01-01 08:26:38.273 E/installd(  757): failed to read size
01-01 08:26:38.273 I/installd(  757): closing connection
01-01 08:26:38.284 W/SystemServer( 1289): System clock is before 1970; setting to 1970.
01-01 08:26:38.285 I/SystemServer( 1289): Entered the Android system server!
01-01 08:26:38.320 I/SystemServiceManager( 1289): Starting com.android.server.pm.Installer
01-01 08:26:38.320 I/Installer( 1289): Waiting for installd to be ready.
01-01 08:26:38.320 I/InstallerConnection( 1289): connecting...
01-01 08:26:38.320 I/installd(  757): new connection
01-01 08:26:38.321 I/SystemServiceManager( 1289): Starting com.android.server.am.ActivityManagerService$Lifecycle
01-01 08:26:38.329 I/XXXXXX  ( 1289): choosing minFree values for 64 Bit
01-01 08:26:38.329 I/XXXXXX  ( 1289): choosing minFree values for 64 Bit
01-01 08:26:38.329 I/XXXXXX  ( 1289): choosing minFree values for 64 Bit
01-01 08:26:38.329 I/XXXXXX  ( 1289): choosing minFree values for 64 Bit
01-01 08:26:38.329 I/XXXXXX  ( 1289): choosing minFree values for 64 Bit
01-01 08:26:38.330 I/XXXXXX  ( 1289): choosing minFree values for 64 Bit
01-01 08:26:38.335 I/ActivityManager( 1289): Memory class: 256
01-01 08:26:38.337 I/ServiceThread( 1289): Enabled StrictMode logging for ActivityManager looper.
01-01 08:26:38.339 I/ServiceThread( 1289): Enabled StrictMode logging for android.ui looper.
01-01 08:26:38.349 D/BatteryStatsImpl( 1289): Reading daily items from /data/system/batterystats-daily.xml
01-01 08:26:38.362 E/audio_route(  756): Control 'LINEOUT1 Volume' doesn't exist - skipping
01-01 08:26:38.362 E/audio_route(  756): Control 'LINEOUT2 Volume' doesn't exist - skipping
01-01 08:26:38.362 E/audio_route(  756): Control 'LINEOUT3 Volume' doesn't exist - skipping
01-01 08:26:38.362 E/audio_route(  756): Control 'LINEOUT4 Volume' doesn't exist - skipping
01-01 08:26:38.362 E/audio_route(  756): Control 'HPHL Volume' doesn't exist - skipping
01-01 08:26:38.362 E/audio_route(  756): Control 'HPHR Volume' doesn't exist - skipping
01-01 08:26:38.362 E/audio_route(  756): Control 'RX0 Digital Volume' doesn't exist - skipping
01-01 08:26:38.362 E/audio_route(  756): Control 'RX1 Digital Volume' doesn't exist - skipping
01-01 08:26:38.362 E/audio_route(  756): Control 'RX2 Digital Volume' doesn't exist - skipping
01-01 08:26:38.362 E/audio_route(  756): Control 'RX3 Digital Volume' doesn't exist - skipping
01-01 08:26:38.362 E/audio_route(  756): Control 'RX4 Digital Volume' doesn't exist - skipping
01-01 08:26:38.362 E/audio_route(  756): Control 'RX5 Digital Volume' doesn't exist - skipping
01-01 08:26:38.362 E/audio_route(  756): Control 'RX6 Digital Volume' doesn't exist - skipping
01-01 08:26:38.362 E/audio_route(  756): Control 'RX7 Digital Volume' doesn't exist - skipping
01-01 08:26:38.362 E/audio_route(  756): Control 'RX8 Digital Volume' doesn't exist - skipping
01-01 08:26:38.362 E/audio_route(  756): Control 'ADC1 Volume' doesn't exist - skipping
01-01 08:26:38.362 E/audio_route(  756): Control 'ADC2 Volume' doesn't exist - skipping
01-01 08:26:38.362 E/audio_route(  756): Control 'ADC3 Volume' doesn't exist - skipping
01-01 08:26:38.363 E/audio_route(  756): Control 'ADC4 Volume' doesn't exist - skipping
01-01 08:26:38.363 E/audio_route(  756): Control 'ADC5 Volume' doesn't exist - skipping
01-01 08:26:38.363 E/audio_route(  756): Control 'ADC6 Volume' doesn't exist - skipping
01-01 08:26:38.363 E/audio_route(  756): Control 'DEC0 Volume' doesn't exist - skipping
01-01 08:26:38.363 E/audio_route(  756): Control 'DEC1 Volume' doesn't exist - skipping
01-01 08:26:38.363 E/audio_route(  756): Control 'DEC2 Volume' doesn't exist - skipping
01-01 08:26:38.363 E/audio_route(  756): Control 'DEC3 Volume' doesn't exist - skipping
01-01 08:26:38.363 E/audio_route(  756): Control 'DEC4 Volume' doesn't exist - skipping
01-01 08:26:38.363 E/audio_route(  756): Control 'DEC5 Volume' doesn't exist - skipping
01-01 08:26:38.363 E/audio_route(  756): Control 'DEC6 Volume' doesn't exist - skipping
01-01 08:26:38.363 E/audio_route(  756): Control 'DEC7 Volume' doesn't exist - skipping
01-01 08:26:38.363 E/audio_route(  756): Control 'DEC8 Volume' doesn't exist - skipping
01-01 08:26:38.363 E/audio_route(  756): Control 'COMP1 Switch' doesn't exist - skipping
01-01 08:26:38.363 E/audio_route(  756): Control 'COMP2 Switch' doesn't exist - skipping
01-01 08:26:38.363 E/audio_route(  756): Control 'COMP7 Switch' doesn't exist - skipping
01-01 08:26:38.363 E/audio_route(  756): Control 'COMP8 Switch' doesn't exist - skipping
01-01 08:26:38.363 E/audio_route(  756): Control 'RX HPH Mode' doesn't exist - skipping
01-01 08:26:38.363 E/audio_route(  756): Control 'MultiMedia5 Mixer AUX_PCM_UL_TX' doesn't exist - skipping
01-01 08:26:38.363 E/audio_route(  756): Control 'MultiMedia4 Mixer MI2S_TX' doesn't exist - skipping
01-01 08:26:38.364 E/audio_route(  756): Control 'MultiMedia7 Mixer MI2S_TX' doesn't exist - skipping
01-01 08:26:38.364 E/audio_route(  756): Control 'MultiMedia10 Mixer MI2S_TX' doesn't exist - skipping
01-01 08:26:38.364 E/audio_route(  756): Control 'MultiMedia11 Mixer MI2S_TX' doesn't exist - skipping
01-01 08:26:38.364 E/audio_route(  756): Control 'MultiMedia12 Mixer MI2S_TX' doesn't exist - skipping
01-01 08:26:38.364 E/audio_route(  756): Control 'MultiMedia13 Mixer MI2S_TX' doesn't exist - skipping
01-01 08:26:38.364 E/audio_route(  756): Control 'MultiMedia14 Mixer MI2S_TX' doesn't exist - skipping
01-01 08:26:38.364 E/audio_route(  756): Control 'MultiMedia15 Mixer MI2S_TX' doesn't exist - skipping
01-01 08:26:38.364 E/audio_route(  756): Control 'MultiMedia16 Mixer MI2S_TX' doesn't exist - skipping
01-01 08:26:38.365 E/audio_route(  756): Control 'IIR0 INP0 MUX' doesn't exist - skipping
01-01 08:26:38.365 E/audio_route(  756): Control 'IIR0 INP1 MUX' doesn't exist - skipping
01-01 08:26:38.365 E/audio_route(  756): Control 'IIR0 INP2 MUX' doesn't exist - skipping
01-01 08:26:38.365 E/audio_route(  756): Control 'IIR1 INP0 MUX' doesn't exist - skipping
01-01 08:26:38.365 E/audio_route(  756): Control 'IIR1 INP1 MUX' doesn't exist - skipping
01-01 08:26:38.365 E/audio_route(  756): Control 'IIR1 INP2 MUX' doesn't exist - skipping
01-01 08:26:38.365 E/audio_route(  756): Control 'VI_FEED_TX Channels' doesn't exist - skipping
01-01 08:26:38.365 E/audio_route(  756): Control 'AIF4_VI Mixer SPKR_VI_1' doesn't exist - skipping
01-01 08:26:38.365 E/audio_route(  756): Control 'AIF4_VI Mixer SPKR_VI_2' doesn't exist - skipping
01-01 08:26:38.365 E/audio_route(  756): Control 'SLIM TX13 MUX' doesn't exist - skipping
01-01 08:26:38.365 E/audio_route(  756): Control 'SLIM TX10 MUX' doesn't exist - skipping
01-01 08:26:38.365 E/audio_route(  756): Control 'SLIM TX9 MUX' doesn't exist - skipping
01-01 08:26:38.365 E/audio_route(  756): Control 'SLIM TX8 MUX' doesn't exist - skipping
01-01 08:26:38.365 E/audio_route(  756): Control 'SLIM TX7 MUX' doesn't exist - skipping
01-01 08:26:38.365 E/audio_route(  756): Control 'SLIM TX6 MUX' doesn't exist - skipping
01-01 08:26:38.365 E/audio_route(  756): Control 'SLIM TX5 MUX' doesn't exist - skipping
01-01 08:26:38.365 E/audio_route(  756): Control 'SLIM TX4 MUX' doesn't exist - skipping
01-01 08:26:38.365 E/audio_route(  756): Control 'SLIM TX3 MUX' doesn't exist - skipping
01-01 08:26:38.365 E/audio_route(  756): Control 'SLIM TX2 MUX' doesn't exist - skipping
01-01 08:26:38.365 E/audio_route(  756): Control 'SLIM TX1 MUX' doesn't exist - skipping
01-01 08:26:38.365 E/audio_route(  756): Control 'SLIM TX0 MUX' doesn't exist - skipping
01-01 08:26:38.365 E/audio_route(  756): Control 'ADC MUX13' doesn't exist - skipping
01-01 08:26:38.365 E/audio_route(  756): Control 'ADC MUX12' doesn't exist - skipping
01-01 08:26:38.365 E/audio_route(  756): Control 'ADC MUX11' doesn't exist - skipping
01-01 08:26:38.365 E/audio_route(  756): Control 'ADC MUX10' doesn't exist - skipping
01-01 08:26:38.366 E/audio_route(  756): Control 'ADC MUX8' doesn't exist - skipping
01-01 08:26:38.366 E/audio_route(  756): Control 'ADC MUX7' doesn't exist - skipping
01-01 08:26:38.366 E/audio_route(  756): Control 'ADC MUX6' doesn't exist - skipping
01-01 08:26:38.366 E/audio_route(  756): Control 'ADC MUX5' doesn't exist - skipping
01-01 08:26:38.366 E/audio_route(  756): Control 'ADC MUX4' doesn't exist - skipping
01-01 08:26:38.366 E/audio_route(  756): Control 'ADC MUX3' doesn't exist - skipping
01-01 08:26:38.366 E/audio_route(  756): Control 'ADC MUX2' doesn't exist - skipping
01-01 08:26:38.366 E/audio_route(  756): Control 'ADC MUX1' doesn't exist - skipping
01-01 08:26:38.366 E/audio_route(  756): Control 'ADC MUX0' doesn't exist - skipping
01-01 08:26:38.366 E/audio_route(  756): Control 'DMIC MUX0' doesn't exist - skipping
01-01 08:26:38.366 E/audio_route(  756): Control 'DMIC MUX1' doesn't exist - skipping
01-01 08:26:38.366 E/audio_route(  756): Control 'DMIC MUX2' doesn't exist - skipping
01-01 08:26:38.366 E/audio_route(  756): Control 'DMIC MUX3' doesn't exist - skipping
01-01 08:26:38.366 E/audio_route(  756): Control 'DMIC MUX4' doesn't exist - skipping
01-01 08:26:38.366 E/audio_route(  756): Control 'DMIC MUX5' doesn't exist - skipping
01-01 08:26:38.366 E/audio_route(  756): Control 'DMIC MUX6' doesn't exist - skipping
01-01 08:26:38.366 E/audio_route(  756): Control 'DMIC MUX7' doesn't exist - skipping
01-01 08:26:38.366 E/audio_route(  756): Control 'DMIC MUX8' doesn't exist - skipping
01-01 08:26:38.366 E/audio_route(  756): Control 'DMIC MUX10' doesn't exist - skipping
01-01 08:26:38.366 E/audio_route(  756): Control 'DMIC MUX11' doesn't exist - skipping
01-01 08:26:38.366 E/audio_route(  756): Control 'DMIC MUX12' doesn't exist - skipping
01-01 08:26:38.366 E/audio_route(  756): Control 'DMIC MUX13' doesn't exist - skipping
01-01 08:26:38.366 E/audio_route(  756): Control 'AMIC MUX0' doesn't exist - skipping
01-01 08:26:38.366 E/audio_route(  756): Control 'AMIC MUX1' doesn't exist - skipping
01-01 08:26:38.366 E/audio_route(  756): Control 'AMIC MUX2' doesn't exist - skipping
01-01 08:26:38.366 E/audio_route(  756): Control 'AMIC MUX3' doesn't exist - skipping
01-01 08:26:38.366 E/audio_route(  756): Control 'AMIC MUX4' doesn't exist - skipping
01-01 08:26:38.366 E/audio_route(  756): Control 'AMIC MUX5' doesn't exist - skipping
01-01 08:26:38.366 E/audio_route(  756): Control 'AMIC MUX6' doesn't exist - skipping
01-01 08:26:38.366 E/audio_route(  756): Control 'AMIC MUX7' doesn't exist - skipping
01-01 08:26:38.366 E/audio_route(  756): Control 'AMIC MUX8' doesn't exist - skipping
01-01 08:26:38.366 E/audio_route(  756): Control 'AMIC MUX10' doesn't exist - skipping
01-01 08:26:38.366 E/audio_route(  756): Control 'AMIC MUX11' doesn't exist - skipping
01-01 08:26:38.366 E/audio_route(  756): Control 'AMIC MUX12' doesn't exist - skipping
01-01 08:26:38.367 E/audio_route(  756): Control 'AMIC MUX13' doesn't exist - skipping
01-01 08:26:38.367 E/audio_route(  756): Control 'RX INT0_1 MIX1 INP0' doesn't exist - skipping
01-01 08:26:38.367 E/audio_route(  756): Control 'RX INT1_1 MIX1 INP0' doesn't exist - skipping
01-01 08:26:38.367 E/audio_route(  756): Control 'RX INT2_1 MIX1 INP0' doesn't exist - skipping
01-01 08:26:38.367 E/audio_route(  756): Control 'RX INT3_1 MIX1 INP0' doesn't exist - skipping
01-01 08:26:38.367 E/audio_route(  756): Control 'RX INT4_1 MIX1 INP0' doesn't exist - skipping
01-01 08:26:38.367 E/audio_route(  756): Control 'RX INT5_1 MIX1 INP0' doesn't exist - skipping
01-01 08:26:38.367 E/audio_route(  756): Control 'RX INT6_1 MIX1 INP0' doesn't exist - skipping
01-01 08:26:38.367 E/audio_route(  756): Control 'RX INT7_1 MIX1 INP0' doesn't exist - skipping
01-01 08:26:38.367 E/audio_route(  756): Control 'RX INT8_1 MIX1 INP0' doesn't exist - skipping
01-01 08:26:38.367 E/audio_route(  756): Control 'RX INT0_1 MIX1 INP1' doesn't exist - skipping
01-01 08:26:38.367 E/audio_route(  756): Control 'RX INT1_1 MIX1 INP1' doesn't exist - skipping
01-01 08:26:38.367 E/audio_route(  756): Control 'RX INT2_1 MIX1 INP1' doesn't exist - skipping
01-01 08:26:38.367 E/audio_route(  756): Control 'RX INT3_1 MIX1 INP1' doesn't exist - skipping
01-01 08:26:38.367 E/audio_route(  756): Control 'RX INT4_1 MIX1 INP1' doesn't exist - skipping
01-01 08:26:38.367 E/audio_route(  756): Control 'RX INT5_1 MIX1 INP1' doesn't exist - skipping
01-01 08:26:38.367 E/audio_route(  756): Control 'RX INT6_1 MIX1 INP1' doesn't exist - skipping
01-01 08:26:38.367 E/audio_route(  756): Control 'RX INT7_1 MIX1 INP1' doesn't exist - skipping
01-01 08:26:38.367 E/audio_route(  756): Control 'RX INT8_1 MIX1 INP1' doesn't exist - skipping
01-01 08:26:38.367 E/audio_route(  756): Control 'RX INT0_1 MIX1 INP2' doesn't exist - skipping
01-01 08:26:38.367 E/audio_route(  756): Control 'RX INT1_1 MIX1 INP2' doesn't exist - skipping
01-01 08:26:38.367 E/audio_route(  756): Control 'RX INT2_1 MIX1 INP2' doesn't exist - skipping
01-01 08:26:38.367 E/audio_route(  756): Control 'RX INT3_1 MIX1 INP2' doesn't exist - skipping
01-01 08:26:38.367 E/audio_route(  756): Control 'RX INT4_1 MIX1 INP2' doesn't exist - skipping
01-01 08:26:38.367 E/audio_route(  756): Control 'RX INT5_1 MIX1 INP2' doesn't exist - skipping
01-01 08:26:38.367 E/audio_route(  756): Control 'RX INT6_1 MIX1 INP2' doesn't exist - skipping
01-01 08:26:38.367 E/audio_route(  756): Control 'RX INT7_1 MIX1 INP2' doesn't exist - skipping
01-01 08:26:38.367 E/audio_route(  756): Control 'RX INT8_1 MIX1 INP2' doesn't exist - skipping
01-01 08:26:38.367 E/audio_route(  756): Control 'RX INT0_2 MUX' doesn't exist - skipping
01-01 08:26:38.367 E/audio_route(  756): Control 'RX INT1_2 MUX' doesn't exist - skipping
01-01 08:26:38.367 E/audio_route(  756): Control 'RX INT2_2 MUX' doesn't exist - skipping
01-01 08:26:38.367 E/audio_route(  756): Control 'RX INT3_2 MUX' doesn't exist - skipping
01-01 08:26:38.368 E/audio_route(  756): Control 'RX INT4_2 MUX' doesn't exist - skipping
01-01 08:26:38.368 E/audio_route(  756): Control 'RX INT5_2 MUX' doesn't exist - skipping
01-01 08:26:38.368 E/audio_route(  756): Control 'RX INT6_2 MUX' doesn't exist - skipping
01-01 08:26:38.368 E/audio_route(  756): Control 'RX INT7_2 MUX' doesn't exist - skipping
01-01 08:26:38.368 E/audio_route(  756): Control 'RX INT8_2 MUX' doesn't exist - skipping
01-01 08:26:38.368 E/audio_route(  756): Control 'SPL SRC0 MUX' doesn't exist - skipping
01-01 08:26:38.368 E/audio_route(  756): Control 'SPL SRC1 MUX' doesn't exist - skipping
01-01 08:26:38.368 E/audio_route(  756): Control 'SPL SRC2 MUX' doesn't exist - skipping
01-01 08:26:38.368 E/audio_route(  756): Control 'SPL SRC3 MUX' doesn't exist - skipping
01-01 08:26:38.368 E/audio_route(  756): Control 'RX INT1 SPLINE MIX HPHL Switch' doesn't exist - skipping
01-01 08:26:38.368 E/audio_route(  756): Control 'RX INT3 SPLINE MIX LO1 Switch' doesn't exist - skipping
01-01 08:26:38.368 E/audio_route(  756): Control 'RX INT2 SPLINE MIX HPHR Switch' doesn't exist - skipping
01-01 08:26:38.368 E/audio_route(  756): Control 'RX INT4 SPLINE MIX LO2 Switch' doesn't exist - skipping
01-01 08:26:38.368 E/audio_route(  756): Control 'RX INT5 SPLINE MIX LO3 Switch' doesn't exist - skipping
01-01 08:26:38.368 E/audio_route(  756): Control 'RX INT6 SPLINE MIX LO4 Switch' doesn't exist - skipping
01-01 08:26:38.368 E/audio_route(  756): Control 'RX INT7 SPLINE MIX SPKRL Switch' doesn't exist - skipping
01-01 08:26:38.368 E/audio_route(  756): Control 'RX INT8 SPLINE MIX SPKRR Switch' doesn't exist - skipping
01-01 08:26:38.368 E/audio_route(  756): Control 'RX MIX TX0 MUX' doesn't exist - skipping
01-01 08:26:38.368 E/audio_route(  756): Control 'RX MIX TX1 MUX' doesn't exist - skipping
01-01 08:26:38.368 E/audio_route(  756): Control 'RX MIX TX2 MUX' doesn't exist - skipping
01-01 08:26:38.368 E/audio_route(  756): Control 'RX MIX TX3 MUX' doesn't exist - skipping
01-01 08:26:38.368 E/audio_route(  756): Control 'RX MIX TX4 MUX' doesn't exist - skipping
01-01 08:26:38.368 E/audio_route(  756): Control 'RX MIX TX5 MUX' doesn't exist - skipping
01-01 08:26:38.368 E/audio_route(  756): Control 'RX MIX TX6 MUX' doesn't exist - skipping
01-01 08:26:38.368 E/audio_route(  756): Control 'RX MIX TX7 MUX' doesn't exist - skipping
01-01 08:26:38.368 E/audio_route(  756): Control 'RX MIX TX8 MUX' doesn't exist - skipping
01-01 08:26:38.368 E/audio_route(  756): Control 'IIR0 INP0 MUX' doesn't exist - skipping
01-01 08:26:38.368 E/audio_route(  756): Control 'IIR0 INP1 MUX' doesn't exist - skipping
01-01 08:26:38.368 E/audio_route(  756): Control 'IIR0 INP2 MUX' doesn't exist - skipping
01-01 08:26:38.368 E/audio_route(  756): Control 'IIR0 INP3 MUX' doesn't exist - skipping
01-01 08:26:38.368 E/audio_route(  756): Control 'IIR1 INP0 MUX' doesn't exist - skipping
01-01 08:26:38.368 E/audio_route(  756): Control 'IIR1 INP1 MUX' doesn't exist - skipping
01-01 08:26:38.368 E/audio_route(  756): Control 'IIR1 INP2 MUX' doesn't exist - skipping
01-01 08:26:38.368 E/audio_route(  756): Control 'IIR1 INP3 MUX' doesn't exist - skipping
01-01 08:26:38.369 E/audio_route(  756): Control 'RX INT0 DEM MUX' doesn't exist - skipping
01-01 08:26:38.369 E/audio_route(  756): Control 'RX INT1 DEM MUX' doesn't exist - skipping
01-01 08:26:38.369 E/audio_route(  756): Control 'RX INT2 DEM MUX' doesn't exist - skipping
01-01 08:26:38.369 E/audio_route(  756): Control 'SLIM_0_RX Channels' doesn't exist - skipping
01-01 08:26:38.369 E/audio_route(  756): Control 'SLIM_5_RX Channels' doesn't exist - skipping
01-01 08:26:38.369 E/audio_route(  756): Control 'SLIM_6_RX Channels' doesn't exist - skipping
01-01 08:26:38.369 E/audio_route(  756): Control 'SLIM_0_TX Channels' doesn't exist - skipping
01-01 08:26:38.369 E/audio_route(  756): Control 'SLIM_1_TX Channels' doesn't exist - skipping
01-01 08:26:38.369 E/audio_route(  756): Control 'SLIM RX0 MUX' doesn't exist - skipping
01-01 08:26:38.369 E/audio_route(  756): Control 'SLIM RX3 MUX' doesn't exist - skipping
01-01 08:26:38.369 E/audio_route(  756): Control 'SLIM RX4 MUX' doesn't exist - skipping
01-01 08:26:38.369 E/audio_route(  756): Control 'SLIM RX5 MUX' doesn't exist - skipping
01-01 08:26:38.369 E/audio_route(  756): Control 'SLIM RX6 MUX' doesn't exist - skipping
01-01 08:26:38.369 E/audio_route(  756): Control 'EAR PA Gain' doesn't exist - skipping
01-01 08:26:38.369 E/audio_route(  756): Control 'SpkrLeft COMP Switch' doesn't exist - skipping
01-01 08:26:38.369 E/audio_route(  756): Control 'SpkrRight COMP Switch' doesn't exist - skipping
01-01 08:26:38.369 E/audio_route(  756): Control 'SpkrLeft BOOST Switch' doesn't exist - skipping
01-01 08:26:38.369 E/audio_route(  756): Control 'SpkrRight BOOST Switch' doesn't exist - skipping
01-01 08:26:38.369 E/audio_route(  756): Control 'SpkrLeft VISENSE Switch' doesn't exist - skipping
01-01 08:26:38.369 E/audio_route(  756): Control 'SpkrRight VISENSE Switch' doesn't exist - skipping
01-01 08:26:38.369 E/audio_route(  756): Control 'SpkrLeft SWR DAC_Port Switch' doesn't exist - skipping
01-01 08:26:38.369 E/audio_route(  756): Control 'SpkrRight SWR DAC_Port Switch' doesn't exist - skipping
01-01 08:26:38.369 E/audio_route(  756): Control 'SLIM RX1 MUX' doesn't exist - skipping
01-01 08:26:38.369 E/audio_route(  756): Control 'AIF1_CAP Mixer SLIM TX7' doesn't exist - skipping
01-01 08:26:38.369 E/audio_route(  756): Control 'AIF1_CAP Mixer SLIM TX8' doesn't exist - skipping
01-01 08:26:38.369 E/audio_route(  756): Control 'AIF1_CAP Mixer SLIM TX6' doesn't exist - skipping
01-01 08:26:38.369 E/audio_route(  756): Control 'AIF1_CAP Mixer SLIM TX5' doesn't exist - skipping
01-01 08:26:38.369 E/audio_route(  756): Control 'AIF1_CAP Mixer SLIM TX4' doesn't exist - skipping
01-01 08:26:38.369 E/audio_route(  756): Control 'AIF1_CAP Mixer SLIM TX3' doesn't exist - skipping
01-01 08:26:38.369 E/audio_route(  756): Control 'AIF1_CAP Mixer SLIM TX2' doesn't exist - skipping
01-01 08:26:38.369 E/audio_route(  756): Control 'AIF1_CAP Mixer SLIM TX1' doesn't exist - skipping
01-01 08:26:38.369 E/audio_route(  756): Control 'AIF1_CAP Mixer SLIM TX0' doesn't exist - skipping
01-01 08:26:38.370 E/audio_route(  756): Control 'AUX PCM SampleRate' doesn't exist - skipping
01-01 08:26:38.370 E/audio_route(  756): Control 'AIF3_CAP Mixer SLIM TX1' doesn't exist - skipping
01-01 08:26:38.370 E/audio_route(  756): Control 'AIF3_CAP Mixer SLIM TX2' doesn't exist - skipping
01-01 08:26:38.371 E/audio_route(  756): Control 'IIR0 Band1' doesn't exist - skipping
01-01 08:26:38.371 E/audio_route(  756): Control 'IIR0 Band1' doesn't exist - skipping
01-01 08:26:38.371 E/audio_route(  756): Control 'IIR0 Band1' doesn't exist - skipping
01-01 08:26:38.371 E/audio_route(  756): Control 'IIR0 Band1' doesn't exist - skipping
01-01 08:26:38.371 E/audio_route(  756): Control 'IIR0 Band1' doesn't exist - skipping
01-01 08:26:38.371 E/audio_route(  756): Control 'IIR0 Band2' doesn't exist - skipping
01-01 08:26:38.371 E/audio_route(  756): Control 'IIR0 Band2' doesn't exist - skipping
01-01 08:26:38.371 E/audio_route(  756): Control 'IIR0 Band2' doesn't exist - skipping
01-01 08:26:38.371 E/audio_route(  756): Control 'IIR0 Band2' doesn't exist - skipping
01-01 08:26:38.371 E/audio_route(  756): Control 'IIR0 Band2' doesn't exist - skipping
01-01 08:26:38.371 E/audio_route(  756): Control 'IIR0 Band3' doesn't exist - skipping
01-01 08:26:38.371 E/audio_route(  756): Control 'IIR0 Band3' doesn't exist - skipping
01-01 08:26:38.371 E/audio_route(  756): Control 'IIR0 Band3' doesn't exist - skipping
01-01 08:26:38.371 E/audio_route(  756): Control 'IIR0 Band3' doesn't exist - skipping
01-01 08:26:38.371 E/audio_route(  756): Control 'IIR0 Band3' doesn't exist - skipping
01-01 08:26:38.371 E/audio_route(  756): Control 'IIR0 Band4' doesn't exist - skipping
01-01 08:26:38.371 E/audio_route(  756): Control 'IIR0 Band4' doesn't exist - skipping
01-01 08:26:38.371 E/audio_route(  756): Control 'IIR0 Band4' doesn't exist - skipping
01-01 08:26:38.371 E/audio_route(  756): Control 'IIR0 Band4' doesn't exist - skipping
01-01 08:26:38.371 E/audio_route(  756): Control 'IIR0 Band4' doesn't exist - skipping
01-01 08:26:38.371 E/audio_route(  756): Control 'IIR0 Band5' doesn't exist - skipping
01-01 08:26:38.371 E/audio_route(  756): Control 'IIR0 Band5' doesn't exist - skipping
01-01 08:26:38.371 E/audio_route(  756): Control 'IIR0 Band5' doesn't exist - skipping
01-01 08:26:38.371 E/audio_route(  756): Control 'IIR0 Band5' doesn't exist - skipping
01-01 08:26:38.371 E/audio_route(  756): Control 'IIR0 Band5' doesn't exist - skipping
01-01 08:26:38.371 E/audio_route(  756): Control 'IIR0 Enable Band1' doesn't exist - skipping
01-01 08:26:38.371 E/audio_route(  756): Control 'IIR0 Enable Band2' doesn't exist - skipping
01-01 08:26:38.371 E/audio_route(  756): Control 'IIR0 Enable Band3' doesn't exist - skipping
01-01 08:26:38.371 E/audio_route(  756): Control 'IIR0 Enable Band4' doesn't exist - skipping
01-01 08:26:38.371 E/audio_route(  756): Control 'IIR0 Enable Band5' doesn't exist - skipping
01-01 08:26:38.371 E/audio_route(  756): Control 'IIR0 INP0 Volume' doesn't exist - skipping
01-01 08:26:38.372 E/audio_route(  756): Control 'ANC Slot' doesn't exist - skipping
01-01 08:26:38.372 E/audio_route(  756): Control 'ANC0 FB MUX' doesn't exist - skipping
01-01 08:26:38.372 E/audio_route(  756): Control 'ANC1 FB MUX' doesn't exist - skipping
01-01 08:26:38.372 E/audio_route(  756): Control 'ANC EAR Enable Switch' doesn't exist - skipping
01-01 08:26:38.372 E/audio_route(  756): Control 'ANC Function' doesn't exist - skipping
01-01 08:26:38.372 E/audio_route(  756): Control 'ANC HPHL Enable Switch' doesn't exist - skipping
01-01 08:26:38.372 E/audio_route(  756): Control 'ANC HPHR Enable Switch' doesn't exist - skipping
01-01 08:26:38.372 E/audio_route(  756): Control 'AIF1_CAP Mixer SLIM TX9' doesn't exist - skipping
01-01 08:26:38.372 E/audio_route(  756): Control 'AIF1_CAP Mixer SLIM TX10' doesn't exist - skipping
01-01 08:26:38.372 E/audio_route(  756): Control 'GSM mode Enable' doesn't exist - skipping
01-01 08:26:38.372 E/audio_route(  756): Control 'RX INT5 VBAT LO3 VBAT Enable' doesn't exist - skipping
01-01 08:26:38.372 E/audio_route(  756): Control 'RX INT6 VBAT LO4 VBAT Enable' doesn't exist - skipping
01-01 08:26:38.372 E/audio_route(  756): Control 'RX INT7 VBAT SPKRL VBAT Enable' doesn't exist - skipping
01-01 08:26:38.372 E/audio_route(  756): Control 'RX INT8 VBAT SPKRR VBAT Enable' doesn't exist - skipping
01-01 08:26:38.372 E/audio_route(  756): Control 'MultiMedia8 Mixer AUX_PCM_UL_TX' doesn't exist - skipping
01-01 08:26:38.372 E/audio_route(  756): Control 'GSM mode Enable' doesn't exist - skipping
01-01 08:26:38.372 E/audio_route(  756): Control 'AIF3_CAP Mixer SLIM TX1' doesn't exist - skipping
01-01 08:26:38.372 E/audio_route(  756): Control 'SLIM TX1 MUX' doesn't exist - skipping
01-01 08:26:38.372 E/audio_route(  756): Control 'RX MIX TX1 MUX' doesn't exist - skipping
01-01 08:26:38.372 E/audio_route(  756): Control 'SLIM_1_TX Channels' doesn't exist - skipping
01-01 08:26:38.372 E/audio_route(  756): Control 'AIF3_CAP Mixer SLIM TX1' doesn't exist - skipping
01-01 08:26:38.372 E/audio_route(  756): Control 'AIF3_CAP Mixer SLIM TX2' doesn't exist - skipping
01-01 08:26:38.372 E/audio_route(  756): Control 'SLIM TX1 MUX' doesn't exist - skipping
01-01 08:26:38.373 E/audio_route(  756): Control 'SLIM TX2 MUX' doesn't exist - skipping
01-01 08:26:38.373 E/audio_route(  756): Control 'RX MIX TX1 MUX' doesn't exist - skipping
01-01 08:26:38.373 E/audio_route(  756): Control 'RX MIX TX2 MUX' doesn't exist - skipping
01-01 08:26:38.373 E/audio_route(  756): Control 'SLIM_1_TX Channels' doesn't exist - skipping
01-01 08:26:38.373 E/audio_route(  756): Control 'AUX PCM SampleRate' doesn't exist - skipping
01-01 08:26:38.373 E/audio_route(  756): Control 'SLIM_1 SampleRate' doesn't exist - skipping
01-01 08:26:38.373 E/audio_route(  756): Control 'AUX PCM SampleRate' doesn't exist - skipping
01-01 08:26:38.373 E/audio_route(  756): Control 'SLIM_1 SampleRate' doesn't exist - skipping
01-01 08:26:38.373 E/audio_route(  756): Control 'AUX PCM SampleRate' doesn't exist - skipping
01-01 08:26:38.373 E/audio_route(  756): Control 'AUX PCM SampleRate' doesn't exist - skipping
01-01 08:26:38.373 E/audio_route(  756): Control 'SLIM_1 SampleRate' doesn't exist - skipping
01-01 08:26:38.374 E/audio_route(  756): Control 'AUX PCM SampleRate' doesn't exist - skipping
01-01 08:26:38.374 E/audio_route(  756): Control 'SLIM_1 SampleRate' doesn't exist - skipping
01-01 08:26:38.374 E/audio_route(  756): Control 'AUX PCM SampleRate' doesn't exist - skipping
01-01 08:26:38.374 E/audio_route(  756): Control 'SLIM_1 SampleRate' doesn't exist - skipping
01-01 08:26:38.374 E/audio_route(  756): Control 'AUX PCM SampleRate' doesn't exist - skipping
01-01 08:26:38.374 E/audio_route(  756): Control 'SLIM_1 SampleRate' doesn't exist - skipping
01-01 08:26:38.375 E/audio_route(  756): Control 'AUX PCM SampleRate' doesn't exist - skipping
01-01 08:26:38.375 E/audio_route(  756): Control 'SLIM_1 SampleRate' doesn't exist - skipping
01-01 08:26:38.375 E/audio_route(  756): Control 'AUX PCM SampleRate' doesn't exist - skipping
01-01 08:26:38.375 E/audio_route(  756): Control 'SLIM_1 SampleRate' doesn't exist - skipping
01-01 08:26:38.375 E/audio_route(  756): Control 'AUX PCM SampleRate' doesn't exist - skipping
01-01 08:26:38.375 E/audio_route(  756): Control 'SLIM_1 SampleRate' doesn't exist - skipping
01-01 08:26:38.376 E/audio_route(  756): Control 'AUX PCM SampleRate' doesn't exist - skipping
01-01 08:26:38.376 E/audio_route(  756): Control 'SLIM_1 SampleRate' doesn't exist - skipping
01-01 08:26:38.376 E/audio_route(  756): Control 'AUX PCM SampleRate' doesn't exist - skipping
01-01 08:26:38.376 E/audio_route(  756): Control 'SLIM_1 SampleRate' doesn't exist - skipping
01-01 08:26:38.377 E/audio_route(  756): Control 'AUX PCM SampleRate' doesn't exist - skipping
01-01 08:26:38.377 E/audio_route(  756): Control 'SLIM_1 SampleRate' doesn't exist - skipping
01-01 08:26:38.377 E/audio_route(  756): Control 'MultiMedia8 Mixer AUX_PCM_UL_TX' doesn't exist - skipping
01-01 08:26:38.377 E/audio_route(  756): Control 'AUX PCM SampleRate' doesn't exist - skipping
01-01 08:26:38.377 E/audio_route(  756): Control 'SLIM_1 SampleRate' doesn't exist - skipping
01-01 08:26:38.377 E/audio_route(  756): Control 'MultiMedia5 Mixer AUX_PCM_UL_TX' doesn't exist - skipping
01-01 08:26:38.377 E/audio_route(  756): Control 'AUX PCM SampleRate' doesn't exist - skipping
01-01 08:26:38.377 E/audio_route(  756): Control 'AUX PCM SampleRate' doesn't exist - skipping
01-01 08:26:38.378 E/audio_route(  756): Control 'AUX PCM SampleRate' doesn't exist - skipping
01-01 08:26:38.378 E/audio_route(  756): Control 'AUX PCM SampleRate' doesn't exist - skipping
01-01 08:26:38.379 E/audio_route(  756): Control 'AUX PCM SampleRate' doesn't exist - skipping
01-01 08:26:38.379 E/audio_route(  756): Control 'AUX PCM SampleRate' doesn't exist - skipping
01-01 08:26:38.379 E/audio_route(  756): Control 'AUX PCM SampleRate' doesn't exist - skipping
01-01 08:26:38.379 E/audio_route(  756): Control 'AUX PCM SampleRate' doesn't exist - skipping
01-01 08:26:38.379 E/audio_route(  756): Control 'SLIM_1 SampleRate' doesn't exist - skipping
01-01 08:26:38.379 E/audio_route(  756): Control 'AUX PCM SampleRate' doesn't exist - skipping
01-01 08:26:38.380 E/audio_route(  756): Control 'AUX PCM SampleRate' doesn't exist - skipping
01-01 08:26:38.380 E/audio_route(  756): Control 'AUX PCM SampleRate' doesn't exist - skipping
01-01 08:26:38.380 E/audio_route(  756): Control 'AIF1_CAP Mixer SLIM TX6' doesn't exist - skipping
01-01 08:26:38.380 E/audio_route(  756): Control 'SLIM_0_TX Channels' doesn't exist - skipping
01-01 08:26:38.380 E/audio_route(  756): Control 'SLIM TX6 MUX' doesn't exist - skipping
01-01 08:26:38.380 E/audio_route(  756): Control 'DEC6 Volume' doesn't exist - skipping
01-01 08:26:38.380 E/audio_route(  756): Control 'ADC MUX6' doesn't exist - skipping
01-01 08:26:38.380 E/audio_route(  756): Control 'AMIC MUX6' doesn't exist - skipping
01-01 08:26:38.380 E/audio_route(  756): Control 'IIR0 INP0 MUX' doesn't exist - skipping
01-01 08:26:38.380 E/audio_route(  756): Control 'AIF1_CAP Mixer SLIM TX0' doesn't exist - skipping
01-01 08:26:38.381 E/audio_route(  756): Control 'SLIM_0_TX Channels' doesn't exist - skipping
01-01 08:26:38.381 E/audio_route(  756): Control 'SLIM TX0 MUX' doesn't exist - skipping
01-01 08:26:38.381 E/audio_route(  756): Control 'DEC0 Volume' doesn't exist - skipping
01-01 08:26:38.381 E/audio_route(  756): Control 'ADC MUX0' doesn't exist - skipping
01-01 08:26:38.381 E/audio_route(  756): Control 'AMIC MUX0' doesn't exist - skipping
01-01 08:26:38.381 E/audio_route(  756): Control 'IIR0 INP0 MUX' doesn't exist - skipping
01-01 08:26:38.381 E/audio_route(  756): Control 'AIF1_CAP Mixer SLIM TX3' doesn't exist - skipping
01-01 08:26:38.381 E/audio_route(  756): Control 'SLIM_0_TX Channels' doesn't exist - skipping
01-01 08:26:38.381 E/audio_route(  756): Control 'SLIM TX3 MUX' doesn't exist - skipping
01-01 08:26:38.381 E/audio_route(  756): Control 'DEC3 Volume' doesn't exist - skipping
01-01 08:26:38.381 E/audio_route(  756): Control 'ADC MUX3' doesn't exist - skipping
01-01 08:26:38.381 E/audio_route(  756): Control 'AMIC MUX3' doesn't exist - skipping
01-01 08:26:38.381 E/audio_route(  756): Control 'IIR0 INP0 MUX' doesn't exist - skipping
01-01 08:26:38.381 E/audio_route(  756): Control 'AIF1_CAP Mixer SLIM TX4' doesn't exist - skipping
01-01 08:26:38.381 E/audio_route(  756): Control 'SLIM_0_TX Channels' doesn't exist - skipping
01-01 08:26:38.381 E/audio_route(  756): Control 'SLIM TX4 MUX' doesn't exist - skipping
01-01 08:26:38.381 E/audio_route(  756): Control 'DEC4 Volume' doesn't exist - skipping
01-01 08:26:38.381 E/audio_route(  756): Control 'ADC MUX4' doesn't exist - skipping
01-01 08:26:38.381 E/audio_route(  756): Control 'AMIC MUX4' doesn't exist - skipping
01-01 08:26:38.381 E/audio_route(  756): Control 'IIR0 INP0 MUX' doesn't exist - skipping
01-01 08:26:38.381 E/audio_route(  756): Control 'AIF1_CAP Mixer SLIM TX5' doesn't exist - skipping
01-01 08:26:38.381 E/audio_route(  756): Control 'SLIM_0_TX Channels' doesn't exist - skipping
01-01 08:26:38.381 E/audio_route(  756): Control 'SLIM TX5 MUX' doesn't exist - skipping
01-01 08:26:38.381 E/audio_route(  756): Control 'DEC5 Volume' doesn't exist - skipping
01-01 08:26:38.381 E/audio_route(  756): Control 'ADC MUX5' doesn't exist - skipping
01-01 08:26:38.381 E/audio_route(  756): Control 'AMIC MUX5' doesn't exist - skipping
01-01 08:26:38.381 E/audio_route(  756): Control 'IIR0 INP0 MUX' doesn't exist - skipping
01-01 08:26:38.381 E/audio_route(  756): Control 'AIF1_CAP Mixer SLIM TX7' doesn't exist - skipping
01-01 08:26:38.381 E/audio_route(  756): Control 'SLIM_0_TX Channels' doesn't exist - skipping
01-01 08:26:38.381 E/audio_route(  756): Control 'SLIM TX7 MUX' doesn't exist - skipping
01-01 08:26:38.381 E/audio_route(  756): Control 'DEC7 Volume' doesn't exist - skipping
01-01 08:26:38.381 E/audio_route(  756): Control 'ADC MUX7' doesn't exist - skipping
01-01 08:26:38.381 E/audio_route(  756): Control 'AMIC MUX7' doesn't exist - skipping
01-01 08:26:38.382 E/audio_route(  756): Control 'IIR0 INP0 MUX' doesn't exist - skipping
01-01 08:26:38.382 E/audio_route(  756): Control 'AIF1_CAP Mixer SLIM TX7' doesn't exist - skipping
01-01 08:26:38.382 E/audio_route(  756): Control 'SLIM_0_TX Channels' doesn't exist - skipping
01-01 08:26:38.382 E/audio_route(  756): Control 'SLIM TX7 MUX' doesn't exist - skipping
01-01 08:26:38.382 E/audio_route(  756): Control 'DEC7 Volume' doesn't exist - skipping
01-01 08:26:38.382 E/audio_route(  756): Control 'ADC MUX7' doesn't exist - skipping
01-01 08:26:38.382 E/audio_route(  756): Control 'DMIC MUX7' doesn't exist - skipping
01-01 08:26:38.382 E/audio_route(  756): Control 'IIR0 INP0 MUX' doesn't exist - skipping
01-01 08:26:38.382 E/audio_route(  756): Control 'AIF1_CAP Mixer SLIM TX7' doesn't exist - skipping
01-01 08:26:38.382 E/audio_route(  756): Control 'SLIM_0_TX Channels' doesn't exist - skipping
01-01 08:26:38.382 E/audio_route(  756): Control 'SLIM TX7 MUX' doesn't exist - skipping
01-01 08:26:38.382 E/audio_route(  756): Control 'DEC7 Volume' doesn't exist - skipping
01-01 08:26:38.382 E/audio_route(  756): Control 'ADC MUX7' doesn't exist - skipping
01-01 08:26:38.382 E/audio_route(  756): Control 'DMIC MUX7' doesn't exist - skipping
01-01 08:26:38.382 E/audio_route(  756): Control 'IIR0 INP0 MUX' doesn't exist - skipping
01-01 08:26:38.382 E/audio_route(  756): Control 'AIF1_CAP Mixer SLIM TX7' doesn't exist - skipping
01-01 08:26:38.382 E/audio_route(  756): Control 'SLIM_0_TX Channels' doesn't exist - skipping
01-01 08:26:38.382 E/audio_route(  756): Control 'SLIM TX7 MUX' doesn't exist - skipping
01-01 08:26:38.382 E/audio_route(  756): Control 'DEC7 Volume' doesn't exist - skipping
01-01 08:26:38.382 E/audio_route(  756): Control 'ADC MUX7' doesn't exist - skipping
01-01 08:26:38.382 E/audio_route(  756): Control 'DMIC MUX7' doesn't exist - skipping
01-01 08:26:38.382 E/audio_route(  756): Control 'IIR0 INP0 MUX' doesn't exist - skipping
01-01 08:26:38.382 E/audio_route(  756): Control 'AIF1_CAP Mixer SLIM TX7' doesn't exist - skipping
01-01 08:26:38.382 E/audio_route(  756): Control 'SLIM_0_TX Channels' doesn't exist - skipping
01-01 08:26:38.382 E/audio_route(  756): Control 'SLIM TX7 MUX' doesn't exist - skipping
01-01 08:26:38.382 E/audio_route(  756): Control 'DEC7 Volume' doesn't exist - skipping
01-01 08:26:38.382 E/audio_route(  756): Control 'ADC MUX7' doesn't exist - skipping
01-01 08:26:38.382 E/audio_route(  756): Control 'DMIC MUX7' doesn't exist - skipping
01-01 08:26:38.382 E/audio_route(  756): Control 'IIR0 INP0 MUX' doesn't exist - skipping
01-01 08:26:38.382 E/audio_route(  756): Control 'AIF1_CAP Mixer SLIM TX7' doesn't exist - skipping
01-01 08:26:38.382 E/audio_route(  756): Control 'SLIM_0_TX Channels' doesn't exist - skipping
01-01 08:26:38.383 E/audio_route(  756): Control 'SLIM TX7 MUX' doesn't exist - skipping
01-01 08:26:38.383 E/audio_route(  756): Control 'DEC7 Volume' doesn't exist - skipping
01-01 08:26:38.383 E/audio_route(  756): Control 'ADC MUX7' doesn't exist - skipping
01-01 08:26:38.383 E/audio_route(  756): Control 'DMIC MUX7' doesn't exist - skipping
01-01 08:26:38.383 E/audio_route(  756): Control 'IIR0 INP0 MUX' doesn't exist - skipping
01-01 08:26:38.383 E/audio_route(  756): Control 'AIF1_CAP Mixer SLIM TX7' doesn't exist - skipping
01-01 08:26:38.383 E/audio_route(  756): Control 'SLIM_0_TX Channels' doesn't exist - skipping
01-01 08:26:38.383 E/audio_route(  756): Control 'SLIM TX7 MUX' doesn't exist - skipping
01-01 08:26:38.383 E/audio_route(  756): Control 'DEC7 Volume' doesn't exist - skipping
01-01 08:26:38.383 E/audio_route(  756): Control 'ADC MUX7' doesn't exist - skipping
01-01 08:26:38.383 E/audio_route(  756): Control 'DMIC MUX7' doesn't exist - skipping
01-01 08:26:38.383 E/audio_route(  756): Control 'IIR0 INP0 MUX' doesn't exist - skipping
01-01 08:26:38.383 E/audio_route(  756): Control 'SLIM RX0 MUX' doesn't exist - skipping
01-01 08:26:38.383 E/audio_route(  756): Control 'SLIM RX1 MUX' doesn't exist - skipping
01-01 08:26:38.383 E/audio_route(  756): Control 'RX0 Digital Volume' doesn't exist - skipping
01-01 08:26:38.383 E/audio_route(  756): Control 'RX1 Digital Volume' doesn't exist - skipping
01-01 08:26:38.383 E/audio_route(  756): Control 'SLIM_0_RX Channels' doesn't exist - skipping
01-01 08:26:38.383 E/audio_route(  756): Control 'RX INT7_1 MIX1 INP0' doesn't exist - skipping
01-01 08:26:38.383 E/audio_route(  756): Control 'RX INT8_1 MIX1 INP0' doesn't exist - skipping
01-01 08:26:38.383 E/audio_route(  756): Control 'SpkrLeft COMP Switch' doesn't exist - skipping
01-01 08:26:38.383 E/audio_route(  756): Control 'SpkrRight COMP Switch' doesn't exist - skipping
01-01 08:26:38.383 E/audio_route(  756): Control 'SpkrLeft BOOST Switch' doesn't exist - skipping
01-01 08:26:38.383 E/audio_route(  756): Control 'SpkrRight BOOST Switch' doesn't exist - skipping
01-01 08:26:38.383 E/audio_route(  756): Control 'SpkrLeft VISENSE Switch' doesn't exist - skipping
01-01 08:26:38.383 E/audio_route(  756): Control 'SpkrRight VISENSE Switch' doesn't exist - skipping
01-01 08:26:38.383 E/audio_route(  756): Control 'SpkrLeft SWR DAC_Port Switch' doesn't exist - skipping
01-01 08:26:38.383 E/audio_route(  756): Control 'SpkrRight SWR DAC_Port Switch' doesn't exist - skipping
01-01 08:26:38.383 E/audio_route(  756): Control 'SLIM RX0 MUX' doesn't exist - skipping
01-01 08:26:38.383 E/audio_route(  756): Control 'SLIM_0_RX Channels' doesn't exist - skipping
01-01 08:26:38.383 E/audio_route(  756): Control 'RX INT7_1 MIX1 INP0' doesn't exist - skipping
01-01 08:26:38.383 E/audio_route(  756): Control 'SpkrLeft COMP Switch' doesn't exist - skipping
01-01 08:26:38.383 E/audio_route(  756): Control 'SpkrLeft BOOST Switch' doesn't exist - skipping
01-01 08:26:38.384 E/audio_route(  756): Control 'SpkrLeft VISENSE Switch' doesn't exist - skipping
01-01 08:26:38.384 E/audio_route(  756): Control 'SpkrLeft SWR DAC_Port Switch' doesn't exist - skipping
01-01 08:26:38.384 E/audio_route(  756): Control 'SLIM RX0 MUX' doesn't exist - skipping
01-01 08:26:38.384 E/audio_route(  756): Control 'SLIM_0_RX Channels' doesn't exist - skipping
01-01 08:26:38.384 E/audio_route(  756): Control 'RX INT7_1 MIX1 INP0' doesn't exist - skipping
01-01 08:26:38.384 E/audio_route(  756): Control 'SpkrLeft COMP Switch' doesn't exist - skipping
01-01 08:26:38.384 E/audio_route(  756): Control 'SpkrLeft BOOST Switch' doesn't exist - skipping
01-01 08:26:38.384 E/audio_route(  756): Control 'SpkrLeft VISENSE Switch' doesn't exist - skipping
01-01 08:26:38.384 E/audio_route(  756): Control 'SpkrLeft SWR DAC_Port Switch' doesn't exist - skipping
01-01 08:26:38.384 E/audio_route(  756): Control 'RX INT7 VBAT SPKRL VBAT Enable' doesn't exist - skipping
01-01 08:26:38.384 E/audio_route(  756): Control 'RX INT7 VBAT SPKRL VBAT Enable' doesn't exist - skipping
01-01 08:26:38.384 E/audio_route(  756): Control 'RX INT8 VBAT SPKRR VBAT Enable' doesn't exist - skipping
01-01 08:26:38.384 E/audio_route(  756): Control 'IIR0 Enable Band1' doesn't exist - skipping
01-01 08:26:38.384 E/audio_route(  756): Control 'IIR0 Enable Band2' doesn't exist - skipping
01-01 08:26:38.384 E/audio_route(  756): Control 'IIR0 Enable Band3' doesn't exist - skipping
01-01 08:26:38.384 E/audio_route(  756): Control 'IIR0 Enable Band4' doesn't exist - skipping
01-01 08:26:38.384 E/audio_route(  756): Control 'IIR0 Enable Band5' doesn't exist - skipping
01-01 08:26:38.384 E/audio_route(  756): Control 'IIR0 INP0 Volume' doesn't exist - skipping
01-01 08:26:38.384 E/audio_route(  756): Control 'RX INT1 MIX2 INP' doesn't exist - skipping
01-01 08:26:38.384 E/audio_route(  756): Control 'RX INT2 MIX2 INP' doesn't exist - skipping
01-01 08:26:38.384 E/audio_route(  756): Control 'IIR0 INP0 Volume' doesn't exist - skipping
01-01 08:26:38.384 E/audio_route(  756): Control 'RX INT0 MIX2 INP' doesn't exist - skipping
01-01 08:26:38.384 E/audio_route(  756): Control 'DEC7 Volume' doesn't exist - skipping
01-01 08:26:38.384 E/audio_route(  756): Control 'ADC5 Volume' doesn't exist - skipping
01-01 08:26:38.384 E/audio_route(  756): Control 'AIF4_VI Mixer SPKR_VI_1' doesn't exist - skipping
01-01 08:26:38.384 E/audio_route(  756): Control 'AIF4_VI Mixer SPKR_VI_2' doesn't exist - skipping
01-01 08:26:38.384 E/audio_route(  756): Control 'SLIM_4_TX Format' doesn't exist - skipping
01-01 08:26:38.384 E/audio_route(  756): Control 'VI_FEED_TX Channels' doesn't exist - skipping
01-01 08:26:38.384 E/audio_route(  756): Control 'AIF4_VI Mixer SPKR_VI_1' doesn't exist - skipping
01-01 08:26:38.385 E/audio_route(  756): Control 'SLIM_4_TX Format' doesn't exist - skipping
01-01 08:26:38.385 E/audio_route(  756): Control 'VI_FEED_TX Channels' doesn't exist - skipping
01-01 08:26:38.385 E/audio_route(  756): Control 'RX INT7 VBAT SPKRL VBAT Enable' doesn't exist - skipping
01-01 08:26:38.385 E/audio_route(  756): Control 'RX INT8 VBAT SPKRR VBAT Enable' doesn't exist - skipping
01-01 08:26:38.385 E/audio_route(  756): Control 'RX INT7 VBAT SPKRL VBAT Enable' doesn't exist - skipping
01-01 08:26:38.385 E/audio_route(  756): Control 'SLIM RX0 MUX' doesn't exist - skipping
01-01 08:26:38.385 E/audio_route(  756): Control 'SLIM_0_RX Channels' doesn't exist - skipping
01-01 08:26:38.385 E/audio_route(  756): Control 'RX INT0_1 MIX1 INP0' doesn't exist - skipping
01-01 08:26:38.385 E/audio_route(  756): Control 'RX INT0 DEM MUX' doesn't exist - skipping
01-01 08:26:38.385 E/audio_route(  756): Control 'EAR PA Gain' doesn't exist - skipping
01-01 08:26:38.385 E/audio_route(  756): Control 'ADC1 Volume' doesn't exist - skipping
01-01 08:26:38.385 E/audio_route(  756): Control 'ADC5 Volume' doesn't exist - skipping
01-01 08:26:38.385 E/audio_route(  756): Control 'AIF1_CAP Mixer SLIM TX5' doesn't exist - skipping
01-01 08:26:38.385 E/audio_route(  756): Control 'AIF1_CAP Mixer SLIM TX6' doesn't exist - skipping
01-01 08:26:38.385 E/audio_route(  756): Control 'AIF1_CAP Mixer SLIM TX8' doesn't exist - skipping
01-01 08:26:38.385 E/audio_route(  756): Control 'SLIM_0_TX Channels' doesn't exist - skipping
01-01 08:26:38.385 E/audio_route(  756): Control 'SLIM TX5 MUX' doesn't exist - skipping
01-01 08:26:38.385 E/audio_route(  756): Control 'ADC MUX5' doesn't exist - skipping
01-01 08:26:38.385 E/audio_route(  756): Control 'DMIC MUX5' doesn't exist - skipping
01-01 08:26:38.385 E/audio_route(  756): Control 'SLIM TX6 MUX' doesn't exist - skipping
01-01 08:26:38.385 E/audio_route(  756): Control 'ADC MUX6' doesn't exist - skipping
01-01 08:26:38.385 E/audio_route(  756): Control 'DMIC MUX6' doesn't exist - skipping
01-01 08:26:38.385 E/audio_route(  756): Control 'SLIM TX8 MUX' doesn't exist - skipping
01-01 08:26:38.385 E/audio_route(  756): Control 'ADC MUX8' doesn't exist - skipping
01-01 08:26:38.385 E/audio_route(  756): Control 'DMIC MUX8' doesn't exist - skipping
01-01 08:26:38.385 E/audio_route(  756): Control 'ANC Function' doesn't exist - skipping
01-01 08:26:38.385 E/audio_route(  756): Control 'SLIM RX0 MUX' doesn't exist - skipping
01-01 08:26:38.386 E/audio_route(  756): Control 'SLIM_0_RX Channels' doesn't exist - skipping
01-01 08:26:38.386 E/audio_route(  756): Control 'RX INT0_1 MIX1 INP0' doesn't exist - skipping
01-01 08:26:38.386 E/audio_route(  756): Control 'RX INT0 DEM MUX' doesn't exist - skipping
01-01 08:26:38.386 E/audio_route(  756): Control 'RX0 Digital Volume' doesn't exist - skipping
01-01 08:26:38.386 E/audio_route(  756): Control 'ANC Slot' doesn't exist - skipping
01-01 08:26:38.386 E/audio_route(  756): Control 'ADC MUX10' doesn't exist - skipping
01-01 08:26:38.386 E/audio_route(  756): Control 'DMIC MUX10' doesn't exist - skipping
01-01 08:26:38.386 E/audio_route(  756): Control 'ANC0 FB MUX' doesn't exist - skipping
01-01 08:26:38.386 E/audio_route(  756): Control 'ANC EAR Enable Switch' doesn't exist - skipping
