01-01 08:30:37.273 I/Telecom ( 1271): ViceNotificationImpl: mImsIntentReceiver: action com.android.ims.IMS_SERVICE_UP
01-01 08:30:37.274 W/ContextImpl( 1271): Calling a method in the system process without a qualified user: android.app.ContextImpl.bindService:1285 android.content.ContextWrapper.bindService:604 com.android.server.telecom.ui.ViceNotificationImpl.bindImsService:258 com.android.server.telecom.ui.ViceNotificationImpl$ImsIntentReceiver.onReceive:169 android.app.LoadedApk$ReceiverDispatcher$Args.run:881 
01-01 08:30:37.283 D/        ( 1897): jint JNI_OnLoad(JavaVM*, void*)
01-01 08:30:37.283 D/        ( 1897): JvmPtr initialized to -1583296192
01-01 08:30:37.283 D/ims_media_jni( 1897): int register_ims_media(JNIEnv*)
01-01 08:30:37.296 I/SDM     (  525): HWCDisplayPrimary::ProcessBootAnimCompleted: ProcessBootAnimCompleted: cryptostate= encrypted
01-01 08:30:37.297 I/SDM     (  525): HWCDisplayPrimary::ProcessBootAnimCompleted: ProcessBootAnimCompleted: vold= trigger_restart_framework
01-01 08:30:37.304 I/chatty  (  760): uid=1013(media) FastMixer expire 252 lines
01-01 08:30:37.373 D/VideoCall_ImsMedia( 1897): Registering for Media Listener
01-01 08:30:37.374 E/ImsServiceSub( 1897): ImsServiceClassTracker not found.
01-01 08:30:37.374 D/ImsService( 1897): initSubscriptionStatus: Not multi-sim...
01-01 08:30:37.378 W/System  ( 1897): ClassLoader referenced unknown path: /system/app/Stk/lib/arm64
01-01 08:30:37.382 D/ImsServiceSub( 1897): Message received: what = 5
01-01 08:30:37.383 D/ImsServiceSub( 1897): Received event: EVENT_GET_STATUS_UPDATE
01-01 08:30:37.383 E/ImsServiceSub( 1897): IMS Service Status Update failed!
01-01 08:30:37.390 D/ImsServiceClassTracker( 1897): updateFeatureCapabilities video false voice false
01-01 08:30:37.391 D/ImsServiceSub( 1897): getServiceId returns 1
01-01 08:30:37.391 D/ImsSenderRxr( 1897): [0001]> REQUEST_IMS_REGISTRATION_STATE[SUB0]
01-01 08:30:37.391 D/ImsSenderRxr( 1897): Message data: [0, 0, 0, 12, 11, 13, 1, 0, 0, 0, 16, 1, 24, 1, 32, 0][SUB0]
01-01 08:30:37.391 D/ImsSenderRxr( 1897): [0001]< REQUEST_IMS_REGISTRATION_STATE error: 1
01-01 08:30:37.391 D/VideoCall_ImsVideoGlobals( 1897): SetActiveSub, Sub # 1
01-01 08:30:37.391 E/ImsServiceClassTracker( 1897): removeListener error: Listener not found, com.qualcomm.ims.vt.MediaController@8618e1c
01-01 08:30:37.392 D/ImsServiceSub( 1897): setPhoneId old Phone Id = -1, new Phone Id = 0
01-01 08:30:37.392 D/ImsService( 1897): Open returns serviceId 1
01-01 08:30:37.393 D/ImsConfigImpl( 1897): SetServiceStatus = 0 13 0
01-01 08:30:37.393 D/ImsSenderRxr( 1897): setUiTTYMode uittyMode=0
01-01 08:30:37.394 D/ImsSenderRxr( 1897): [0002]> REQUEST_SEND_UI_TTY_MODE[SUB0]
01-01 08:30:37.394 D/ImsSenderRxr( 1897): [0003]> REQUEST_SET_SERVICE_STATUS[SUB0]
01-01 08:30:37.394 D/ImsSenderRxr( 1897): Message data: [0, 0, 0, 14, 11, 13, 2, 0, 0, 0, 16, 1, 24, 39, 32, 0, 8, 0][SUB0]
01-01 08:30:37.394 D/ImsSenderRxr( 1897): Message data: [0, 0, 0, 27, 11, 13, 3, 0, 0, 0, 16, 1, 24, 30, 32, 0, 8, 1, 24, 0, 58, 9, 8, 14, 16, 0, 29, 0, 0, 0, 0][SUB0]
01-01 08:30:37.394 D/ImsSenderRxr( 1897): [0003]< REQUEST_SET_SERVICE_STATUS error: 1
01-01 08:30:37.394 D/ImsSenderRxr( 1897): [0002]< REQUEST_SEND_UI_TTY_MODE error: 1
01-01 08:30:37.394 D/ImsConfigImpl( 1897): Message received: what = 2
01-01 08:30:37.394 E/ImsConfigImpl( 1897): getImsConfigListener returns null
01-01 08:30:37.394 E/ImsConfigImpl( 1897): onSetFeatureResponseDone listener is not valid !!!
01-01 08:30:37.394 D/ImsConfigImpl( 1897): SetServiceStatus = 3 13 0
01-01 08:30:37.394 D/ImsSenderRxr( 1897): [0004]> REQUEST_SET_SERVICE_STATUS[SUB0]
01-01 08:30:37.394 D/ImsSenderRxr( 1897): Message data: [0, 0, 0, 27, 11, 13, 4, 0, 0, 0, 16, 1, 24, 30, 32, 0, 8, 1, 24, 3, 58, 9, 8, 14, 16, 0, 29, 0, 0, 0, 0][SUB0]
01-01 08:30:37.394 D/ImsSenderRxr( 1897): [0004]< REQUEST_SET_SERVICE_STATUS error: 1
01-01 08:30:37.395 D/ImsConfigImpl( 1897): Message received: what = 2
01-01 08:30:37.395 E/ImsConfigImpl( 1897): getImsConfigListener returns null
01-01 08:30:37.395 E/ImsConfigImpl( 1897): onSetFeatureResponseDone listener is not valid !!!
01-01 08:30:37.397 D/ImsConfigImpl( 1897): SetServiceStatus = 0 18 0
01-01 08:30:37.397 D/ImsSenderRxr( 1897): [0005]> REQUEST_SET_SERVICE_STATUS[SUB0]
01-01 08:30:37.397 D/ImsSenderRxr( 1897): Message data: [0, 0, 0, 27, 11, 13, 5, 0, 0, 0, 16, 1, 24, 30, 32, 0, 8, 1, 24, 0, 58, 9, 8, 19, 16, 0, 29, 0, 0, 0, 0][SUB0]
01-01 08:30:37.397 D/ImsSenderRxr( 1897): [0005]< REQUEST_SET_SERVICE_STATUS error: 1
01-01 08:30:37.398 D/ImsConfigImpl( 1897): Message received: what = 2
01-01 08:30:37.398 E/ImsConfigImpl( 1897): getImsConfigListener returns null
01-01 08:30:37.398 E/ImsConfigImpl( 1897): onSetFeatureResponseDone listener is not valid !!!
01-01 08:30:37.405 D/ImsSenderRxr( 1897): [0006]> REQUEST_SET_IMS_CONFIG[SUB0]
01-01 08:30:37.405 D/ImsSenderRxr( 1897): Message data: [0, 0, 0, 23, 11, 13, 6, 0, 0, 0, 16, 1, 24, 44, 32, 0, 8, 29, 16, 0, 29, 1, 0, 0, 0, 40, 0][SUB0]
01-01 08:30:37.405 D/ImsSenderRxr( 1897): [0006]< REQUEST_SET_IMS_CONFIG error: 1
01-01 08:30:37.405 D/ImsConfigImpl( 1897): Message received: what = 1
01-01 08:30:37.405 D/ImsConfigImpl( 1897): Notifyall
01-01 08:30:37.406 V/ImsSenderRxr( 1897): sendImsRegistration imsRegState= 2[SUB0]
01-01 08:30:37.406 W/ImsConfigImpl( 1897): VoWiFi Roaming: value can't be changed
01-01 08:30:37.406 D/ImsSenderRxr( 1897): [0007]> REQUEST_IMS_REG_STATE_CHANGE[SUB0]
01-01 08:30:37.406 D/ImsSenderRxr( 1897): Message data: [0, 0, 0, 14, 11, 13, 7, 0, 0, 0, 16, 1, 24, 26, 32, 0, 8, 2][SUB0]
01-01 08:30:37.406 D/ImsSenderRxr( 1897): [0007]< REQUEST_IMS_REG_STATE_CHANGE error: 1
01-01 08:30:37.406 D/ImsService( 1897): Returning mQtiBinder for ImsService binding
01-01 08:30:37.408 I/Telecom ( 1271): ViceNotificationImpl: onServiceConnected
01-01 08:30:37.418 W/System  ( 1897): ClassLoader referenced unknown path: /system/app/xdivert/lib/arm64
01-01 08:30:37.421 V/XDivert ( 1897): Action intent recieved:Intent { act=android.intent.action.ACTION_SUBINFO_RECORD_UPDATED flg=0x10 cmp=com.qti.xdivert/.XDivert }
01-01 08:30:37.421 D/ImsServiceSub( 1897): Message received: what = 3
01-01 08:30:37.422 D/ImsServiceSub( 1897): handleImsStateChanged
01-01 08:30:37.422 E/ImsServiceSub( 1897): handleImsStateChanged error
01-01 08:30:37.434 I/ActivityManager( 1271): Start proc 2204:com.android.cellbroadcastreceiver/u0a3 for broadcast com.android.cellbroadcastreceiver/.CellBroadcastReceiver
01-01 08:30:37.434 D/ImsServiceSub( 1897): sendBroadcastForDisconnected
01-01 08:30:37.435 D/ImsServiceSub( 1897): Message received: what = 9
01-01 08:30:37.435 D/ImsServiceSub( 1897): Request turn on/off IMS failed
01-01 08:30:37.463 W/System  ( 2204): ClassLoader referenced unknown path: /system/priv-app/CellBroadcastReceiver/lib/arm64
01-01 08:30:37.469 I/chatty  (  760): uid=1013(media) AudioOut_2 expire 6 lines
01-01 08:30:37.474 D/CellBroadcastReceiver( 2204): onReceive Intent { act=android.intent.action.SERVICE_STATE flg=0x10 cmp=com.android.cellbroadcastreceiver/.CellBroadcastReceiver (has extras) }
01-01 08:30:37.474 D/CellBroadcastReceiver( 2204): Intent ACTION_SERVICE_STATE_CHANGED
01-01 08:30:37.474 D/CellBroadcastReceiver( 2204): subscriptionId = 2147483643
01-01 08:30:37.477 E/CellBroadcastReceiver( 2204): subId is not active:2147483643
01-01 08:30:37.489 I/ActivityManager( 1271): Start proc 2218:com.qti.antitheftdemo/u0a25 for broadcast com.qti.antitheftdemo/.AntiTheftReceiver
01-01 08:30:37.527 W/System  ( 2218): ClassLoader referenced unknown path: /system/app/AntiTheftDemo/lib/arm64
01-01 08:30:37.540 I/ActivityManager( 1271): Start proc 2231:com.qti.cbwidget/u0a31 for broadcast com.qti.cbwidget/.CBWidgetProvider
01-01 08:30:37.571 W/System  ( 2231): ClassLoader referenced unknown path: /system/app/CellBroadcastWidget/lib/arm64
01-01 08:30:37.584 D/SIP     ( 1897): [SipSharedPreferences] isReceivingCallsEnabled, option not set; use default value, exception: android.provider.Settings$SettingNotFoundException: sip_receive_calls
01-01 08:30:37.717 I/chatty  (  760): uid=1013(media) FastMixer expire 507 lines
01-01 08:30:38.522 I/msm8974_platform(  760): platform_check_and_set_codec_backend_cfg: Usecase bitwidth 16, samplerate 48000
01-01 08:30:38.522 I/msm8974_platform(  760): platform_check_and_set_codec_backend_cfg: new_snd_devices[0] is 2
01-01 08:30:38.522 I/msm8974_platform(  760): platform_check_codec_backend_cfg Codec selected backend: 0 current bit width: 16 and sample rate: 48000
01-01 08:30:38.522 D/msm8974_platform(  760): platform_check_codec_backend_cfg: resetting sample_rate back to default, backend_idx: 0
01-01 08:30:38.522 I/msm8974_platform(  760): platform_check_codec_backend_cfg Codec selected backend: 0 updated bit width: 16 and sample rate: 48000
01-01 08:30:38.522 D/hardware_info(  760): hw_info_append_hw_type : device_name = speaker
01-01 08:30:38.522 D/audio_hw_primary(  760): enable_snd_device: snd_device(2: speaker)
01-01 08:30:38.522 I/soundtrigger(  760): audio_extn_sound_trigger_update_device_status: device 0x2 of type 0 for Event 1, with Raise=0
01-01 08:30:38.522 D/aud_dev_arbi(  760): acquireOneDevice: device owner for device 2 is 1
01-01 08:30:38.522 I/audio_hw_primary(  760): select_devices Selected apptype: 69937
01-01 08:30:38.522 D/soundtrigger(  760): audio_extn_sound_trigger_update_stream_status: uc_id 1 of type 0 for Event 3, with Raise=0
01-01 08:30:38.522 I/audio_hw_utils(  760): audio_extn_utils_send_app_type_cfg PLAYBACK app_type 69937, acdb_dev_id 15, sample_rate 48000
01-01 08:30:38.522 D/ACDB-LOADER(  760): ACDB -> send_audio_cal, acdb_id = 15, path = 0, app id = 0x11131, sample rate = 48000
01-01 08:30:38.522 D/ACDB-LOADER(  760): ACDB -> send_asm_topology
01-01 08:30:38.522 D/ACDB-LOADER(  760): ACDB -> ACDB_CMD_GET_AUDPROC_STREAM_TOPOLOGY_ID
01-01 08:30:38.522 D/ACDB-LOADER(  760): ACDB -> send_adm_topology
01-01 08:30:38.522 D/ACDB-LOADER(  760): ACDB -> ACDB_CMD_GET_AUDPROC_COMMON_TOPOLOGY_ID
01-01 08:30:38.522 D/ACDB-LOADER(  760): ACDB -> send_audtable
01-01 08:30:38.522 D/ACDB-LOADER(  760): ACDB -> ACDB_CMD_GET_AUDPROC_COMMON_TABLE_SIZE
01-01 08:30:38.522 D/ACDB-LOADER(  760): ACDB -> ACDB_CMD_GET_AUDPROC_COMMON_TABLE
01-01 08:30:38.522 D/ACDB-LOADER(  760): ACDB -> AUDIO_SET_AUDPROC_CAL
01-01 08:30:38.522 D/ACDB-LOADER(  760): ACDB -> send_audvoltable
01-01 08:30:38.522 D/ACDB-LOADER(  760): ACDB -> ACDB_CMD_GET_AUDPROC_GAIN_DEP_STEP_TABLE, vol index 0
01-01 08:30:38.522 D/ACDB-LOADER(  760): ACDB -> AUDIO_SET_VOL_CAL cal type = 12
01-01 08:30:38.522 D/ACDB-LOADER(  760): ACDB -> send_audstrmtable
01-01 08:30:38.522 D/ACDB-LOADER(  760): ACDB -> ACDB_CMD_GET_AUDPROC_STREAM_TABLE_V2
01-01 08:30:38.522 D/ACDB-LOADER(  760): ACDB -> audstrm_cal->cal_type.cal_data.cal_size = 16
01-01 08:30:38.522 D/ACDB-LOADER(  760): ACDB -> send_afe_topology
01-01 08:30:38.522 D/ACDB-LOADER(  760): ACDB -> ACDB_CMD_GET_AFE_TOPOLOGY_ID
01-01 08:30:38.522 D/ACDB-LOADER(  760): ACDB -> GET_AFE_TOPOLOGY_ID for adcd_id 15, Topology Id 1025e
01-01 08:30:38.522 D/ACDB-LOADER(  760): ACDB -> send_afe_cal
01-01 08:30:38.522 D/ACDB-LOADER(  760): ACDB -> ACDB_CMD_GET_AFE_COMMON_TABLE
01-01 08:30:38.522 D/ACDB-LOADER(  760): ACDB -> AUDIO_SET_AFE_CAL
01-01 08:30:38.522 D/ACDB-LOADER(  760): ACDB -> send_hw_delay : acdb_id = 15 path = 0
01-01 08:30:38.522 D/ACDB-LOADER(  760): ACDB -> ACDB_AVSYNC_INFO: ACDB_CMD_GET_DEVICE_PROPERTY
01-01 08:30:38.522 D/audio_hw_primary(  760): enable_audio_route: apply mixer and update path: low-latency-playback
01-01 08:30:38.523 D/audio_hw_primary(  760): select_devices: done
01-01 08:30:38.524 D/msm8974_platform(  760): platform_set_channel_map mixer_ctl_name:Playback Channel Map15
01-01 08:30:38.524 D/msm8974_platform(  760): platform_set_channel_map: set mapping(1 2 0 0 0 0 0 0) for channel:2
01-01 08:30:38.531 E/audio_hw_primary(  760): start_output_stream: pcm_prepare returned -1
01-01 08:30:38.545 E/audio_hw_extn(  760): audio_extn_perf_lock_release: Perf lock release error 
01-01 08:30:38.545 D/audio_hw_primary(  760): disable_audio_route: reset and update mixer path: low-latency-playback
01-01 08:30:38.546 D/soundtrigger(  760): audio_extn_sound_trigger_update_stream_status: uc_id 1 of type 0 for Event 2, with Raise=0
01-01 08:30:38.546 D/hardware_info(  760): hw_info_append_hw_type : device_name = speaker
01-01 08:30:38.546 D/audio_hw_primary(  760): disable_snd_device: snd_device(2: speaker)
01-01 08:30:38.546 D/aud_dev_arbi(  760): releaseOneDevice: not sending command, device argument (2) does not match any registered device
01-01 08:30:38.546 D/aud_dev_arbi(  760): releaseOneDevice: device 2 owner is 0
01-01 08:30:38.546 I/soundtrigger(  760): audio_extn_sound_trigger_update_device_status: device 0x2 of type 0 for Event 0, with Raise=0
01-01 08:30:38.596 D/audio_hw_primary(  760): out_standby: enter: stream (0xf44f9000) usecase(1: low-latency-playback)
01-01 08:30:38.600 D/audio_hw_primary(  760): start_output_stream: enter: stream(0xf44f9000)usecase(1: low-latency-playback) devices(0x2)
01-01 08:30:38.600 E/audio_hw_extn(  760): audio_extn_perf_lock_acquire: Failed to acquire perf lock, err: -1
01-01 08:30:38.600 D/audio_hw_primary(  760): select_devices: out_snd_device(2: speaker) in_snd_device(0: )
01-01 08:30:38.600 I/msm8974_platform(  760): platform_check_and_set_codec_backend_cfg: Usecase bitwidth 16, samplerate 48000
01-01 08:30:38.600 I/msm8974_platform(  760): platform_check_and_set_codec_backend_cfg: new_snd_devices[0] is 2
01-01 08:30:38.600 I/msm8974_platform(  760): platform_check_codec_backend_cfg Codec selected backend: 0 current bit width: 16 and sample rate: 48000
01-01 08:30:38.600 D/msm8974_platform(  760): platform_check_codec_backend_cfg: resetting sample_rate back to default, backend_idx: 0
01-01 08:30:38.600 I/msm8974_platform(  760): platform_check_codec_backend_cfg Codec selected backend: 0 updated bit width: 16 and sample rate: 48000
01-01 08:30:38.600 D/hardware_info(  760): hw_info_append_hw_type : device_name = speaker
01-01 08:30:38.600 D/audio_hw_primary(  760): enable_snd_device: snd_device(2: speaker)
01-01 08:30:38.600 I/soundtrigger(  760): audio_extn_sound_trigger_update_device_status: device 0x2 of type 0 for Event 1, with Raise=0
01-01 08:30:38.600 D/aud_dev_arbi(  760): acquireOneDevice: device owner for device 2 is 1
01-01 08:30:38.600 I/audio_hw_primary(  760): select_devices Selected apptype: 69937
01-01 08:30:38.600 D/soundtrigger(  760): audio_extn_sound_trigger_update_stream_status: uc_id 1 of type 0 for Event 3, with Raise=0
01-01 08:30:38.600 I/audio_hw_utils(  760): audio_extn_utils_send_app_type_cfg PLAYBACK app_type 69937, acdb_dev_id 15, sample_rate 48000
01-01 08:30:38.601 D/ACDB-LOADER(  760): ACDB -> send_audio_cal, acdb_id = 15, path = 0, app id = 0x11131, sample rate = 48000
01-01 08:30:38.601 D/ACDB-LOADER(  760): ACDB -> send_asm_topology
01-01 08:30:38.601 D/ACDB-LOADER(  760): ACDB -> ACDB_CMD_GET_AUDPROC_STREAM_TOPOLOGY_ID
01-01 08:30:38.601 D/ACDB-LOADER(  760): ACDB -> send_adm_topology
01-01 08:30:38.601 D/ACDB-LOADER(  760): ACDB -> ACDB_CMD_GET_AUDPROC_COMMON_TOPOLOGY_ID
01-01 08:30:38.601 D/ACDB-LOADER(  760): ACDB -> send_audtable
01-01 08:30:38.601 D/ACDB-LOADER(  760): ACDB -> ACDB_CMD_GET_AUDPROC_COMMON_TABLE_SIZE
01-01 08:30:38.601 D/ACDB-LOADER(  760): ACDB -> ACDB_CMD_GET_AUDPROC_COMMON_TABLE
01-01 08:30:38.601 D/ACDB-LOADER(  760): ACDB -> AUDIO_SET_AUDPROC_CAL
01-01 08:30:38.601 D/ACDB-LOADER(  760): ACDB -> send_audvoltable
01-01 08:30:38.601 D/ACDB-LOADER(  760): ACDB -> ACDB_CMD_GET_AUDPROC_GAIN_DEP_STEP_TABLE, vol index 0
01-01 08:30:38.601 D/ACDB-LOADER(  760): ACDB -> AUDIO_SET_VOL_CAL cal type = 12
01-01 08:30:38.601 D/ACDB-LOADER(  760): ACDB -> send_audstrmtable
01-01 08:30:38.601 D/ACDB-LOADER(  760): ACDB -> ACDB_CMD_GET_AUDPROC_STREAM_TABLE_V2
01-01 08:30:38.601 D/ACDB-LOADER(  760): ACDB -> audstrm_cal->cal_type.cal_data.cal_size = 16
01-01 08:30:38.601 D/ACDB-LOADER(  760): ACDB -> send_afe_topology
01-01 08:30:38.601 D/ACDB-LOADER(  760): ACDB -> ACDB_CMD_GET_AFE_TOPOLOGY_ID
01-01 08:30:38.601 D/ACDB-LOADER(  760): ACDB -> GET_AFE_TOPOLOGY_ID for adcd_id 15, Topology Id 1025e
01-01 08:30:38.601 D/ACDB-LOADER(  760): ACDB -> send_afe_cal
01-01 08:30:38.601 D/ACDB-LOADER(  760): ACDB -> ACDB_CMD_GET_AFE_COMMON_TABLE
01-01 08:30:38.601 D/ACDB-LOADER(  760): ACDB -> AUDIO_SET_AFE_CAL
01-01 08:30:38.601 D/ACDB-LOADER(  760): ACDB -> send_hw_delay : acdb_id = 15 path = 0
01-01 08:30:38.601 D/ACDB-LOADER(  760): ACDB -> ACDB_AVSYNC_INFO: ACDB_CMD_GET_DEVICE_PROPERTY
01-01 08:30:38.601 D/audio_hw_primary(  760): enable_audio_route: apply mixer and update path: low-latency-playback
01-01 08:30:38.602 D/audio_hw_primary(  760): select_devices: done
01-01 08:30:38.603 D/msm8974_platform(  760): platform_set_channel_map mixer_ctl_name:Playback Channel Map15
01-01 08:30:38.603 D/msm8974_platform(  760): platform_set_channel_map: set mapping(1 2 0 0 0 0 0 0) for channel:2
01-01 08:30:38.610 E/audio_hw_primary(  760): start_output_stream: pcm_prepare returned -1
01-01 08:30:38.625 E/audio_hw_extn(  760): audio_extn_perf_lock_release: Perf lock release error 
01-01 08:30:38.625 D/audio_hw_primary(  760): disable_audio_route: reset and update mixer path: low-latency-playback
01-01 08:30:38.626 D/soundtrigger(  760): audio_extn_sound_trigger_update_stream_status: uc_id 1 of type 0 for Event 2, with Raise=0
01-01 08:30:38.626 D/hardware_info(  760): hw_info_append_hw_type : device_name = speaker
01-01 08:30:38.626 D/audio_hw_primary(  760): disable_snd_device: snd_device(2: speaker)
01-01 08:30:38.626 D/aud_dev_arbi(  760): releaseOneDevice: not sending command, device argument (2) does not match any registered device
01-01 08:30:38.626 D/aud_dev_arbi(  760): releaseOneDevice: device 2 owner is 0
01-01 08:30:38.626 I/soundtrigger(  760): audio_extn_sound_trigger_update_device_status: device 0x2 of type 0 for Event 0, with Raise=0
01-01 08:30:38.676 D/audio_hw_primary(  760): out_standby: enter: stream (0xf44f9000) usecase(1: low-latency-playback)
01-01 08:30:38.680 D/audio_hw_primary(  760): start_output_stream: enter: stream(0xf44f9000)usecase(1: low-latency-playback) devices(0x2)
01-01 08:30:38.680 E/audio_hw_extn(  760): audio_extn_perf_lock_acquire: Failed to acquire perf lock, err: -1
01-01 08:30:38.680 D/audio_hw_primary(  760): select_devices: out_snd_device(2: speaker) in_snd_device(0: )
01-01 08:30:38.681 I/msm8974_platform(  760): platform_check_and_set_codec_backend_cfg: Usecase bitwidth 16, samplerate 48000
01-01 08:30:38.681 I/msm8974_platform(  760): platform_check_and_set_codec_backend_cfg: new_snd_devices[0] is 2
01-01 08:30:38.681 I/msm8974_platform(  760): platform_check_codec_backend_cfg Codec selected backend: 0 current bit width: 16 and sample rate: 48000
01-01 08:30:38.681 D/msm8974_platform(  760): platform_check_codec_backend_cfg: resetting sample_rate back to default, backend_idx: 0
01-01 08:30:38.681 I/msm8974_platform(  760): platform_check_codec_backend_cfg Codec selected backend: 0 updated bit width: 16 and sample rate: 48000
01-01 08:30:38.681 D/hardware_info(  760): hw_info_append_hw_type : device_name = speaker
01-01 08:30:38.681 D/audio_hw_primary(  760): enable_snd_device: snd_device(2: speaker)
01-01 08:30:38.681 I/soundtrigger(  760): audio_extn_sound_trigger_update_device_status: device 0x2 of type 0 for Event 1, with Raise=0
01-01 08:30:38.681 D/aud_dev_arbi(  760): acquireOneDevice: device owner for device 2 is 1
01-01 08:30:38.681 I/audio_hw_primary(  760): select_devices Selected apptype: 69937
01-01 08:30:38.681 D/soundtrigger(  760): audio_extn_sound_trigger_update_stream_status: uc_id 1 of type 0 for Event 3, with Raise=0
01-01 08:30:38.681 I/audio_hw_utils(  760): audio_extn_utils_send_app_type_cfg PLAYBACK app_type 69937, acdb_dev_id 15, sample_rate 48000
01-01 08:30:38.682 D/ACDB-LOADER(  760): ACDB -> send_audio_cal, acdb_id = 15, path = 0, app id = 0x11131, sample rate = 48000
01-01 08:30:38.682 D/ACDB-LOADER(  760): ACDB -> send_asm_topology
01-01 08:30:38.682 D/ACDB-LOADER(  760): ACDB -> ACDB_CMD_GET_AUDPROC_STREAM_TOPOLOGY_ID
01-01 08:30:38.682 D/ACDB-LOADER(  760): ACDB -> send_adm_topology
01-01 08:30:38.682 D/ACDB-LOADER(  760): ACDB -> ACDB_CMD_GET_AUDPROC_COMMON_TOPOLOGY_ID
01-01 08:30:38.682 D/ACDB-LOADER(  760): ACDB -> send_audtable
01-01 08:30:38.682 D/ACDB-LOADER(  760): ACDB -> ACDB_CMD_GET_AUDPROC_COMMON_TABLE_SIZE
01-01 08:30:38.682 D/ACDB-LOADER(  760): ACDB -> ACDB_CMD_GET_AUDPROC_COMMON_TABLE
01-01 08:30:38.682 D/ACDB-LOADER(  760): ACDB -> AUDIO_SET_AUDPROC_CAL
01-01 08:30:38.682 D/ACDB-LOADER(  760): ACDB -> send_audvoltable
01-01 08:30:38.682 D/ACDB-LOADER(  760): ACDB -> ACDB_CMD_GET_AUDPROC_GAIN_DEP_STEP_TABLE, vol index 0
01-01 08:30:38.682 D/ACDB-LOADER(  760): ACDB -> AUDIO_SET_VOL_CAL cal type = 12
01-01 08:30:38.682 D/ACDB-LOADER(  760): ACDB -> send_audstrmtable
01-01 08:30:38.682 D/ACDB-LOADER(  760): ACDB -> ACDB_CMD_GET_AUDPROC_STREAM_TABLE_V2
01-01 08:30:38.682 D/ACDB-LOADER(  760): ACDB -> audstrm_cal->cal_type.cal_data.cal_size = 16
01-01 08:30:38.682 D/ACDB-LOADER(  760): ACDB -> send_afe_topology
01-01 08:30:38.682 D/ACDB-LOADER(  760): ACDB -> ACDB_CMD_GET_AFE_TOPOLOGY_ID
01-01 08:30:38.682 D/ACDB-LOADER(  760): ACDB -> GET_AFE_TOPOLOGY_ID for adcd_id 15, Topology Id 1025e
01-01 08:30:38.683 D/ACDB-LOADER(  760): ACDB -> send_afe_cal
01-01 08:30:38.683 D/ACDB-LOADER(  760): ACDB -> ACDB_CMD_GET_AFE_COMMON_TABLE
01-01 08:30:38.683 D/ACDB-LOADER(  760): ACDB -> AUDIO_SET_AFE_CAL
01-01 08:30:38.683 D/ACDB-LOADER(  760): ACDB -> send_hw_delay : acdb_id = 15 path = 0
01-01 08:30:38.683 D/ACDB-LOADER(  760): ACDB -> ACDB_AVSYNC_INFO: ACDB_CMD_GET_DEVICE_PROPERTY
01-01 08:30:38.683 D/audio_hw_primary(  760): enable_audio_route: apply mixer and update path: low-latency-playback
01-01 08:30:38.684 D/audio_hw_primary(  760): select_devices: done
01-01 08:30:38.685 D/msm8974_platform(  760): platform_set_channel_map mixer_ctl_name:Playback Channel Map15
01-01 08:30:38.685 D/msm8974_platform(  760): platform_set_channel_map: set mapping(1 2 0 0 0 0 0 0) for channel:2
01-01 08:30:38.693 E/audio_hw_primary(  760): start_output_stream: pcm_prepare returned -1
01-01 08:30:38.706 E/audio_hw_extn(  760): audio_extn_perf_lock_release: Perf lock release error 
01-01 08:30:38.706 D/audio_hw_primary(  760): disable_audio_route: reset and update mixer path: low-latency-playback
01-01 08:30:38.707 D/soundtrigger(  760): audio_extn_sound_trigger_update_stream_status: uc_id 1 of type 0 for Event 2, with Raise=0
01-01 08:30:38.707 D/hardware_info(  760): hw_info_append_hw_type : device_name = speaker
01-01 08:30:38.707 D/audio_hw_primary(  760): disable_snd_device: snd_device(2: speaker)
01-01 08:30:38.707 D/aud_dev_arbi(  760): releaseOneDevice: not sending command, device argument (2) does not match any registered device
01-01 08:30:38.707 D/aud_dev_arbi(  760): releaseOneDevice: device 2 owner is 0
01-01 08:30:38.707 I/soundtrigger(  760): audio_extn_sound_trigger_update_device_status: device 0x2 of type 0 for Event 0, with Raise=0
01-01 08:30:38.757 D/audio_hw_primary(  760): out_standby: enter: stream (0xf44f9000) usecase(1: low-latency-playback)
01-01 08:30:38.761 D/audio_hw_primary(  760): start_output_stream: enter: stream(0xf44f9000)usecase(1: low-latency-playback) devices(0x2)
01-01 08:30:38.761 E/audio_hw_extn(  760): audio_extn_perf_lock_acquire: Failed to acquire perf lock, err: -1
01-01 08:30:38.761 D/audio_hw_primary(  760): select_devices: out_snd_device(2: speaker) in_snd_device(0: )
01-01 08:30:38.761 I/msm8974_platform(  760): platform_check_and_set_codec_backend_cfg: Usecase bitwidth 16, samplerate 48000
01-01 08:30:38.761 I/msm8974_platform(  760): platform_check_and_set_codec_backend_cfg: new_snd_devices[0] is 2
01-01 08:30:38.761 I/msm8974_platform(  760): platform_check_codec_backend_cfg Codec selected backend: 0 current bit width: 16 and sample rate: 48000
01-01 08:30:38.761 D/msm8974_platform(  760): platform_check_codec_backend_cfg: resetting sample_rate back to default, backend_idx: 0
01-01 08:30:38.761 I/msm8974_platform(  760): platform_check_codec_backend_cfg Codec selected backend: 0 updated bit width: 16 and sample rate: 48000
01-01 08:30:38.761 D/hardware_info(  760): hw_info_append_hw_type : device_name = speaker
01-01 08:30:38.761 D/audio_hw_primary(  760): enable_snd_device: snd_device(2: speaker)
01-01 08:30:38.761 I/soundtrigger(  760): audio_extn_sound_trigger_update_device_status: device 0x2 of type 0 for Event 1, with Raise=0
01-01 08:30:38.761 D/aud_dev_arbi(  760): acquireOneDevice: device owner for device 2 is 1
01-01 08:30:38.761 I/audio_hw_primary(  760): select_devices Selected apptype: 69937
01-01 08:30:38.762 D/soundtrigger(  760): audio_extn_sound_trigger_update_stream_status: uc_id 1 of type 0 for Event 3, with Raise=0
01-01 08:30:38.762 I/audio_hw_utils(  760): audio_extn_utils_send_app_type_cfg PLAYBACK app_type 69937, acdb_dev_id 15, sample_rate 48000
01-01 08:30:38.762 D/ACDB-LOADER(  760): ACDB -> send_audio_cal, acdb_id = 15, path = 0, app id = 0x11131, sample rate = 48000
01-01 08:30:38.762 D/ACDB-LOADER(  760): ACDB -> send_asm_topology
01-01 08:30:38.762 D/ACDB-LOADER(  760): ACDB -> ACDB_CMD_GET_AUDPROC_STREAM_TOPOLOGY_ID
01-01 08:30:38.762 D/ACDB-LOADER(  760): ACDB -> send_adm_topology
01-01 08:30:38.762 D/ACDB-LOADER(  760): ACDB -> ACDB_CMD_GET_AUDPROC_COMMON_TOPOLOGY_ID
01-01 08:30:38.762 D/ACDB-LOADER(  760): ACDB -> send_audtable
01-01 08:30:38.762 D/ACDB-LOADER(  760): ACDB -> ACDB_CMD_GET_AUDPROC_COMMON_TABLE_SIZE
01-01 08:30:38.762 D/ACDB-LOADER(  760): ACDB -> ACDB_CMD_GET_AUDPROC_COMMON_TABLE
01-01 08:30:38.762 D/ACDB-LOADER(  760): ACDB -> AUDIO_SET_AUDPROC_CAL
01-01 08:30:38.762 D/ACDB-LOADER(  760): ACDB -> send_audvoltable
01-01 08:30:38.762 D/ACDB-LOADER(  760): ACDB -> ACDB_CMD_GET_AUDPROC_GAIN_DEP_STEP_TABLE, vol index 0
01-01 08:30:38.762 D/ACDB-LOADER(  760): ACDB -> AUDIO_SET_VOL_CAL cal type = 12
01-01 08:30:38.762 D/ACDB-LOADER(  760): ACDB -> send_audstrmtable
01-01 08:30:38.762 D/ACDB-LOADER(  760): ACDB -> ACDB_CMD_GET_AUDPROC_STREAM_TABLE_V2
01-01 08:30:38.762 D/ACDB-LOADER(  760): ACDB -> audstrm_cal->cal_type.cal_data.cal_size = 16
01-01 08:30:38.762 D/ACDB-LOADER(  760): ACDB -> send_afe_topology
01-01 08:30:38.762 D/ACDB-LOADER(  760): ACDB -> ACDB_CMD_GET_AFE_TOPOLOGY_ID
01-01 08:30:38.762 D/ACDB-LOADER(  760): ACDB -> GET_AFE_TOPOLOGY_ID for adcd_id 15, Topology Id 1025e
01-01 08:30:38.762 D/ACDB-LOADER(  760): ACDB -> send_afe_cal
01-01 08:30:38.762 D/ACDB-LOADER(  760): ACDB -> ACDB_CMD_GET_AFE_COMMON_TABLE
01-01 08:30:38.762 D/ACDB-LOADER(  760): ACDB -> AUDIO_SET_AFE_CAL
01-01 08:30:38.762 D/ACDB-LOADER(  760): ACDB -> send_hw_delay : acdb_id = 15 path = 0
01-01 08:30:38.762 D/ACDB-LOADER(  760): ACDB -> ACDB_AVSYNC_INFO: ACDB_CMD_GET_DEVICE_PROPERTY
01-01 08:30:38.762 D/audio_hw_primary(  760): enable_audio_route: apply mixer and update path: low-latency-playback
01-01 08:30:38.763 D/audio_hw_primary(  760): select_devices: done
01-01 08:30:38.764 D/msm8974_platform(  760): platform_set_channel_map mixer_ctl_name:Playback Channel Map15
01-01 08:30:38.764 D/msm8974_platform(  760): platform_set_channel_map: set mapping(1 2 0 0 0 0 0 0) for channel:2
01-01 08:30:38.771 E/audio_hw_primary(  760): start_output_stream: pcm_prepare returned -1
01-01 08:30:38.785 E/audio_hw_extn(  760): audio_extn_perf_lock_release: Perf lock release error 
01-01 08:30:38.785 D/audio_hw_primary(  760): disable_audio_route: reset and update mixer path: low-latency-playback
01-01 08:30:38.785 D/soundtrigger(  760): audio_extn_sound_trigger_update_stream_status: uc_id 1 of type 0 for Event 2, with Raise=0
01-01 08:30:38.785 D/hardware_info(  760): hw_info_append_hw_type : device_name = speaker
01-01 08:30:38.785 D/audio_hw_primary(  760): disable_snd_device: snd_device(2: speaker)
01-01 08:30:38.785 D/aud_dev_arbi(  760): releaseOneDevice: not sending command, device argument (2) does not match any registered device
01-01 08:30:38.785 D/aud_dev_arbi(  760): releaseOneDevice: device 2 owner is 0
01-01 08:30:38.785 I/soundtrigger(  760): audio_extn_sound_trigger_update_device_status: device 0x2 of type 0 for Event 0, with Raise=0
01-01 08:30:38.835 D/audio_hw_primary(  760): out_standby: enter: stream (0xf44f9000) usecase(1: low-latency-playback)
01-01 08:30:38.840 D/audio_hw_primary(  760): start_output_stream: enter: stream(0xf44f9000)usecase(1: low-latency-playback) devices(0x2)
01-01 08:30:38.840 E/audio_hw_extn(  760): audio_extn_perf_lock_acquire: Failed to acquire perf lock, err: -1
01-01 08:30:38.840 D/audio_hw_primary(  760): select_devices: out_snd_device(2: speaker) in_snd_device(0: )
01-01 08:30:38.840 I/msm8974_platform(  760): platform_check_and_set_codec_backend_cfg: Usecase bitwidth 16, samplerate 48000
01-01 08:30:38.840 I/msm8974_platform(  760): platform_check_and_set_codec_backend_cfg: new_snd_devices[0] is 2
01-01 08:30:38.840 I/msm8974_platform(  760): platform_check_codec_backend_cfg Codec selected backend: 0 current bit width: 16 and sample rate: 48000
01-01 08:30:38.840 D/msm8974_platform(  760): platform_check_codec_backend_cfg: resetting sample_rate back to default, backend_idx: 0
01-01 08:30:38.840 I/msm8974_platform(  760): platform_check_codec_backend_cfg Codec selected backend: 0 updated bit width: 16 and sample rate: 48000
01-01 08:30:38.840 D/hardware_info(  760): hw_info_append_hw_type : device_name = speaker
01-01 08:30:38.840 D/audio_hw_primary(  760): enable_snd_device: snd_device(2: speaker)
01-01 08:30:38.840 I/soundtrigger(  760): audio_extn_sound_trigger_update_device_status: device 0x2 of type 0 for Event 1, with Raise=0
01-01 08:30:38.840 D/aud_dev_arbi(  760): acquireOneDevice: device owner for device 2 is 1
01-01 08:30:38.840 I/audio_hw_primary(  760): select_devices Selected apptype: 69937
01-01 08:30:38.840 D/soundtrigger(  760): audio_extn_sound_trigger_update_stream_status: uc_id 1 of type 0 for Event 3, with Raise=0
01-01 08:30:38.840 I/audio_hw_utils(  760): audio_extn_utils_send_app_type_cfg PLAYBACK app_type 69937, acdb_dev_id 15, sample_rate 48000
01-01 08:30:38.840 D/ACDB-LOADER(  760): ACDB -> send_audio_cal, acdb_id = 15, path = 0, app id = 0x11131, sample rate = 48000
01-01 08:30:38.840 D/ACDB-LOADER(  760): ACDB -> send_asm_topology
01-01 08:30:38.840 D/ACDB-LOADER(  760): ACDB -> ACDB_CMD_GET_AUDPROC_STREAM_TOPOLOGY_ID
01-01 08:30:38.840 D/ACDB-LOADER(  760): ACDB -> send_adm_topology
01-01 08:30:38.840 D/ACDB-LOADER(  760): ACDB -> ACDB_CMD_GET_AUDPROC_COMMON_TOPOLOGY_ID
01-01 08:30:38.840 D/ACDB-LOADER(  760): ACDB -> send_audtable
01-01 08:30:38.840 D/ACDB-LOADER(  760): ACDB -> ACDB_CMD_GET_AUDPROC_COMMON_TABLE_SIZE
01-01 08:30:38.840 D/ACDB-LOADER(  760): ACDB -> ACDB_CMD_GET_AUDPROC_COMMON_TABLE
01-01 08:30:38.840 D/ACDB-LOADER(  760): ACDB -> AUDIO_SET_AUDPROC_CAL
01-01 08:30:38.840 D/ACDB-LOADER(  760): ACDB -> send_audvoltable
01-01 08:30:38.840 D/ACDB-LOADER(  760): ACDB -> ACDB_CMD_GET_AUDPROC_GAIN_DEP_STEP_TABLE, vol index 0
01-01 08:30:38.840 D/ACDB-LOADER(  760): ACDB -> AUDIO_SET_VOL_CAL cal type = 12
01-01 08:30:38.840 D/ACDB-LOADER(  760): ACDB -> send_audstrmtable
01-01 08:30:38.840 D/ACDB-LOADER(  760): ACDB -> ACDB_CMD_GET_AUDPROC_STREAM_TABLE_V2
01-01 08:30:38.840 D/ACDB-LOADER(  760): ACDB -> audstrm_cal->cal_type.cal_data.cal_size = 16
01-01 08:30:38.840 D/ACDB-LOADER(  760): ACDB -> send_afe_topology
01-01 08:30:38.841 D/ACDB-LOADER(  760): ACDB -> ACDB_CMD_GET_AFE_TOPOLOGY_ID
01-01 08:30:38.841 D/ACDB-LOADER(  760): ACDB -> GET_AFE_TOPOLOGY_ID for adcd_id 15, Topology Id 1025e
01-01 08:30:38.841 D/ACDB-LOADER(  760): ACDB -> send_afe_cal
01-01 08:30:38.841 D/ACDB-LOADER(  760): ACDB -> ACDB_CMD_GET_AFE_COMMON_TABLE
01-01 08:30:38.841 D/ACDB-LOADER(  760): ACDB -> AUDIO_SET_AFE_CAL
01-01 08:30:38.841 D/ACDB-LOADER(  760): ACDB -> send_hw_delay : acdb_id = 15 path = 0
01-01 08:30:38.841 D/ACDB-LOADER(  760): ACDB -> ACDB_AVSYNC_INFO: ACDB_CMD_GET_DEVICE_PROPERTY
01-01 08:30:38.841 D/audio_hw_primary(  760): enable_audio_route: apply mixer and update path: low-latency-playback
01-01 08:30:38.841 D/audio_hw_primary(  760): select_devices: done
01-01 08:30:38.842 D/msm8974_platform(  760): platform_set_channel_map mixer_ctl_name:Playback Channel Map15
01-01 08:30:38.842 D/msm8974_platform(  760): platform_set_channel_map: set mapping(1 2 0 0 0 0 0 0) for channel:2
01-01 08:30:38.849 E/audio_hw_primary(  760): start_output_stream: pcm_prepare returned -1
01-01 08:30:38.864 E/audio_hw_extn(  760): audio_extn_perf_lock_release: Perf lock release error 
01-01 08:30:38.864 D/audio_hw_primary(  760): disable_audio_route: reset and update mixer path: low-latency-playback
01-01 08:30:38.865 D/soundtrigger(  760): audio_extn_sound_trigger_update_stream_status: uc_id 1 of type 0 for Event 2, with Raise=0
01-01 08:30:38.865 D/hardware_info(  760): hw_info_append_hw_type : device_name = speaker
01-01 08:30:38.865 D/audio_hw_primary(  760): disable_snd_device: snd_device(2: speaker)
01-01 08:30:38.865 D/aud_dev_arbi(  760): releaseOneDevice: not sending command, device argument (2) does not match any registered device
01-01 08:30:38.865 D/aud_dev_arbi(  760): releaseOneDevice: device 2 owner is 0
01-01 08:30:38.865 I/soundtrigger(  760): audio_extn_sound_trigger_update_device_status: device 0x2 of type 0 for Event 0, with Raise=0
01-01 08:30:38.915 D/audio_hw_primary(  760): out_standby: enter: stream (0xf44f9000) usecase(1: low-latency-playback)
01-01 08:30:38.919 D/audio_hw_primary(  760): start_output_stream: enter: stream(0xf44f9000)usecase(1: low-latency-playback) devices(0x2)
01-01 08:30:38.919 E/audio_hw_extn(  760): audio_extn_perf_lock_acquire: Failed to acquire perf lock, err: -1
01-01 08:30:38.919 D/audio_hw_primary(  760): select_devices: out_snd_device(2: speaker) in_snd_device(0: )
01-01 08:30:38.919 I/msm8974_platform(  760): platform_check_and_set_codec_backend_cfg: Usecase bitwidth 16, samplerate 48000
01-01 08:30:38.919 I/msm8974_platform(  760): platform_check_and_set_codec_backend_cfg: new_snd_devices[0] is 2
01-01 08:30:38.919 I/msm8974_platform(  760): platform_check_codec_backend_cfg Codec selected backend: 0 current bit width: 16 and sample rate: 48000
01-01 08:30:38.919 D/msm8974_platform(  760): platform_check_codec_backend_cfg: resetting sample_rate back to default, backend_idx: 0
01-01 08:30:38.920 I/msm8974_platform(  760): platform_check_codec_backend_cfg Codec selected backend: 0 updated bit width: 16 and sample rate: 48000
01-01 08:30:38.920 D/hardware_info(  760): hw_info_append_hw_type : device_name = speaker
01-01 08:30:38.920 D/audio_hw_primary(  760): enable_snd_device: snd_device(2: speaker)
01-01 08:30:38.920 I/soundtrigger(  760): audio_extn_sound_trigger_update_device_status: device 0x2 of type 0 for Event 1, with Raise=0
01-01 08:30:38.920 D/aud_dev_arbi(  760): acquireOneDevice: device owner for device 2 is 1
01-01 08:30:38.920 I/audio_hw_primary(  760): select_devices Selected apptype: 69937
01-01 08:30:38.920 D/soundtrigger(  760): audio_extn_sound_trigger_update_stream_status: uc_id 1 of type 0 for Event 3, with Raise=0
01-01 08:30:38.920 I/audio_hw_utils(  760): audio_extn_utils_send_app_type_cfg PLAYBACK app_type 69937, acdb_dev_id 15, sample_rate 48000
01-01 08:30:38.920 D/ACDB-LOADER(  760): ACDB -> send_audio_cal, acdb_id = 15, path = 0, app id = 0x11131, sample rate = 48000
01-01 08:30:38.920 D/ACDB-LOADER(  760): ACDB -> send_asm_topology
01-01 08:30:38.920 D/ACDB-LOADER(  760): ACDB -> ACDB_CMD_GET_AUDPROC_STREAM_TOPOLOGY_ID
01-01 08:30:38.920 D/ACDB-LOADER(  760): ACDB -> send_adm_topology
01-01 08:30:38.920 D/ACDB-LOADER(  760): ACDB -> ACDB_CMD_GET_AUDPROC_COMMON_TOPOLOGY_ID
01-01 08:30:38.920 D/ACDB-LOADER(  760): ACDB -> send_audtable
01-01 08:30:38.920 D/ACDB-LOADER(  760): ACDB -> ACDB_CMD_GET_AUDPROC_COMMON_TABLE_SIZE
01-01 08:30:38.920 D/ACDB-LOADER(  760): ACDB -> ACDB_CMD_GET_AUDPROC_COMMON_TABLE
01-01 08:30:38.920 D/ACDB-LOADER(  760): ACDB -> AUDIO_SET_AUDPROC_CAL
01-01 08:30:38.920 D/ACDB-LOADER(  760): ACDB -> send_audvoltable
01-01 08:30:38.920 D/ACDB-LOADER(  760): ACDB -> ACDB_CMD_GET_AUDPROC_GAIN_DEP_STEP_TABLE, vol index 0
01-01 08:30:38.920 D/ACDB-LOADER(  760): ACDB -> AUDIO_SET_VOL_CAL cal type = 12
01-01 08:30:38.920 D/ACDB-LOADER(  760): ACDB -> send_audstrmtable
01-01 08:30:38.920 D/ACDB-LOADER(  760): ACDB -> ACDB_CMD_GET_AUDPROC_STREAM_TABLE_V2
01-01 08:30:38.920 D/ACDB-LOADER(  760): ACDB -> audstrm_cal->cal_type.cal_data.cal_size = 16
01-01 08:30:38.920 D/ACDB-LOADER(  760): ACDB -> send_afe_topology
01-01 08:30:38.920 D/ACDB-LOADER(  760): ACDB -> ACDB_CMD_GET_AFE_TOPOLOGY_ID
01-01 08:30:38.920 D/ACDB-LOADER(  760): ACDB -> GET_AFE_TOPOLOGY_ID for adcd_id 15, Topology Id 1025e
01-01 08:30:38.920 D/ACDB-LOADER(  760): ACDB -> send_afe_cal
01-01 08:30:38.920 D/ACDB-LOADER(  760): ACDB -> ACDB_CMD_GET_AFE_COMMON_TABLE
01-01 08:30:38.920 D/ACDB-LOADER(  760): ACDB -> AUDIO_SET_AFE_CAL
01-01 08:30:38.920 D/ACDB-LOADER(  760): ACDB -> send_hw_delay : acdb_id = 15 path = 0
01-01 08:30:38.920 D/ACDB-LOADER(  760): ACDB -> ACDB_AVSYNC_INFO: ACDB_CMD_GET_DEVICE_PROPERTY
01-01 08:30:38.920 D/audio_hw_primary(  760): enable_audio_route: apply mixer and update path: low-latency-playback
01-01 08:30:38.921 D/audio_hw_primary(  760): select_devices: done
01-01 08:30:38.922 D/msm8974_platform(  760): platform_set_channel_map mixer_ctl_name:Playback Channel Map15
01-01 08:30:38.922 D/msm8974_platform(  760): platform_set_channel_map: set mapping(1 2 0 0 0 0 0 0) for channel:2
01-01 08:30:38.929 E/audio_hw_primary(  760): start_output_stream: pcm_prepare returned -1
01-01 08:30:38.943 E/audio_hw_extn(  760): audio_extn_perf_lock_release: Perf lock release error 
01-01 08:30:38.943 D/audio_hw_primary(  760): disable_audio_route: reset and update mixer path: low-latency-playback
01-01 08:30:38.944 D/soundtrigger(  760): audio_extn_sound_trigger_update_stream_status: uc_id 1 of type 0 for Event 2, with Raise=0
01-01 08:30:38.944 D/hardware_info(  760): hw_info_append_hw_type : device_name = speaker
01-01 08:30:38.944 D/audio_hw_primary(  760): disable_snd_device: snd_device(2: speaker)
01-01 08:30:38.944 D/aud_dev_arbi(  760): releaseOneDevice: not sending command, device argument (2) does not match any registered device
01-01 08:30:38.944 D/aud_dev_arbi(  760): releaseOneDevice: device 2 owner is 0
01-01 08:30:38.944 I/soundtrigger(  760): audio_extn_sound_trigger_update_device_status: device 0x2 of type 0 for Event 0, with Raise=0
01-01 08:30:38.994 D/audio_hw_primary(  760): out_standby: enter: stream (0xf44f9000) usecase(1: low-latency-playback)
01-01 08:30:38.998 D/audio_hw_primary(  760): start_output_stream: enter: stream(0xf44f9000)usecase(1: low-latency-playback) devices(0x2)
01-01 08:30:38.998 E/audio_hw_extn(  760): audio_extn_perf_lock_acquire: Failed to acquire perf lock, err: -1
01-01 08:30:38.998 D/audio_hw_primary(  760): select_devices: out_snd_device(2: speaker) in_snd_device(0: )
01-01 08:30:38.998 I/msm8974_platform(  760): platform_check_and_set_codec_backend_cfg: Usecase bitwidth 16, samplerate 48000
01-01 08:30:38.998 I/msm8974_platform(  760): platform_check_and_set_codec_backend_cfg: new_snd_devices[0] is 2
01-01 08:30:38.998 I/msm8974_platform(  760): platform_check_codec_backend_cfg Codec selected backend: 0 current bit width: 16 and sample rate: 48000
01-01 08:30:38.998 D/msm8974_platform(  760): platform_check_codec_backend_cfg: resetting sample_rate back to default, backend_idx: 0
01-01 08:30:38.998 I/msm8974_platform(  760): platform_check_codec_backend_cfg Codec selected backend: 0 updated bit width: 16 and sample rate: 48000
01-01 08:30:38.998 D/hardware_info(  760): hw_info_append_hw_type : device_name = speaker
01-01 08:30:38.998 D/audio_hw_primary(  760): enable_snd_device: snd_device(2: speaker)
01-01 08:30:38.999 I/soundtrigger(  760): audio_extn_sound_trigger_update_device_status: device 0x2 of type 0 for Event 1, with Raise=0
01-01 08:30:38.999 D/aud_dev_arbi(  760): acquireOneDevice: device owner for device 2 is 1
01-01 08:30:38.999 I/audio_hw_primary(  760): select_devices Selected apptype: 69937
01-01 08:30:38.999 D/soundtrigger(  760): audio_extn_sound_trigger_update_stream_status: uc_id 1 of type 0 for Event 3, with Raise=0
01-01 08:30:38.999 I/audio_hw_utils(  760): audio_extn_utils_send_app_type_cfg PLAYBACK app_type 69937, acdb_dev_id 15, sample_rate 48000
01-01 08:30:38.999 D/ACDB-LOADER(  760): ACDB -> send_audio_cal, acdb_id = 15, path = 0, app id = 0x11131, sample rate = 48000
01-01 08:30:38.999 D/ACDB-LOADER(  760): ACDB -> send_asm_topology
01-01 08:30:38.999 D/ACDB-LOADER(  760): ACDB -> ACDB_CMD_GET_AUDPROC_STREAM_TOPOLOGY_ID
01-01 08:30:38.999 D/ACDB-LOADER(  760): ACDB -> send_adm_topology
01-01 08:30:38.999 D/ACDB-LOADER(  760): ACDB -> ACDB_CMD_GET_AUDPROC_COMMON_TOPOLOGY_ID
01-01 08:30:38.999 D/ACDB-LOADER(  760): ACDB -> send_audtable
01-01 08:30:38.999 D/ACDB-LOADER(  760): ACDB -> ACDB_CMD_GET_AUDPROC_COMMON_TABLE_SIZE
01-01 08:30:38.999 D/ACDB-LOADER(  760): ACDB -> ACDB_CMD_GET_AUDPROC_COMMON_TABLE
01-01 08:30:38.999 D/ACDB-LOADER(  760): ACDB -> AUDIO_SET_AUDPROC_CAL
01-01 08:30:38.999 D/ACDB-LOADER(  760): ACDB -> send_audvoltable
01-01 08:30:38.999 D/ACDB-LOADER(  760): ACDB -> ACDB_CMD_GET_AUDPROC_GAIN_DEP_STEP_TABLE, vol index 0
01-01 08:30:38.999 D/ACDB-LOADER(  760): ACDB -> AUDIO_SET_VOL_CAL cal type = 12
01-01 08:30:38.999 D/ACDB-LOADER(  760): ACDB -> send_audstrmtable
01-01 08:30:38.999 D/ACDB-LOADER(  760): ACDB -> ACDB_CMD_GET_AUDPROC_STREAM_TABLE_V2
01-01 08:30:38.999 D/ACDB-LOADER(  760): ACDB -> audstrm_cal->cal_type.cal_data.cal_size = 16
01-01 08:30:38.999 D/ACDB-LOADER(  760): ACDB -> send_afe_topology
01-01 08:30:38.999 D/ACDB-LOADER(  760): ACDB -> ACDB_CMD_GET_AFE_TOPOLOGY_ID
01-01 08:30:38.999 D/ACDB-LOADER(  760): ACDB -> GET_AFE_TOPOLOGY_ID for adcd_id 15, Topology Id 1025e
01-01 08:30:38.999 D/ACDB-LOADER(  760): ACDB -> send_afe_cal
01-01 08:30:38.999 D/ACDB-LOADER(  760): ACDB -> ACDB_CMD_GET_AFE_COMMON_TABLE
01-01 08:30:38.999 D/ACDB-LOADER(  760): ACDB -> AUDIO_SET_AFE_CAL
01-01 08:30:38.999 D/ACDB-LOADER(  760): ACDB -> send_hw_delay : acdb_id = 15 path = 0
01-01 08:30:38.999 D/ACDB-LOADER(  760): ACDB -> ACDB_AVSYNC_INFO: ACDB_CMD_GET_DEVICE_PROPERTY
01-01 08:30:38.999 D/audio_hw_primary(  760): enable_audio_route: apply mixer and update path: low-latency-playback
01-01 08:30:39.000 D/audio_hw_primary(  760): select_devices: done
01-01 08:30:39.001 D/msm8974_platform(  760): platform_set_channel_map mixer_ctl_name:Playback Channel Map15
01-01 08:30:39.001 D/msm8974_platform(  760): platform_set_channel_map: set mapping(1 2 0 0 0 0 0 0) for channel:2
01-01 08:30:39.005 W/AudioFlinger(  760): write blocked for 396 msecs, 14 delayed writes, thread 0xf3d40000
01-01 08:30:39.008 E/audio_hw_primary(  760): start_output_stream: pcm_prepare returned -1
01-01 08:30:39.022 E/audio_hw_extn(  760): audio_extn_perf_lock_release: Perf lock release error 
01-01 08:30:39.022 D/audio_hw_primary(  760): disable_audio_route: reset and update mixer path: low-latency-playback
01-01 08:30:39.023 D/soundtrigger(  760): audio_extn_sound_trigger_update_stream_status: uc_id 1 of type 0 for Event 2, with Raise=0
01-01 08:30:39.023 D/hardware_info(  760): hw_info_append_hw_type : device_name = speaker
01-01 08:30:39.023 D/audio_hw_primary(  760): disable_snd_device: snd_device(2: speaker)
01-01 08:30:39.023 D/aud_dev_arbi(  760): releaseOneDevice: not sending command, device argument (2) does not match any registered device
01-01 08:30:39.023 D/aud_dev_arbi(  760): releaseOneDevice: device 2 owner is 0
01-01 08:30:39.023 I/soundtrigger(  760): audio_extn_sound_trigger_update_device_status: device 0x2 of type 0 for Event 0, with Raise=0
01-01 08:30:39.074 D/audio_hw_primary(  760): out_standby: enter: stream (0xf44f9000) usecase(1: low-latency-playback)
01-01 08:30:39.078 D/audio_hw_primary(  760): start_output_stream: enter: stream(0xf44f9000)usecase(1: low-latency-playback) devices(0x2)
01-01 08:30:39.078 E/audio_hw_extn(  760): audio_extn_perf_lock_acquire: Failed to acquire perf lock, err: -1
01-01 08:30:39.078 D/audio_hw_primary(  760): select_devices: out_snd_device(2: speaker) in_snd_device(0: )
01-01 08:30:39.078 I/msm8974_platform(  760): platform_check_and_set_codec_backend_cfg: Usecase bitwidth 16, samplerate 48000
01-01 08:30:39.078 I/msm8974_platform(  760): platform_check_and_set_codec_backend_cfg: new_snd_devices[0] is 2
01-01 08:30:39.078 I/msm8974_platform(  760): platform_check_codec_backend_cfg Codec selected backend: 0 current bit width: 16 and sample rate: 48000
01-01 08:30:39.078 D/msm8974_platform(  760): platform_check_codec_backend_cfg: resetting sample_rate back to default, backend_idx: 0
01-01 08:30:39.078 I/msm8974_platform(  760): platform_check_codec_backend_cfg Codec selected backend: 0 updated bit width: 16 and sample rate: 48000
01-01 08:30:39.078 D/hardware_info(  760): hw_info_append_hw_type : device_name = speaker
01-01 08:30:39.078 D/audio_hw_primary(  760): enable_snd_device: snd_device(2: speaker)
01-01 08:30:39.078 I/soundtrigger(  760): audio_extn_sound_trigger_update_device_status: device 0x2 of type 0 for Event 1, with Raise=0
01-01 08:30:39.078 D/aud_dev_arbi(  760): acquireOneDevice: device owner for device 2 is 1
01-01 08:30:39.078 I/audio_hw_primary(  760): select_devices Selected apptype: 69937
01-01 08:30:39.078 D/soundtrigger(  760): audio_extn_sound_trigger_update_stream_status: uc_id 1 of type 0 for Event 3, with Raise=0
01-01 08:30:39.078 I/audio_hw_utils(  760): audio_extn_utils_send_app_type_cfg PLAYBACK app_type 69937, acdb_dev_id 15, sample_rate 48000
01-01 08:30:39.079 D/ACDB-LOADER(  760): ACDB -> send_audio_cal, acdb_id = 15, path = 0, app id = 0x11131, sample rate = 48000
01-01 08:30:39.079 D/ACDB-LOADER(  760): ACDB -> send_asm_topology
01-01 08:30:39.079 D/ACDB-LOADER(  760): ACDB -> ACDB_CMD_GET_AUDPROC_STREAM_TOPOLOGY_ID
01-01 08:30:39.079 D/ACDB-LOADER(  760): ACDB -> send_adm_topology
01-01 08:30:39.079 D/ACDB-LOADER(  760): ACDB -> ACDB_CMD_GET_AUDPROC_COMMON_TOPOLOGY_ID
01-01 08:30:39.079 D/ACDB-LOADER(  760): ACDB -> send_audtable
01-01 08:30:39.079 D/ACDB-LOADER(  760): ACDB -> ACDB_CMD_GET_AUDPROC_COMMON_TABLE_SIZE
01-01 08:30:39.079 D/ACDB-LOADER(  760): ACDB -> ACDB_CMD_GET_AUDPROC_COMMON_TABLE
01-01 08:30:39.079 D/ACDB-LOADER(  760): ACDB -> AUDIO_SET_AUDPROC_CAL
01-01 08:30:39.079 D/ACDB-LOADER(  760): ACDB -> send_audvoltable
01-01 08:30:39.079 D/ACDB-LOADER(  760): ACDB -> ACDB_CMD_GET_AUDPROC_GAIN_DEP_STEP_TABLE, vol index 0
01-01 08:30:39.079 D/ACDB-LOADER(  760): ACDB -> AUDIO_SET_VOL_CAL cal type = 12
01-01 08:30:39.079 D/ACDB-LOADER(  760): ACDB -> send_audstrmtable
01-01 08:30:39.079 D/ACDB-LOADER(  760): ACDB -> ACDB_CMD_GET_AUDPROC_STREAM_TABLE_V2
01-01 08:30:39.079 D/ACDB-LOADER(  760): ACDB -> audstrm_cal->cal_type.cal_data.cal_size = 16
01-01 08:30:39.079 D/ACDB-LOADER(  760): ACDB -> send_afe_topology
01-01 08:30:39.079 D/ACDB-LOADER(  760): ACDB -> ACDB_CMD_GET_AFE_TOPOLOGY_ID
01-01 08:30:39.079 D/ACDB-LOADER(  760): ACDB -> GET_AFE_TOPOLOGY_ID for adcd_id 15, Topology Id 1025e
01-01 08:30:39.079 D/ACDB-LOADER(  760): ACDB -> send_afe_cal
01-01 08:30:39.079 D/ACDB-LOADER(  760): ACDB -> ACDB_CMD_GET_AFE_COMMON_TABLE
01-01 08:30:39.079 D/ACDB-LOADER(  760): ACDB -> AUDIO_SET_AFE_CAL
01-01 08:30:39.079 D/ACDB-LOADER(  760): ACDB -> send_hw_delay : acdb_id = 15 path = 0
01-01 08:30:39.079 D/ACDB-LOADER(  760): ACDB -> ACDB_AVSYNC_INFO: ACDB_CMD_GET_DEVICE_PROPERTY
01-01 08:30:39.079 D/audio_hw_primary(  760): enable_audio_route: apply mixer and update path: low-latency-playback
01-01 08:30:39.080 D/audio_hw_primary(  760): select_devices: done
01-01 08:30:39.082 D/msm8974_platform(  760): platform_set_channel_map mixer_ctl_name:Playback Channel Map15
01-01 08:30:39.082 D/msm8974_platform(  760): platform_set_channel_map: set mapping(1 2 0 0 0 0 0 0) for channel:2
01-01 08:30:39.089 E/audio_hw_primary(  760): start_output_stream: pcm_prepare returned -1
01-01 08:30:39.104 E/audio_hw_extn(  760): audio_extn_perf_lock_release: Perf lock release error 
01-01 08:30:39.104 D/audio_hw_primary(  760): disable_audio_route: reset and update mixer path: low-latency-playback
01-01 08:30:39.105 D/soundtrigger(  760): audio_extn_sound_trigger_update_stream_status: uc_id 1 of type 0 for Event 2, with Raise=0
01-01 08:30:39.105 D/hardware_info(  760): hw_info_append_hw_type : device_name = speaker
01-01 08:30:39.105 D/audio_hw_primary(  760): disable_snd_device: snd_device(2: speaker)
01-01 08:30:39.105 D/aud_dev_arbi(  760): releaseOneDevice: not sending command, device argument (2) does not match any registered device
01-01 08:30:39.105 D/aud_dev_arbi(  760): releaseOneDevice: device 2 owner is 0
01-01 08:30:39.105 I/soundtrigger(  760): audio_extn_sound_trigger_update_device_status: device 0x2 of type 0 for Event 0, with Raise=0
01-01 08:30:39.155 D/audio_hw_primary(  760): out_standby: enter: stream (0xf44f9000) usecase(1: low-latency-playback)
01-01 08:30:39.159 D/audio_hw_primary(  760): start_output_stream: enter: stream(0xf44f9000)usecase(1: low-latency-playback) devices(0x2)
01-01 08:30:39.159 E/audio_hw_extn(  760): audio_extn_perf_lock_acquire: Failed to acquire perf lock, err: -1
01-01 08:30:39.160 D/audio_hw_primary(  760): select_devices: out_snd_device(2: speaker) in_snd_device(0: )
01-01 08:30:39.160 I/msm8974_platform(  760): platform_check_and_set_codec_backend_cfg: Usecase bitwidth 16, samplerate 48000
01-01 08:30:39.160 I/msm8974_platform(  760): platform_check_and_set_codec_backend_cfg: new_snd_devices[0] is 2
01-01 08:30:39.160 I/msm8974_platform(  760): platform_check_codec_backend_cfg Codec selected backend: 0 current bit width: 16 and sample rate: 48000
