01-01 08:30:35.755 I/SDM     (  525): HWCDisplayPrimary::ProcessBootAnimCompleted: ProcessBootAnimCompleted: vold= trigger_restart_framework
01-01 08:30:35.758 I/QtiTetherService( 1870): onStartCommand()
01-01 08:30:35.768 I/chatty  (  760): uid=1013(media) FastMixer expire 465 lines
01-01 08:30:35.779 V/BoostFramework( 1917): mAcquireFunc method = public int com.qualcomm.qti.Performance.perfLockAcquire(int,int[])
01-01 08:30:35.779 V/BoostFramework( 1917): mReleaseFunc method = public int com.qualcomm.qti.Performance.perfLockRelease()
01-01 08:30:35.779 V/BoostFramework( 1917): mAcquireTouchFunc method = public int com.qualcomm.qti.Performance.perfLockAcquireTouch(android.view.MotionEvent,android.util.DisplayMetrics,int,int[])
01-01 08:30:35.779 V/BoostFramework( 1917): mIOPStart method = public int com.qualcomm.qti.Performance.perfIOPrefetchStart(int,java.lang.String)
01-01 08:30:35.779 V/BoostFramework( 1917): mIOPStop method = public int com.qualcomm.qti.Performance.perfIOPrefetchStop()
01-01 08:30:35.780 V/KeyValueBackupJob( 1271): Scheduling k/v pass in 249 minutes
01-01 08:30:35.783 V/BoostFramework( 1917): BoostFramework() : mPerf = com.qualcomm.qti.Performance@c011104
01-01 08:30:35.795 D/NotificationSQLiteLog( 1271): Pruned event entries: 0
01-01 08:30:35.814 I/SDM     (  525): HWCDisplayPrimary::ProcessBootAnimCompleted: ProcessBootAnimCompleted: cryptostate= encrypted
01-01 08:30:35.814 I/SDM     (  525): HWCDisplayPrimary::ProcessBootAnimCompleted: ProcessBootAnimCompleted: vold= trigger_restart_framework
01-01 08:30:35.845 W/System  ( 1271): ClassLoader referenced unknown path: /system/priv-app/com.qualcomm.location/lib/arm64
01-01 08:30:35.870 I/SDM     (  525): HWCDisplayPrimary::ProcessBootAnimCompleted: ProcessBootAnimCompleted: cryptostate= encrypted
01-01 08:30:35.871 I/SDM     (  525): HWCDisplayPrimary::ProcessBootAnimCompleted: ProcessBootAnimCompleted: vold= trigger_restart_framework
01-01 08:30:35.894 D/LocSvc_jni( 1271): LocationService_jni: JNI_OnLoad
01-01 08:30:35.895 D/IzatProviderEngine_jni( 1271): register_IzatProviderEngine
01-01 08:30:35.895 D/FlpSvcProvider_jni( 1271): register_FlpServiceProvider
01-01 08:30:35.896 D/GeofenceSvcProvider_jni( 1271): register_GeofenceServiceProvider
01-01 08:30:35.897 I/SDM     (  525): HWCDisplayPrimary::ProcessBootAnimCompleted: ProcessBootAnimCompleted: cryptostate= encrypted
01-01 08:30:35.897 I/SDM     (  525): HWCDisplayPrimary::ProcessBootAnimCompleted: ProcessBootAnimCompleted: vold= trigger_restart_framework
01-01 08:30:35.909 W/ActivityManager( 1271): Unable to start service Intent { act=com.qualcomm.services.location.LocationAlarmService pkg=com.qualcomm.services.location } U=0: not found
01-01 08:30:35.918 V/BoostFramework( 1917): BoostFramework() : mPerf = com.qualcomm.qti.Performance@b12c3f4
01-01 08:30:35.941 V/IzatServiceBase( 1271): handleGNPProxyInit
01-01 08:30:35.941 V/OSNPGlue_jni( 1271): Entering  : void onJavaClassLoad(JNIEnv*, jclass)
01-01 08:30:35.943 D/IzatProviderEngine_jni( 1271): Entering  : void onJavaClassLoad(JNIEnv*, jclass)
01-01 08:30:35.946 D/IzatProviderEngine_jni( 1271): Entering  : void onJavaInstanceInit(JNIEnv*, jobject)
01-01 08:30:35.947 V/OSNPGlue_jni( 1271): Entering  : void onJavaInstanceInit(JNIEnv*, jobject)
01-01 08:30:35.951 E/XTCC-5.1.0.10(  862): [TdpCsClient] unknown postcard info. reason:REGISTER-EVENT, 
01-01 08:30:35.953 E/XTCC-5.1.0.10(  862): [TdpCsClient] unknown postcard info. reason:REGISTER-EVENT, 
01-01 08:30:35.957 E/IzatSvc_IzatManager( 1271): E/Exiting with error virtual void izat_manager::IzatManager::handleMsg(qc_loc_fw::InPostcard*) line 441 "3"
01-01 08:30:35.957 E/IzatSvc_IzatManager( 1271): E/Exiting with error virtual void izat_manager::IzatManager::handleMsg(qc_loc_fw::InPostcard*) line 441 "3"
01-01 08:30:35.964 I/SDM     (  525): HWCDisplayPrimary::ProcessBootAnimCompleted: ProcessBootAnimCompleted: cryptostate= encrypted
01-01 08:30:35.964 I/SDM     (  525): HWCDisplayPrimary::ProcessBootAnimCompleted: ProcessBootAnimCompleted: vold= trigger_restart_framework
01-01 08:30:35.969 E/IPCHandler( 1271): E/Exiting with error virtual void izat_manager::IPCHandler::reg(const string&, izat_manager::IDataItemSubscription*) line 254 "-1"
01-01 08:30:35.970 E/IzatSvc_IzatManager( 1271): E/Exiting with error virtual void izat_manager::IzatManager::handleMsg(qc_loc_fw::InPostcard*) line 441 "3"
01-01 08:30:35.970 E/XTCC-5.1.0.10(  862): [TdpCsClient] unknown postcard info. reason:REGISTER-EVENT, 
01-01 08:30:35.971 E/IzatSvc_GtpWiFiProxy( 1271): E/GTP WiFi is enabled.
01-01 08:30:35.972 E/IzatSvc_GtpWwanProxy( 1271): E/GTP Cell Modem enabled
01-01 08:30:35.973 V/OSNPGlue_jni( 1271): Entering  : bool onInitJNI()
01-01 08:30:35.973 W/ActivityManager( 1271): Unable to start service Intent { act=com.android.location.service.v3.NetworkLocationProvider pkg=com.google.android.gms } U=0: not found
01-01 08:30:35.973 W/ActivityManager( 1271): Unable to start service Intent { act=com.android.location.service.v2.NetworkLocationProvider pkg=com.google.android.location } U=0: not found
01-01 08:30:35.973 E/GNPProxy( 1271): Binding failed on GNPProxy Initialization
01-01 08:30:35.973 E/IzatSvc_OSNPProxy( 1271): E/Exiting with error static izat_manager::OSNPProxy* izat_manager::OSNPProxy::createInstance(const izat_manager::s_IzatContext*) line 50 "4"
01-01 08:30:35.973 V/OSNPGlue_jni( 1271): Entering  : bool onInitJNI()
01-01 08:30:35.973 W/ActivityManager( 1271): Unable to start service Intent { act=com.android.location.service.v3.NetworkLocationProvider pkg=com.google.android.gms } U=0: not found
01-01 08:30:35.973 W/ActivityManager( 1271): Unable to start service Intent { act=com.android.location.service.v2.NetworkLocationProvider pkg=com.google.android.location } U=0: not found
01-01 08:30:35.973 E/GNPProxy( 1271): Binding failed on GNPProxy Initialization
01-01 08:30:35.973 E/IzatSvc_OSNPProxy( 1271): E/Exiting with error static izat_manager::OSNPProxy* izat_manager::OSNPProxy::createInstance(const izat_manager::s_IzatContext*) line 50 "4"
01-01 08:30:35.973 E/IzatSvc_IzatManager( 1271): I/OS Network provider is not available
01-01 08:30:35.973 E/XTCC-5.1.0.10(  862): [TdpCsClient] unknown postcard info. reason:REGISTER-EVENT, 
01-01 08:30:35.975 E/IzatSvc_GtpWiFiProxy( 1271): E/Exiting with error virtual void izat_manager::GtpWifiProxy::handleMsg(qc_loc_fw::InPostcard*) line 439 "4"
01-01 08:30:35.975 E/IzatSvc_IzatManager( 1271): E/Exiting with error virtual void izat_manager::IzatManager::handleMsg(qc_loc_fw::InPostcard*) line 441 "3"
01-01 08:30:35.975 E/LocSvc_api_v02( 1271): I/---> locClientSendReq line 2029 QMI_LOC_REG_EVENTS_REQ_V02
01-01 08:30:35.977 E/LocSvc_api_v02( 1271): I/---> locClientSendReq line 2029 QMI_LOC_NOTIFY_WIFI_STATUS_REQ_V02
01-01 08:30:35.978 E/LocSvc_libulp( 1271): E/int ulp_data_init():100]: GTP WiFi is enabled.
01-01 08:30:35.978 E/LocSvc_libulp( 1271): E/int ulp_data_init():116]: GTP AP cell is disabled
01-01 08:30:35.978 E/LocSvc_libulp( 1271): I/int ulp_data_init(), quipc_enabled = 0, gps capabilities = 0x0 zpp trigger threshold = 60000
01-01 08:30:35.979 E/LocSvc_ApiV02( 1271): I/<--- void globalRespCb(locClientHandleType, uint32_t, locClientRespIndUnionType, void*) line 115 QMI_LOC_NOTIFY_WIFI_STATUS_REQ_V02
01-01 08:30:35.981 E/XTCC-5.1.0.10(  862): [TdpCsClient] unknown postcard info. reason:REGISTER-EVENT, 
01-01 08:30:35.981 I/SDM     (  525): HWCDisplayPrimary::ProcessBootAnimCompleted: ProcessBootAnimCompleted: cryptostate= encrypted
01-01 08:30:35.981 I/SDM     (  525): HWCDisplayPrimary::ProcessBootAnimCompleted: ProcessBootAnimCompleted: vold= trigger_restart_framework
01-01 08:30:35.982 E/IzatSvc_GtpWiFiProxy( 1271): E/Exiting with error virtual void izat_manager::GtpWifiProxy::handleMsg(qc_loc_fw::InPostcard*) line 439 "4"
01-01 08:30:35.982 E/IzatSvc_IzatManager( 1271): E/Exiting with error virtual void izat_manager::IzatManager::handleMsg(qc_loc_fw::InPostcard*) line 441 "3"
01-01 08:30:36.001 D/GpsNetInitiatedHandler( 1271): location enabled :true
01-01 08:30:36.001 V/WiredAccessoryManager( 1271): notifyWiredAccessoryChanged: when=0 bits= mask=54
01-01 08:30:36.001 V/WiredAccessoryManager( 1271): newName=h2w newState=0 headsetState=0 prev headsetState=0
01-01 08:30:36.001 E/WiredAccessoryManager( 1271): No state change.
01-01 08:30:36.001 V/WiredAccessoryManager( 1271): init()
01-01 08:30:36.008 E/IzatSvc_OSObserver( 1271): I/LocTech-Label :: OSOBSERVER :: Data Items In
01-01 08:30:36.009 E/IzatSvc_OSObserver( 1271): I/LocTech-Value :: Data Item Value: IS_QUALCOMM_ENHANCED_PROVIDER_ENABLED: false
01-01 08:30:36.010 E/LocSvc_libulp( 1271): I/int ulp_msg_process_phone_setting_update(const UlpPhoneContextSettings*), context type: 0x20
01-01 08:30:36.010 E/LocSvc_libulp( 1271):   gps enabled: 0
01-01 08:30:36.010 E/LocSvc_libulp( 1271):  network position available 0
01-01 08:30:36.010 E/LocSvc_libulp( 1271):  wifi setting enabled 0
01-01 08:30:36.010 E/LocSvc_libulp( 1271):  battery charging 0, agps enabled 0, enh_location_services_enabled 0is_pip_user_setting_enabled 0
01-01 08:30:36.010 E/LocSvc_libulp( 1271): I/int ulp_msg_process_system_update(UlpSystemEvent): systemEvent:4 
01-01 08:30:36.010 E/LocSvc_libulp( 1271): E/int ulp_brain_select_providers(), return when ulp_started = 0, phone context_type = 0x20
01-01 08:30:36.010 E/LocSvc_libulp( 1271): ,
01-01 08:30:36.010 E/LocSvc_libulp( 1271): I/int ulp_msg_process_start_req(), at ulp state = 0
01-01 08:30:36.011 E/LocSvc_libulp( 1271): I/int ulp_msg_process_phone_setting_update(const UlpPhoneContextSettings*), context type: 0x20
01-01 08:30:36.011 E/LocSvc_libulp( 1271):   gps enabled: 0
01-01 08:30:36.011 E/LocSvc_libulp( 1271):  network position available 0
01-01 08:30:36.011 E/LocSvc_libulp( 1271):  wifi setting enabled 0
01-01 08:30:36.011 E/LocSvc_libulp( 1271):  battery charging 0, agps enabled 0, enh_location_services_enabled 0is_pip_user_setting_enabled 0
01-01 08:30:36.011 E/LocSvc_libulp( 1271): I/int ulp_msg_process_system_update(UlpSystemEvent): systemEvent:4 
01-01 08:30:36.011 E/XTCC-5.1.0.10(  862): [PredUnit] handleConnectivtyStatusChange failed
01-01 08:30:36.014 E/TdpIzatAdapter(  862): I/===> void xtrat_tdp::TdpIzatAdapter::sendGtpEnhancedCellConfig(lbs_core::e_premium_mode) line 63 
01-01 08:30:36.014 E/LocSvc_api_v02(  862): I/locClientOpen:1872]: Service instance id is -1
01-01 08:30:36.014 E/LocSvc_api_v02(  862): I/---> locClientOpenInstance line 1752 loc client open
01-01 08:30:36.014 E/LocSvc_api_v02(  862): I/---> locClientSendReq line 2029 QMI_LOC_REG_EVENTS_REQ_V02
01-01 08:30:36.014 I/SDM     (  525): HWCDisplayPrimary::ProcessBootAnimCompleted: ProcessBootAnimCompleted: cryptostate= encrypted
01-01 08:30:36.014 I/SDM     (  525): HWCDisplayPrimary::ProcessBootAnimCompleted: ProcessBootAnimCompleted: vold= trigger_restart_framework
01-01 08:30:36.016 E/IzatSvc_OSObserver( 1271): I/LocTech-Label :: OSOBSERVER :: Data Items In
01-01 08:30:36.017 E/IzatSvc_OSObserver( 1271): I/LocTech-Value :: Data Item Value: ACTIVE_NETWORK_INFO::TYPE: 300, TYPE_NAME: , SUB_TYPE_NAME: , IS_AVAILABLE: false, IS_CONNECTED: false, IS_ROAMING: false
01-01 08:30:36.017 E/IzatSvc_OSObserver( 1271): I/LocTech-Label :: OSOBSERVER :: Data Items In
01-01 08:30:36.017 E/IzatSvc_OSObserver( 1271): I/LocTech-Value :: Data Item Value: MODEL: MSM8996 for arm64
01-01 08:30:36.017 E/OsAgent ( 1271):  Wifi Scan Always Available: 0
01-01 08:30:36.017 E/IzatSvc_OSObserver( 1271): I/LocTech-Label :: OSOBSERVER :: Data Items In
01-01 08:30:36.017 E/IzatSvc_OSObserver( 1271): I/LocTech-Value :: Data Item Value: IS_QUALCOMM_ENHANCED_PROVIDER_ENABLED: false
01-01 08:30:36.017 E/IzatSvc_OSObserver( 1271): I/LocTech-Value :: Data Item Value: IS_GPS_PROVIDER_ENABLED: true
01-01 08:30:36.018 E/XTCC-5.1.0.10(  862): [PredUnit] handleConnectivtyStatusChange failed
01-01 08:30:36.020 E/LocSvc_api_v02(  862): I/---> locClientSendReq line 2029 QMI_LOC_QUERY_AON_CONFIG_REQ_V02
01-01 08:30:36.022 E/LocSvc_ApiV02(  862): I/<--- void globalRespCb(locClientHandleType, uint32_t, locClientRespIndUnionType, void*) line 115 QMI_LOC_QUERY_AON_CONFIG_REQ_V02
01-01 08:30:36.023 E/LocSvc_api_v02(  862): I/---> locClientSendReq line 2029 QMI_LOC_SET_PREMIUM_SERVICES_CONFIG_REQ_V02
01-01 08:30:36.024 E/LocSvc_ApiV02(  862): I/<--- void globalRespCb(locClientHandleType, uint32_t, locClientRespIndUnionType, void*) line 115 QMI_LOC_SET_PREMIUM_SERVICES_CONFIG_REQ_V02
01-01 08:30:36.025 E/IzatSvc_OSObserver( 1271): I/LocTech-Value :: Data Item Value: IS_WIFI_HARDWARE_ON: false
01-01 08:30:36.025 E/IzatSvc_OSObserver( 1271): I/LocTech-Value :: Data Item Value: IS_AIRPLANE_MODE_ON: false
01-01 08:30:36.026 E/OsAgent ( 1271):  Wifi Scan Always Available: 0
01-01 08:30:36.026 E/IzatSvc_OSObserver( 1271): I/LocTech-Label :: OSOBSERVER :: Data Items In
01-01 08:30:36.026 E/IzatSvc_OSObserver( 1271): I/LocTech-Value :: Data Item Value: IS_QUALCOMM_ENHANCED_PROVIDER_ENABLED: false
01-01 08:30:36.027 E/IzatSvc_OSObserver( 1271): I/LocTech-Value :: Data Item Value: IS_GPS_PROVIDER_ENABLED: true
01-01 08:30:36.027 E/IzatSvc_OSObserver( 1271): I/LocTech-Value :: Data Item Value: IS_WIFI_HARDWARE_ON: false
01-01 08:30:36.027 E/IzatSvc_OSObserver( 1271): I/LocTech-Value :: Data Item Value: IS_AIRPLANE_MODE_ON: false
01-01 08:30:36.029 E/LocSvc_libulp( 1271): I/int ulp_msg_process_phone_setting_update(const UlpPhoneContextSettings*), context type: 0x5
01-01 08:30:36.029 E/LocSvc_libulp( 1271):   gps enabled: 1
01-01 08:30:36.029 E/LocSvc_libulp( 1271):  network position available 0
01-01 08:30:36.029 E/LocSvc_libulp( 1271):  wifi setting enabled 0
01-01 08:30:36.029 E/LocSvc_libulp( 1271):  battery charging 0, agps enabled 0, enh_location_services_enabled 0is_pip_user_setting_enabled 0
01-01 08:30:36.029 E/LocSvc_libulp( 1271): I/int ulp_msg_process_system_update(UlpSystemEvent): systemEvent:4 
01-01 08:30:36.030 I/SDM     (  525): HWCDisplayPrimary::ProcessBootAnimCompleted: ProcessBootAnimCompleted: cryptostate= encrypted
01-01 08:30:36.030 I/SDM     (  525): HWCDisplayPrimary::ProcessBootAnimCompleted: ProcessBootAnimCompleted: vold= trigger_restart_framework
01-01 08:30:36.032 E/XTCC-5.1.0.10(  862): [PredUnit] handleConnectivtyStatusChange failed
01-01 08:30:36.032 D/IzatProviderEngine_jni( 1271): Entering  : void onEnable(JNIEnv*, jobject, jstring)
01-01 08:30:36.032 D/IzatProviderEngine_jni( 1271): onEnable called by network
01-01 08:30:36.032 E/LocSvc_api_v02( 1271): I/---> locClientSendReq line 2029 QMI_LOC_NOTIFY_WIFI_ENABLED_STATUS_REQ_V02
01-01 08:30:36.032 D/IzatProviderEngine_jni( 1271): Entering  : void onEnable(JNIEnv*, jobject, jstring)
01-01 08:30:36.032 D/IzatProviderEngine_jni( 1271): onEnable called by fused
01-01 08:30:36.033 E/LocSvc_libulp( 1271): I/int ulp_msg_process_phone_setting_update(const UlpPhoneContextSettings*), context type: 0x5
01-01 08:30:36.033 E/LocSvc_libulp( 1271):   gps enabled: 1
01-01 08:30:36.033 E/LocSvc_libulp( 1271):  network position available 0
01-01 08:30:36.033 E/LocSvc_libulp( 1271):  wifi setting enabled 0
01-01 08:30:36.033 E/LocSvc_libulp( 1271):  battery charging 0, agps enabled 0, enh_location_services_enabled 0is_pip_user_setting_enabled 0
01-01 08:30:36.033 E/LocSvc_libulp( 1271): I/int ulp_msg_process_system_update(UlpSystemEvent): systemEvent:4 
01-01 08:30:36.034 E/LocSvc_ApiV02( 1271): I/<--- void globalRespCb(locClientHandleType, uint32_t, locClientRespIndUnionType, void*) line 115 QMI_LOC_NOTIFY_WIFI_ENABLED_STATUS_REQ_V02
01-01 08:30:36.037 D/PermissionCache(  525): checking android.permission.HARDWARE_TEST for uid=1000 => granted (257 us)
01-01 08:30:36.047 I/ActivityManager( 1271): Start proc 2033:com.android.smspush/u0a67 for service com.android.smspush/.WapPushManager
01-01 08:30:36.047 I/SDM     (  525): HWCDisplayPrimary::ProcessBootAnimCompleted: ProcessBootAnimCompleted: cryptostate= encrypted
01-01 08:30:36.047 I/SDM     (  525): HWCDisplayPrimary::ProcessBootAnimCompleted: ProcessBootAnimCompleted: vold= trigger_restart_framework
01-01 08:30:36.052 E/IzatSvc_OSObserver( 1271): I/LocTech-Label :: OSOBSERVER :: Data Items In
01-01 08:30:36.052 E/IzatSvc_OSObserver( 1271): I/LocTech-Value :: Data Item Value: IS_POWER_CONNECTED: true
01-01 08:30:36.052 E/LocSvc_api_v02( 1271): I/---> locClientSendReq line 2029 QMI_LOC_SET_EXTERNAL_POWER_CONFIG_REQ_V02
01-01 08:30:36.054 E/LocSvc_ApiV02( 1271): I/<--- void globalRespCb(locClientHandleType, uint32_t, locClientRespIndUnionType, void*) line 115 QMI_LOC_SET_EXTERNAL_POWER_CONFIG_REQ_V02
01-01 08:30:36.059 E/AppsCustomizePagedView( 1917): Widget ComponentInfo{com.android.protips/com.android.protips.ProtipWidget} can not fit on this device (441, 108)
01-01 08:30:36.060 E/LocSvc_libulp( 1271): I/int ulp_msg_process_system_update(UlpSystemEvent): systemEvent:2 
01-01 08:30:36.060 E/LocSvc_libulp( 1271): I/int ulp_msg_process_start_req(), at ulp state = 1
01-01 08:30:36.064 I/SDM     (  525): HWCDisplayPrimary::ProcessBootAnimCompleted: ProcessBootAnimCompleted: cryptostate= encrypted
01-01 08:30:36.064 I/SDM     (  525): HWCDisplayPrimary::ProcessBootAnimCompleted: ProcessBootAnimCompleted: vold= trigger_restart_framework
01-01 08:30:36.073 I/ActivityManager( 1271): Start proc 2047:com.caf.fmradio/1000 for broadcast com.caf.fmradio/.FMMediaButtonIntentReceiver
01-01 08:30:36.074 E/OsAgent ( 1271):  Wifi Scan Always Available: 0
01-01 08:30:36.074 E/IzatSvc_OSObserver( 1271): I/LocTech-Label :: OSOBSERVER :: Data Items In
01-01 08:30:36.074 E/IzatSvc_OSObserver( 1271): I/LocTech-Value :: Data Item Value: IS_QUALCOMM_ENHANCED_PROVIDER_ENABLED: false
01-01 08:30:36.074 E/IzatSvc_OSObserver( 1271): I/LocTech-Value :: Data Item Value: IS_GPS_PROVIDER_ENABLED: true
01-01 08:30:36.074 E/IzatSvc_OSObserver( 1271): I/LocTech-Value :: Data Item Value: IS_WIFI_HARDWARE_ON: false
01-01 08:30:36.074 E/IzatSvc_OSObserver( 1271): I/LocTech-Value :: Data Item Value: IS_AIRPLANE_MODE_ON: false
01-01 08:30:36.075 E/OsAgent ( 1271):  Wifi Scan Always Available: 0
01-01 08:30:36.075 E/IzatSvc_OSObserver( 1271): I/LocTech-Label :: OSOBSERVER :: Data Items In
01-01 08:30:36.075 E/IzatSvc_OSObserver( 1271): I/LocTech-Value :: Data Item Value: IS_QUALCOMM_ENHANCED_PROVIDER_ENABLED: false
01-01 08:30:36.075 E/IzatSvc_OSObserver( 1271): I/LocTech-Value :: Data Item Value: IS_GPS_PROVIDER_ENABLED: true
01-01 08:30:36.075 E/IzatSvc_OSObserver( 1271): I/LocTech-Value :: Data Item Value: IS_WIFI_HARDWARE_ON: false
01-01 08:30:36.075 E/IzatSvc_OSObserver( 1271): I/LocTech-Value :: Data Item Value: IS_AIRPLANE_MODE_ON: false
01-01 08:30:36.075 E/OsAgent ( 1271):  Wifi Scan Always Available: 0
01-01 08:30:36.075 E/IzatSvc_OSObserver( 1271): I/LocTech-Label :: OSOBSERVER :: Data Items In
01-01 08:30:36.075 E/IzatSvc_OSObserver( 1271): I/LocTech-Value :: Data Item Value: IS_QUALCOMM_ENHANCED_PROVIDER_ENABLED: false
01-01 08:30:36.075 E/IzatSvc_OSObserver( 1271): I/LocTech-Value :: Data Item Value: IS_GPS_PROVIDER_ENABLED: true
01-01 08:30:36.076 E/IzatSvc_OSObserver( 1271): I/LocTech-Value :: Data Item Value: IS_WIFI_HARDWARE_ON: false
01-01 08:30:36.076 E/IzatSvc_OSObserver( 1271): I/LocTech-Value :: Data Item Value: IS_AIRPLANE_MODE_ON: false
01-01 08:30:36.076 E/IzatSvc_OSObserver( 1271): I/LocTech-Value :: Data Item Value: IS_NETWORK_PROVIDER_ENABLED: false
01-01 08:30:36.076 E/IzatSvc_OSObserver( 1271): I/LocTech-Value :: Data Item Value: IS_ASSISTED_GPS_ENABLED: true
01-01 08:30:36.076 E/LocSvc_libulp( 1271): I/int ulp_msg_process_phone_setting_update(const UlpPhoneContextSettings*), context type: 0x12
01-01 08:30:36.076 E/LocSvc_libulp( 1271):   gps enabled: 0
01-01 08:30:36.076 E/LocSvc_libulp( 1271):  network position available 0
01-01 08:30:36.076 E/LocSvc_libulp( 1271):  wifi setting enabled 0
01-01 08:30:36.076 E/LocSvc_libulp( 1271):  battery charging 0, agps enabled 1, enh_location_services_enabled 0is_pip_user_setting_enabled 0
01-01 08:30:36.076 E/LocSvc_libulp( 1271): I/int ulp_msg_process_system_update(UlpSystemEvent): systemEvent:4 
01-01 08:30:36.081 I/SDM     (  525): HWCDisplayPrimary::ProcessBootAnimCompleted: ProcessBootAnimCompleted: cryptostate= encrypted
01-01 08:30:36.081 I/SDM     (  525): HWCDisplayPrimary::ProcessBootAnimCompleted: ProcessBootAnimCompleted: vold= trigger_restart_framework
01-01 08:30:36.121 D/QC_RIL_OEM_HOOK( 1897): Starting QcrilMsgTunnel Service
01-01 08:30:36.126 D/MmsSmsDatabaseHelper( 1897): Skipping upgrade/Upgrade already Done
01-01 08:30:36.134 W/System  ( 2033): ClassLoader referenced unknown path: /system/app/WAPPushManager/lib/arm64
01-01 08:30:36.147 I/chatty  (  760): uid=1013(media) /system/bin/mediaserver expire 1 line
01-01 08:30:36.147 I/SDM     (  525): HWCDisplayPrimary::ProcessBootAnimCompleted: ProcessBootAnimCompleted: cryptostate= encrypted
01-01 08:30:36.147 I/SDM     (  525): HWCDisplayPrimary::ProcessBootAnimCompleted: ProcessBootAnimCompleted: vold= trigger_restart_framework
01-01 08:30:36.156 I/ActivityManager( 1271): Start proc 2064:com.qualcomm.qcrilmsgtunnel/1001 for service com.qualcomm.qcrilmsgtunnel/.QcrilMsgTunnelService
01-01 08:30:36.164 D/QC_RIL_OEM_HOOK( 1897): The QcrilMsgTunnelService will be connected soon 
01-01 08:30:36.165 D/QC_RIL_OEM_HOOK( 1897): Registering for intent ACTION_UNSOL_RESPONSE_OEM_HOOK_RAW
01-01 08:30:36.178 D/FMAdapterApp( 2047): Loading FM-JNI Library
01-01 08:30:36.180 E/DcSwitchStateMachine-0( 1897): DctController is not ready
01-01 08:30:36.182 D/Launcher( 1917): Broadcasting Home Idle Screen Intent ...
01-01 08:30:36.184 E/ConnectivityService( 1271): Failed to find Messenger in unregisterNetworkFactory
01-01 08:30:36.187 D/ConnectivityService( 1271): Got NetworkFactory Messenger for Telephony
01-01 08:30:36.189 E/android_hardware_fm( 2047): FM : loading QCOMM FM-JNI
01-01 08:30:36.190 D/FMAdapterApp( 2047): REFCOUNT: Constructed com.caf.fmradio.FMAdapterApp@d93a47d Instance Count = 1
01-01 08:30:36.190 D/FMMediaButtonIntentReceiver( 2047): ACTION_AUDIO_BECOMING_NOISY intent received for ACTION_HEADSET_PLUG
01-01 08:30:36.191 W/ContextImpl( 2047): Calling a method in the system process without a qualified user: android.app.ContextImpl.sendBroadcast:763 android.content.ContextWrapper.sendBroadcast:396 android.content.ContextWrapper.sendBroadcast:396 com.caf.fmradio.FMMediaButtonIntentReceiver.onReceive:55 android.app.ActivityThread.handleReceiver:2725 
01-01 08:30:36.205 D/OpenGLRenderer( 1917): Use EGL_SWAP_BEHAVIOR_PRESERVED: true
01-01 08:30:36.213 I/ActivityManager( 1271): Start proc 2080:com.android.music/u0a49 for broadcast com.android.music/.MediaButtonIntentReceiver
01-01 08:30:36.214 I/SDM     (  525): HWCDisplayPrimary::ProcessBootAnimCompleted: ProcessBootAnimCompleted: cryptostate= encrypted
01-01 08:30:36.214 I/SDM     (  525): HWCDisplayPrimary::ProcessBootAnimCompleted: ProcessBootAnimCompleted: vold= trigger_restart_framework
01-01 08:30:36.234 I/chatty  (  760): uid=1013(media) AudioOut_2 expire 3 lines
01-01 08:30:36.248 I/SDM     (  525): HWCDisplayPrimary::ProcessBootAnimCompleted: ProcessBootAnimCompleted: cryptostate= encrypted
01-01 08:30:36.248 I/SDM     (  525): HWCDisplayPrimary::ProcessBootAnimCompleted: ProcessBootAnimCompleted: vold= trigger_restart_framework
01-01 08:30:36.254 W/System  ( 2064): ClassLoader referenced unknown path: /system/priv-app/qcrilmsgtunnel/lib/arm64
01-01 08:30:36.260 D/QcrilMsgTunnelService( 2064): onCreate method
01-01 08:30:36.263 D/QcrilMsgTunnelIfaceManager( 2064): :Instantiated
01-01 08:30:36.264 I/Adreno  ( 1917): QUALCOMM build                   : 3e13f42, I16bfb75442
01-01 08:30:36.264 I/Adreno  ( 1917): Build Date                       : 06/23/16
01-01 08:30:36.264 I/Adreno  ( 1917): OpenGL ES Shader Compiler Version: XE031.09.00.00
01-01 08:30:36.264 I/Adreno  ( 1917): Local Branch                     : 
01-01 08:30:36.264 I/Adreno  ( 1917): Remote Branch                    : 
01-01 08:30:36.264 I/Adreno  ( 1917): Remote Branch                    : 
01-01 08:30:36.264 I/Adreno  ( 1917): Reconstruct Branch               : 
01-01 08:30:36.266 V/QcrilMsgTunnelSocket( 2064): Starting QcRil Sender & Receiver threads
01-01 08:30:36.269 I/OpenGLRenderer( 1917): Initialized EGL, version 1.4
01-01 08:30:36.270 D/QcrilMsgTunnelIfaceManager( 2064): Registered SUB0 for UNSOL OEM HOOK to deliver external apps
01-01 08:30:36.270 D/QcrilMsgTunnelService( 2064): Returning mHookIface for QcrilMsgTunnelService binding.
01-01 08:30:36.275 V/BackupManagerService( 1271): Connected to transport ComponentInfo{android/com.android.internal.backup.LocalTransportService}
01-01 08:30:36.275 V/BackupManagerService( 1271): Registering transport android/com.android.internal.backup.LocalTransportService::android/com.android.internal.backup.LocalTransport = android.app.backup.BackupTransport$TransportImpl@e789090
01-01 08:30:36.281 I/SDM     (  525): HWCDisplayPrimary::ProcessBootAnimCompleted: ProcessBootAnimCompleted: cryptostate= encrypted
01-01 08:30:36.281 I/SDM     (  525): HWCDisplayPrimary::ProcessBootAnimCompleted: ProcessBootAnimCompleted: vold= trigger_restart_framework
01-01 08:30:36.282 I/Choreographer( 1271): Skipped 50 frames!  The application may be doing too much work on its main thread.
01-01 08:30:36.291 W/System  ( 2080): ClassLoader referenced unknown path: /system/app/Music/lib/arm64
01-01 08:30:36.298 I/SDM     (  525): HWCDisplayPrimary::ProcessBootAnimCompleted: ProcessBootAnimCompleted: cryptostate= encrypted
01-01 08:30:36.298 I/SDM     (  525): HWCDisplayPrimary::ProcessBootAnimCompleted: ProcessBootAnimCompleted: vold= trigger_restart_framework
01-01 08:30:36.307 D/CarrierConfigLoader( 1897): CarrierConfigLoader has started
01-01 08:30:36.311 D/BluetoothManagerService( 1271): Message: 20
01-01 08:30:36.311 D/BluetoothManagerService( 1271): Added callback: android.bluetooth.IBluetoothManagerCallback$Stub$Proxy@a909bfd:true
01-01 08:30:36.311 D/BluetoothManagerService( 1271): Message: 30
01-01 08:30:36.314 I/SDM     (  525): HWCDisplayPrimary::ProcessBootAnimCompleted: ProcessBootAnimCompleted: cryptostate= encrypted
01-01 08:30:36.314 I/SDM     (  525): HWCDisplayPrimary::ProcessBootAnimCompleted: ProcessBootAnimCompleted: vold= trigger_restart_framework
01-01 08:30:36.319 D/GpsLocationProvider( 1271): received SIM related action: 
01-01 08:30:36.333 I/SDM     (  525): HWCDisplayPrimary::ProcessBootAnimCompleted: ProcessBootAnimCompleted: cryptostate= encrypted
01-01 08:30:36.333 I/SDM     (  525): HWCDisplayPrimary::ProcessBootAnimCompleted: ProcessBootAnimCompleted: vold= trigger_restart_framework
01-01 08:30:36.343 D/GpsLocationProvider( 1271): SIM MCC/MNC is still not available
01-01 08:30:36.348 I/SDM     (  525): HWCDisplayPrimary::ProcessBootAnimCompleted: ProcessBootAnimCompleted: cryptostate= encrypted
01-01 08:30:36.348 I/SDM     (  525): HWCDisplayPrimary::ProcessBootAnimCompleted: ProcessBootAnimCompleted: vold= trigger_restart_framework
01-01 08:30:36.360 E/ExtMediaPlayer-JNI( 2080): env->IsInstanceOf fails
01-01 08:30:36.360 E/MediaPlayer-JNI( 2080): JNIMediaPlayerFactory: bIsQCMediaPlayerPresent 0
01-01 08:30:36.360 E/ExtMediaPlayer-JNI( 2080): env->IsInstanceOf fails
01-01 08:30:36.360 E/MediaPlayer-JNI( 2080): JNIMediaPlayerFactory: bIsQCMediaPlayerPresent 0
01-01 08:30:36.365 D/RemoteControlClient( 2080): setBrowsedPlayerUpdateListener
01-01 08:30:36.365 D/RemoteControlClient( 2080): setPlayItemListener
01-01 08:30:36.365 D/RemoteControlClient( 2080): setNowPlayingEntriesUpdateListener
01-01 08:30:36.383 I/Telephony( 1897): TtyManager: updateUiTtyMode -1 -> 0
01-01 08:30:36.392 I/ActivityManager( 1271): Displayed com.android.launcher/com.android.launcher2.Launcher: +1s109ms
01-01 08:30:36.399 I/SDM     (  525): HWCDisplayPrimary::ProcessBootAnimCompleted: ProcessBootAnimCompleted: cryptostate= encrypted
01-01 08:30:36.399 I/SDM     (  525): HWCDisplayPrimary::ProcessBootAnimCompleted: ProcessBootAnimCompleted: vold= trigger_restart_framework
01-01 08:30:36.404 W/PathParser( 1595): Points are too far apart 4.030360828967057
01-01 08:30:36.404 W/PathParser( 1595): Points are too far apart 4.030360538880159
01-01 08:30:36.413 E/RemoteControlClient( 2080): updateNowPlayingContentChange
01-01 08:30:36.413 D/RemoteControlClient( 2080): updateNowPlayingContentChangeInt
01-01 08:30:36.413 D/MediaSession( 2080): MediaSession: updateNowPlayingContentChange
01-01 08:30:36.413 D/LBSSystemMonitorService( 1271): SUPL_ES is: 0
01-01 08:30:36.414 D/LBSSystemMonitorService( 1271): nonSGLTE device without ES SUPL
01-01 08:30:36.414 D/MediaSessionRecord( 1271): SessionStub: updateNowPlayingContentChange
01-01 08:30:36.417 I/SDM     (  525): HWCDisplayPrimary::ProcessBootAnimCompleted: ProcessBootAnimCompleted: cryptostate= encrypted
01-01 08:30:36.417 I/SDM     (  525): HWCDisplayPrimary::ProcessBootAnimCompleted: ProcessBootAnimCompleted: vold= trigger_restart_framework
01-01 08:30:36.460 D/IzatService( 1271): register Izat service on entry
01-01 08:30:36.469 D/IzatProviderEngine_jni( 1271): onDisable called by network
01-01 08:30:36.469 E/IzatSvc_QNP( 1271): E/Exiting with error void izat_manager::QNP::stopTrackingSession() line 528 "1"
01-01 08:30:36.469 E/IzatSvc_QNP( 1271): E/Exiting with error void izat_manager::QNP::stopTrackingSession() line 528 "1"
01-01 08:30:36.470 D/IzatProviderEngine_jni( 1271): Entering  : void onEnable(JNIEnv*, jobject, jstring)
01-01 08:30:36.470 D/IzatProviderEngine_jni( 1271): onEnable called by network
01-01 08:30:36.470 D/IzatProviderEngine_jni( 1271): onDisable called by fused
01-01 08:30:36.473 D/IzatProviderEngine_jni( 1271): Entering  : void onEnable(JNIEnv*, jobject, jstring)
01-01 08:30:36.473 D/IzatProviderEngine_jni( 1271): onEnable called by fused
01-01 08:30:36.473 D/PhoneInterfaceManager( 1897): [PhoneIntfMgr] getDataEnabled: subId=-1 phoneId=-1
01-01 08:30:36.473 E/PhoneInterfaceManager( 1897): [PhoneIntfMgr] getDataEnabled: no phone subId=-1 retVal=false
01-01 08:30:36.475 E/LocSvc_eng( 1271): I/===> int loc_eng_init(loc_eng_data_s_type&, LocCallbacks*, LOC_API_ADAPTER_EVENT_MASK_T, loc_core::ContextBase*) line 1708 
01-01 08:30:36.475 E/LocSvc_eng( 1271): I/===> void loc_eng_agps_init(loc_eng_data_s_type&, AGpsExtCallbacks*) line 2267 
01-01 08:30:36.475 E/LocSvc_eng( 1271): I/===> void loc_eng_ni_init(loc_eng_data_s_type&, GpsNiExtCallbacks*) line 327 
01-01 08:30:36.475 D/GpsLocationProvider( 1271): received SIM related action: 
01-01 08:30:36.475 E/LocSvc_api_v02( 1271): I/---> locClientSendReq line 2029 QMI_LOC_SET_PROTOCOL_CONFIG_PARAMETERS_REQ_V02
01-01 08:30:36.476 D/TelephonyManager( 1820): getDataEnabled: retVal=false
01-01 08:30:36.478 E/LocSvc_ApiV02( 1271): I/<--- void globalRespCb(locClientHandleType, uint32_t, locClientRespIndUnionType, void*) line 115 QMI_LOC_SET_PROTOCOL_CONFIG_PARAMETERS_REQ_V02
01-01 08:30:36.478 E/LocSvc_api_v02( 1271): I/---> locClientSendReq line 2029 QMI_LOC_SET_PROTOCOL_CONFIG_PARAMETERS_REQ_V02
01-01 08:30:36.481 E/LocSvc_ApiV02( 1271): I/<--- void globalRespCb(locClientHandleType, uint32_t, locClientRespIndUnionType, void*) line 115 QMI_LOC_SET_PROTOCOL_CONFIG_PARAMETERS_REQ_V02
01-01 08:30:36.481 E/QCNEJ   ( 1820): |CORE| Feature WQE is not enabled
01-01 08:30:36.482 E/LocSvc_api_v02( 1271): I/---> locClientSendReq line 2029 QMI_LOC_SET_SENSOR_CONTROL_CONFIG_REQ_V02
01-01 08:30:36.483 I/SDM     (  525): HWCDisplayPrimary::ProcessBootAnimCompleted: ProcessBootAnimCompleted: cryptostate= encrypted
01-01 08:30:36.483 I/SDM     (  525): HWCDisplayPrimary::ProcessBootAnimCompleted: ProcessBootAnimCompleted: vold= trigger_restart_framework
01-01 08:30:36.484 E/LocSvc_ApiV02( 1271): I/<--- void globalRespCb(locClientHandleType, uint32_t, locClientRespIndUnionType, void*) line 115 QMI_LOC_SET_SENSOR_CONTROL_CONFIG_REQ_V02
01-01 08:30:36.484 E/LocSvc_api_v02( 1271): I/---> locClientSendReq line 2029 QMI_LOC_SET_PROTOCOL_CONFIG_PARAMETERS_REQ_V02
01-01 08:30:36.486 E/LocSvc_ApiV02( 1271): I/<--- void globalRespCb(locClientHandleType, uint32_t, locClientRespIndUnionType, void*) line 115 QMI_LOC_SET_PROTOCOL_CONFIG_PARAMETERS_REQ_V02
01-01 08:30:36.486 E/LocSvc_api_v02( 1271): I/---> locClientSendReq line 2029 QMI_LOC_SET_SENSOR_PERFORMANCE_CONTROL_CONFIGURATION_REQ_V02
01-01 08:30:36.487 E/LocSvc_ApiV02( 1271): I/<--- void globalRespCb(locClientHandleType, uint32_t, locClientRespIndUnionType, void*) line 115 QMI_LOC_SET_SENSOR_PERFORMANCE_CONTROL_CONFIGURATION_REQ_V02
01-01 08:30:36.487 E/LocSvc_api_v02( 1271): I/---> locClientSendReq line 2029 QMI_LOC_SET_XTRA_VERSION_CHECK_REQ_V02
01-01 08:30:36.488 I/chatty  (  760): uid=1013(media) FastMixer expire 504 lines
01-01 08:30:36.489 E/LocSvc_ApiV02( 1271): I/<--- void globalRespCb(locClientHandleType, uint32_t, locClientRespIndUnionType, void*) line 115 QMI_LOC_SET_XTRA_VERSION_CHECK_REQ_V02
01-01 08:30:36.496 D/LocSvc_jni( 1271): set_capabilities_callback: 49
01-01 08:30:36.502 D/GpsLocationProvider( 1271): SIM MCC/MNC is still not available
01-01 08:30:36.520 D/MediaScannerReceiver( 1538): action: android.intent.action.MEDIA_MOUNTED path: /storage/emulated/0
01-01 08:30:36.531 I/SDM     (  525): HWCDisplayPrimary::ProcessBootAnimCompleted: ProcessBootAnimCompleted: cryptostate= encrypted
01-01 08:30:36.531 I/SDM     (  525): HWCDisplayPrimary::ProcessBootAnimCompleted: ProcessBootAnimCompleted: vold= trigger_restart_framework
01-01 08:30:36.535 I/ActivityManager( 1271): Start proc 2122:com.android.deskclock/u0a43 for broadcast com.android.deskclock/com.android.alarmclock.AnalogAppWidgetProvider
01-01 08:30:36.564 I/SDM     (  525): HWCDisplayPrimary::ProcessBootAnimCompleted: ProcessBootAnimCompleted: cryptostate= encrypted
01-01 08:30:36.564 I/SDM     (  525): HWCDisplayPrimary::ProcessBootAnimCompleted: ProcessBootAnimCompleted: vold= trigger_restart_framework
01-01 08:30:36.581 I/SDM     (  525): HWCDisplayPrimary::ProcessBootAnimCompleted: ProcessBootAnimCompleted: cryptostate= encrypted
01-01 08:30:36.581 I/SDM     (  525): HWCDisplayPrimary::ProcessBootAnimCompleted: ProcessBootAnimCompleted: vold= trigger_restart_framework
01-01 08:30:36.597 I/SDM     (  525): HWCDisplayPrimary::ProcessBootAnimCompleted: ProcessBootAnimCompleted: cryptostate= encrypted
01-01 08:30:36.597 I/SDM     (  525): HWCDisplayPrimary::ProcessBootAnimCompleted: ProcessBootAnimCompleted: vold= trigger_restart_framework
01-01 08:30:36.600 W/System  ( 2122): ClassLoader referenced unknown path: /system/app/DeskClock/lib/arm64
01-01 08:30:36.609 V/KeyguardServiceDelegate( 1271): *** Keyguard started
01-01 08:30:36.609 W/KeyguardServiceDelegate( 1271): onScreenTurningOn(): no keyguard service!
01-01 08:30:36.611 V/KeyguardServiceDelegate( 1271): *** Keyguard connected (yay!)
01-01 08:30:36.614 I/SDM     (  525): HWCDisplayPrimary::ProcessBootAnimCompleted: ProcessBootAnimCompleted: cryptostate= encrypted
01-01 08:30:36.614 I/SDM     (  525): HWCDisplayPrimary::ProcessBootAnimCompleted: ProcessBootAnimCompleted: vold= trigger_restart_framework
01-01 08:30:36.620 D/CryptdConnector( 1271): SND -> {2 cryptfs getpw}
01-01 08:30:36.621 D/VoldCryptCmdListener(  439): cryptfs getpw
01-01 08:30:36.621 I/Ext4Crypt(  439): ext4 crypto complete called on /data
01-01 08:30:36.621 I/Ext4Crypt(  439): No master key, so not ext4enc
01-01 08:30:36.621 I/Ext4Crypt(  439): ext4 crypto complete called on /data
01-01 08:30:36.621 I/Ext4Crypt(  439): No master key, so not ext4enc
01-01 08:30:36.621 D/CryptdConnector( 1271): RCV <- {200 2 -1}
01-01 08:30:36.622 D/CryptdConnector( 1271): SND -> {3 cryptfs clearpw}
01-01 08:30:36.623 D/VoldCryptCmdListener(  439): cryptfs clearpw
01-01 08:30:36.623 I/Ext4Crypt(  439): ext4 crypto complete called on /data
01-01 08:30:36.623 I/Ext4Crypt(  439): No master key, so not ext4enc
01-01 08:30:36.623 D/CryptdConnector( 1271): RCV <- {200 3 0}
01-01 08:30:36.657 I/ActivityManager( 1271): Start proc 2137:com.android.quicksearchbox/u0a66 for broadcast com.android.quicksearchbox/.SearchWidgetProvider
01-01 08:30:36.664 I/SDM     (  525): HWCDisplayPrimary::ProcessBootAnimCompleted: ProcessBootAnimCompleted: cryptostate= encrypted
01-01 08:30:36.664 I/SDM     (  525): HWCDisplayPrimary::ProcessBootAnimCompleted: ProcessBootAnimCompleted: vold= trigger_restart_framework
01-01 08:30:36.680 I/SDM     (  525): HWCDisplayPrimary::ProcessBootAnimCompleted: ProcessBootAnimCompleted: cryptostate= encrypted
01-01 08:30:36.680 I/SDM     (  525): HWCDisplayPrimary::ProcessBootAnimCompleted: ProcessBootAnimCompleted: vold= trigger_restart_framework
01-01 08:30:36.691 D/PhoneStatusBar( 1595): disable: < EXPAND ICONS* alerts SYSTEM_INFO* BACK HOME RECENT clock SEARCH quick_settings >
01-01 08:30:36.726 W/System  ( 2137): ClassLoader referenced unknown path: /system/app/QuickSearchBox/lib/arm64
01-01 08:30:36.729 D/PhoneStatusBar( 1595): disable: < EXPAND ICONS alerts SYSTEM_INFO BACK HOME RECENT clock SEARCH quick_settings >
01-01 08:30:36.731 I/SDM     (  525): HWCDisplayPrimary::ProcessBootAnimCompleted: ProcessBootAnimCompleted: cryptostate= encrypted
01-01 08:30:36.731 I/SDM     (  525): HWCDisplayPrimary::ProcessBootAnimCompleted: ProcessBootAnimCompleted: vold= trigger_restart_framework
01-01 08:30:36.762 I/DpmTcmClient( 2137): RegisterTcmMonitor from: org.apache.http.impl.conn.TcmIdleTimerMonitor
01-01 08:30:36.797 I/SDM     (  525): HWCDisplayPrimary::ProcessBootAnimCompleted: ProcessBootAnimCompleted: cryptostate= encrypted
01-01 08:30:36.797 I/SDM     (  525): HWCDisplayPrimary::ProcessBootAnimCompleted: ProcessBootAnimCompleted: vold= trigger_restart_framework
01-01 08:30:36.826 W/PathParser( 1595): Points are too far apart 4.030360828967057
01-01 08:30:36.826 W/PathParser( 1595): Points are too far apart 4.030360538880159
01-01 08:30:36.829 V/MediaScanner( 1538): pruneDeadThumbnailFiles... android.database.sqlite.SQLiteCursor@cbba6ed
01-01 08:30:36.831 I/SDM     (  525): HWCDisplayPrimary::ProcessBootAnimCompleted: ProcessBootAnimCompleted: cryptostate= encrypted
01-01 08:30:36.831 I/SDM     (  525): HWCDisplayPrimary::ProcessBootAnimCompleted: ProcessBootAnimCompleted: vold= trigger_restart_framework
01-01 08:30:36.831 V/MediaScanner( 1538): /pruneDeadThumbnailFiles... android.database.sqlite.SQLiteCursor@cbba6ed
01-01 08:30:36.836 D/QC_RIL_OEM_HOOK( 1897): QcrilMsgTunnelService Connected Successfully (onServiceConnected)
01-01 08:30:36.836 D/QC_RIL_OEM_HOOK( 1897): Calling onQcRilHookReady callback
01-01 08:30:36.837 D/TelephonyDebugService( 1897): TelephonyDebugService()
01-01 08:30:36.845 D/WifiService( 1271): New client listening to asynchronous messages
01-01 08:30:36.855 D/CarrierConfigLoader( 1897): mHandler: 12 phoneId: 0
01-01 08:30:36.866 I/SDM     (  525): HWCDisplayPrimary::ProcessBootAnimCompleted: ProcessBootAnimCompleted: cryptostate= encrypted
01-01 08:30:36.866 I/SDM     (  525): HWCDisplayPrimary::ProcessBootAnimCompleted: ProcessBootAnimCompleted: vold= trigger_restart_framework
01-01 08:30:36.866 E/PhoneInterfaceManager( 1897): [PhoneIntfMgr] getIccId: No UICC
01-01 08:30:36.883 D/PhoneStatusBar( 1595): disable: < expand* ICONS alerts SYSTEM_INFO back* HOME RECENT clock SEARCH quick_settings >
01-01 08:30:36.883 V/KeyguardServiceDelegate( 1271): **** SHOWN CALLED ****
01-01 08:30:36.884 I/Telecom ( 1271): PhoneAccountRegistrar: [ComponentInfo{com.android.phone/com.android.services.telephony.TelephonyConnectionService}, [4208433e9abcef6d04057081ae5a7fc2b23515a1], UserHandle{0}(icon: Icon(typ=BITMAP size=29x36) -> Icon(typ=BITMAP size=29x36))(lbl:  -> null)(desc:  -> null)]
01-01 08:30:36.895 I/Telecom ( 1271): : Sending phone-account intent as user
01-01 08:30:36.899 I/Telephony( 1897): AccountEntry: Registered phoneAccount: [[ ] PhoneAccount: ComponentInfo{com.android.phone/com.android.services.telephony.TelephonyConnectionService}, [4208433e9abcef6d04057081ae5a7fc2b23515a1], UserHandle{0} Capabilities: 54 Schemes: tel voicemail ] with handle: ComponentInfo{com.android.phone/com.android.services.telephony.TelephonyConnectionService}, [4208433e9abcef6d04057081ae5a7fc2b23515a1], UserHandle{0}
01-01 08:30:36.900 I/Telephony( 1897): PstnIncomingCallNotifier: Registering: Handler (com.qti.internal.telephony.cdma.QtiCDMALTEPhone) {b6e3773}
01-01 08:30:36.915 I/SDM     (  525): HWCDisplayPrimary::ProcessBootAnimCompleted: ProcessBootAnimCompleted: cryptostate= encrypted
01-01 08:30:36.915 I/SDM     (  525): HWCDisplayPrimary::ProcessBootAnimCompleted: ProcessBootAnimCompleted: vold= trigger_restart_framework
01-01 08:30:36.920 W/Telecom ( 1271): : No account found for the calling user
01-01 08:30:36.923 I/SurfaceFlinger(  525): Boot is finished (23663 ms)
01-01 08:30:36.932 I/SDM     (  525): HWCDisplayPrimary::ProcessBootAnimCompleted: ProcessBootAnimCompleted: cryptostate= encrypted
01-01 08:30:36.932 I/SDM     (  525): HWCDisplayPrimary::ProcessBootAnimCompleted: ProcessBootAnimCompleted: vold= trigger_restart_framework
01-01 08:30:36.948 I/SDM     (  525): HWCDisplayPrimary::ProcessBootAnimCompleted: ProcessBootAnimCompleted: cryptostate= encrypted
01-01 08:30:36.948 I/SDM     (  525): HWCDisplayPrimary::ProcessBootAnimCompleted: ProcessBootAnimCompleted: vold= trigger_restart_framework
01-01 08:30:36.962 I/Telecom ( 1271): PhoneAccountRegistrar: [ComponentInfo{com.android.phone/com.android.services.telephony.TelephonyConnectionService}, [4208433e9abcef6d04057081ae5a7fc2b23515a1], UserHandle{0}(icon: Icon(typ=BITMAP size=29x36) -> Icon(typ=BITMAP size=29x36))]
01-01 08:30:36.964 I/SDM     (  525): HWCDisplayPrimary::ProcessBootAnimCompleted: ProcessBootAnimCompleted: cryptostate= encrypted
01-01 08:30:36.964 I/SDM     (  525): HWCDisplayPrimary::ProcessBootAnimCompleted: ProcessBootAnimCompleted: vold= trigger_restart_framework
01-01 08:30:36.971 I/ActivityManager( 1271): Start proc 2156:com.android.settings/1000 for broadcast com.android.settings/.sim.SimSelectNotification
01-01 08:30:36.972 I/Telecom ( 1271): : Sending phone-account intent as user
01-01 08:30:36.980 I/SDM     (  525): HWCDisplayPrimary::ProcessBootAnimCompleted: ProcessBootAnimCompleted: cryptostate= encrypted
01-01 08:30:36.980 I/SDM     (  525): HWCDisplayPrimary::ProcessBootAnimCompleted: ProcessBootAnimCompleted: vold= trigger_restart_framework
01-01 08:30:36.997 I/SDM     (  525): HWCDisplayPrimary::ProcessBootAnimCompleted: ProcessBootAnimCompleted: cryptostate= encrypted
01-01 08:30:36.997 I/SDM     (  525): HWCDisplayPrimary::ProcessBootAnimCompleted: ProcessBootAnimCompleted: vold= trigger_restart_framework
01-01 08:30:37.014 I/SDM     (  525): HWCDisplayPrimary::ProcessBootAnimCompleted: ProcessBootAnimCompleted: cryptostate= encrypted
01-01 08:30:37.014 I/SDM     (  525): HWCDisplayPrimary::ProcessBootAnimCompleted: ProcessBootAnimCompleted: vold= trigger_restart_framework
01-01 08:30:37.021 I/chatty  (  760): uid=1013(media) Binder_3 expire 5 lines
01-01 08:30:37.024 W/System  ( 2156): ClassLoader referenced unknown path: /system/priv-app/Settings/lib/arm64
01-01 08:30:37.032 I/SDM     (  525): HWCDisplayPrimary::ProcessBootAnimCompleted: ProcessBootAnimCompleted: cryptostate= encrypted
01-01 08:30:37.032 I/SDM     (  525): HWCDisplayPrimary::ProcessBootAnimCompleted: ProcessBootAnimCompleted: vold= trigger_restart_framework
01-01 08:30:37.047 I/SDM     (  525): HWCDisplayPrimary::ProcessBootAnimCompleted: ProcessBootAnimCompleted: cryptostate= encrypted
01-01 08:30:37.047 I/SDM     (  525): HWCDisplayPrimary::ProcessBootAnimCompleted: ProcessBootAnimCompleted: vold= trigger_restart_framework
01-01 08:30:37.067 D/SimSelectNotification( 2156):  no of slots 1 provision = false
01-01 08:30:37.068 I/SDM     (  525): HWCDisplayPrimary::ProcessBootAnimCompleted: ProcessBootAnimCompleted: cryptostate= encrypted
01-01 08:30:37.068 I/SDM     (  525): HWCDisplayPrimary::ProcessBootAnimCompleted: ProcessBootAnimCompleted: vold= trigger_restart_framework
01-01 08:30:37.079 D/QC_RIL_OEM_HOOK( 1897): Starting QcrilMsgTunnel Service
01-01 08:30:37.082 I/SDM     (  525): HWCDisplayPrimary::ProcessBootAnimCompleted: ProcessBootAnimCompleted: cryptostate= encrypted
01-01 08:30:37.082 I/SDM     (  525): HWCDisplayPrimary::ProcessBootAnimCompleted: ProcessBootAnimCompleted: vold= trigger_restart_framework
01-01 08:30:37.087 D/QC_RIL_OEM_HOOK( 1897): The QcrilMsgTunnelService will be connected soon 
01-01 08:30:37.090 D/QC_RIL_OEM_HOOK( 1897): Registering for intent ACTION_UNSOL_RESPONSE_OEM_HOOK_RAW
01-01 08:30:37.091 D/DefaultReceiver( 1897): receive android.intent.action.SIM_STATE_CHANGED
01-01 08:30:37.093 D/CardStateMonitor( 1897): on EVENT_ICC_CHANGED
01-01 08:30:37.093 D/CardStateMonitor( 1897): ICC changed on sub0, state is NULL
01-01 08:30:37.094 D/QC_RIL_OEM_HOOK( 1897): QcrilMsgTunnelService Connected Successfully (onServiceConnected)
01-01 08:30:37.094 D/QC_RIL_OEM_HOOK( 1897): Calling onQcRilHookReady callback
01-01 08:30:37.096 I/chatty  (  653): uid=1013(media) /system/bin/bootanimation expire 1 line
01-01 08:30:37.097 I/SDM     (  525): HWCDisplayPrimary::ProcessBootAnimCompleted: ProcessBootAnimCompleted: cryptostate= encrypted
01-01 08:30:37.097 I/SDM     (  525): HWCDisplayPrimary::ProcessBootAnimCompleted: ProcessBootAnimCompleted: vold= trigger_restart_framework
01-01 08:30:37.111 I/ActivityManager( 1271): Start proc 2169:com.qualcomm.telephony/1000 for broadcast com.qualcomm.simcontacts/.SimStateReceiver
01-01 08:30:37.114 I/SDM     (  525): HWCDisplayPrimary::ProcessBootAnimCompleted: ProcessBootAnimCompleted: cryptostate= encrypted
01-01 08:30:37.114 I/SDM     (  525): HWCDisplayPrimary::ProcessBootAnimCompleted: ProcessBootAnimCompleted: vold= trigger_restart_framework
01-01 08:30:37.121 D/phone_features( 1897): EVENT_SERVICE_CHANGED on slot=0, dds=-1
01-01 08:30:37.124 W/OpenGLRenderer( 1917): Incorrectly called buildLayer on View: ShortcutAndWidgetContainer, destroying layer...
01-01 08:30:37.124 W/OpenGLRenderer( 1917): Incorrectly called buildLayer on View: ShortcutAndWidgetContainer, destroying layer...
01-01 08:30:37.131 I/SDM     (  525): HWCDisplayPrimary::ProcessBootAnimCompleted: ProcessBootAnimCompleted: cryptostate= encrypted
01-01 08:30:37.131 I/SDM     (  525): HWCDisplayPrimary::ProcessBootAnimCompleted: ProcessBootAnimCompleted: vold= trigger_restart_framework
01-01 08:30:37.148 I/SDM     (  525): HWCDisplayPrimary::ProcessBootAnimCompleted: ProcessBootAnimCompleted: cryptostate= encrypted
01-01 08:30:37.148 I/SDM     (  525): HWCDisplayPrimary::ProcessBootAnimCompleted: ProcessBootAnimCompleted: vold= trigger_restart_framework
01-01 08:30:37.148 W/System  ( 2169): ClassLoader referenced unknown path: /system/app/SimContacts/lib/arm64
01-01 08:30:37.150 D/SimStateReceiver( 2169): received broadcast android.intent.action.SIM_STATE_CHANGED
01-01 08:30:37.152 D/SimStateReceiver( 2169): ACTION_SIM_STATE_CHANGED intent received on sub = 0SIM STATE IS NOT_READY
01-01 08:30:37.153 W/ContextImpl( 2169): Calling a method in the system process without a qualified user: android.app.ContextImpl.startService:1221 android.content.ContextWrapper.startService:581 android.content.ContextWrapper.startService:581 com.qualcomm.simcontacts.SimStateReceiver.sendSimState:78 com.qualcomm.simcontacts.SimStateReceiver.onReceive:54 
01-01 08:30:37.154 D/SimContactsService( 2169): service onCreate!
01-01 08:30:37.157 D/SimContactsService( 2169): service onStart!
01-01 08:30:37.157 D/SimContactsService( 2169): SIM contacts auto-sync is not enabled!
01-01 08:30:37.164 I/SDM     (  525): HWCDisplayPrimary::ProcessBootAnimCompleted: ProcessBootAnimCompleted: cryptostate= encrypted
01-01 08:30:37.164 I/SDM     (  525): HWCDisplayPrimary::ProcessBootAnimCompleted: ProcessBootAnimCompleted: vold= trigger_restart_framework
01-01 08:30:37.172 I/ActivityManager( 1271): Start proc 2184:org.codeaurora.ims/1001 for broadcast org.codeaurora.ims/.ImsServiceAutoboot
01-01 08:30:37.181 I/SDM     (  525): HWCDisplayPrimary::ProcessBootAnimCompleted: ProcessBootAnimCompleted: cryptostate= encrypted
01-01 08:30:37.181 I/SDM     (  525): HWCDisplayPrimary::ProcessBootAnimCompleted: ProcessBootAnimCompleted: vold= trigger_restart_framework
01-01 08:30:37.197 I/SDM     (  525): HWCDisplayPrimary::ProcessBootAnimCompleted: ProcessBootAnimCompleted: cryptostate= encrypted
01-01 08:30:37.197 I/SDM     (  525): HWCDisplayPrimary::ProcessBootAnimCompleted: ProcessBootAnimCompleted: vold= trigger_restart_framework
01-01 08:30:37.213 I/SDM     (  525): HWCDisplayPrimary::ProcessBootAnimCompleted: ProcessBootAnimCompleted: cryptostate= encrypted
01-01 08:30:37.214 I/SDM     (  525): HWCDisplayPrimary::ProcessBootAnimCompleted: ProcessBootAnimCompleted: vold= trigger_restart_framework
01-01 08:30:37.241 D/ImsService AutoBoot( 2184): Starting org.codeaurora.ims.ImsService : android.intent.action.SIM_STATE_CHANGED received. 
01-01 08:30:37.243 E/ImsService AutoBoot( 2184): org.codeaurora.ims.ImsService service Started Successfully
01-01 08:30:37.251 D/ImsService( 1897): ImsService created!
01-01 08:30:37.264 D/ImsSenderRxr( 1897): Starting IFMsg_Rxr[SUB0]
01-01 08:30:37.265 E/ImsSenderRxr( 1897): Exception in socket create'java.io.IOException: No such file or directory
01-01 08:30:37.269 D/ImsServiceStateReceiver( 1897): updateHDIcon isVideo : false isVoice : false phoneId: -1 show HD Icon: true
01-01 08:30:37.269 D/ImsServiceStateReceiver( 1897): isShowHDIconSupported config showHDIcon : false
01-01 08:30:37.271 D/ImsSenderRxr( 1897): [0000]> REQUEST_QUERY_SERVICE_STATUS[SUB0]
01-01 08:30:37.271 D/ImsSenderRxr( 1897): Message data: [0, 0, 0, 12, 11, 13, 0, 0, 0, 0, 16, 1, 24, 29, 32, 0][SUB0]
01-01 08:30:37.271 D/ImsSenderRxr( 1897): [0000]< REQUEST_QUERY_SERVICE_STATUS error: 1
01-01 08:30:37.272 D/ImsServiceSub( 1897): updateWifiIcon send intent with showWifiIcon : false
01-01 08:30:37.273 D/ImsService( 1897): switchImsPhone: ImsPhoneId:-1 changed to 0
01-01 08:30:37.273 D/ImsSenderRxr( 1897): registerForPhoneId: mInstanceId: 0 UNchanged
