01-01 08:30:43.684 D/WifiService( 1271): New client listening to asynchronous messages
01-01 08:30:43.689 I/DPMJ    ( 1833): |REQ:RCVR| DPM creating socket
01-01 08:30:43.690 I/DPMJ    ( 1833): |REQ:RCVR| Connected to 'dpmd' socket
01-01 08:30:43.693 I/DPMJ    ( 1833): |SERVICE| DPM_D_REQ_REQUEST_GET_APP_INFO_LIST
01-01 08:30:43.711 D/FlpSvcProvider_jni( 1271): FlpServiceProvider_class_init
01-01 08:30:43.711 D/FlpSvcProvider_jni( 1271): FlpServiceProvider_init
01-01 08:30:43.711 E/        ( 1271): I/===> int FlpLocationClient::flp_init(FlpExtCallbacks*) line 51 
01-01 08:30:43.711 D/FlpSvcProvider_jni( 1271): FlpService jni SetThreadEvent
01-01 08:30:43.711 V/FlpSvcProvider_jni( 1271): Callback thread attached: 0x7f8c027c80
01-01 08:30:43.714 D/FlpSvcProvider_jni( 1271): FlpServiceProvider_get_max_power_allocated_in_mw
01-01 08:30:43.714 E/        ( 1271): I/===> double FlpLocationClient::flp_get_max_power_allocated_in_mW() line 347 
01-01 08:30:43.728 D/Mms     ( 2431): Cursor= >>>>> Dumping cursor android.content.ContentResolver$CursorWrapperInner@1107922
01-01 08:30:43.728 D/Mms     ( 2431): <<<<<
01-01 08:30:43.728 D/audio_hw_primary(  760): out_standby: enter: stream (0xf44f9000) usecase(1: low-latency-playback)
01-01 08:30:43.732 D/audio_hw_primary(  760): start_output_stream: enter: stream(0xf44f9000)usecase(1: low-latency-playback) devices(0x2)
01-01 08:30:43.741 D/audio_hw_primary(  760): select_devices: out_snd_device(2: speaker) in_snd_device(0: )
01-01 08:30:43.741 I/msm8974_platform(  760): platform_check_and_set_codec_backend_cfg: Usecase bitwidth 16, samplerate 48000
01-01 08:30:43.741 I/msm8974_platform(  760): platform_check_and_set_codec_backend_cfg: new_snd_devices[0] is 2
01-01 08:30:43.741 I/msm8974_platform(  760): platform_check_codec_backend_cfg Codec selected backend: 0 current bit width: 16 and sample rate: 48000
01-01 08:30:43.741 D/msm8974_platform(  760): platform_check_codec_backend_cfg: resetting sample_rate back to default, backend_idx: 0
01-01 08:30:43.741 I/msm8974_platform(  760): platform_check_codec_backend_cfg Codec selected backend: 0 updated bit width: 16 and sample rate: 48000
01-01 08:30:43.741 D/hardware_info(  760): hw_info_append_hw_type : device_name = speaker
01-01 08:30:43.741 D/audio_hw_primary(  760): enable_snd_device: snd_device(2: speaker)
01-01 08:30:43.741 I/soundtrigger(  760): audio_extn_sound_trigger_update_device_status: device 0x2 of type 0 for Event 1, with Raise=0
01-01 08:30:43.741 D/aud_dev_arbi(  760): acquireOneDevice: device owner for device 2 is 1
01-01 08:30:43.741 I/audio_hw_primary(  760): select_devices Selected apptype: 69937
01-01 08:30:43.741 D/soundtrigger(  760): audio_extn_sound_trigger_update_stream_status: uc_id 1 of type 0 for Event 3, with Raise=0
01-01 08:30:43.741 I/audio_hw_utils(  760): audio_extn_utils_send_app_type_cfg PLAYBACK app_type 69937, acdb_dev_id 15, sample_rate 48000
01-01 08:30:43.741 D/ACDB-LOADER(  760): ACDB -> send_audio_cal, acdb_id = 15, path = 0, app id = 0x11131, sample rate = 48000
01-01 08:30:43.741 D/ACDB-LOADER(  760): ACDB -> send_asm_topology
01-01 08:30:43.741 D/ACDB-LOADER(  760): ACDB -> ACDB_CMD_GET_AUDPROC_STREAM_TOPOLOGY_ID
01-01 08:30:43.741 D/ACDB-LOADER(  760): ACDB -> send_adm_topology
01-01 08:30:43.741 D/ACDB-LOADER(  760): ACDB -> ACDB_CMD_GET_AUDPROC_COMMON_TOPOLOGY_ID
01-01 08:30:43.741 D/ACDB-LOADER(  760): ACDB -> send_audtable
01-01 08:30:43.741 D/ACDB-LOADER(  760): ACDB -> ACDB_CMD_GET_AUDPROC_COMMON_TABLE_SIZE
01-01 08:30:43.742 D/ACDB-LOADER(  760): ACDB -> ACDB_CMD_GET_AUDPROC_COMMON_TABLE
01-01 08:30:43.742 D/ACDB-LOADER(  760): ACDB -> AUDIO_SET_AUDPROC_CAL
01-01 08:30:43.742 D/ACDB-LOADER(  760): ACDB -> send_audvoltable
01-01 08:30:43.742 D/ACDB-LOADER(  760): ACDB -> ACDB_CMD_GET_AUDPROC_GAIN_DEP_STEP_TABLE, vol index 0
01-01 08:30:43.742 D/ACDB-LOADER(  760): ACDB -> AUDIO_SET_VOL_CAL cal type = 12
01-01 08:30:43.742 D/ACDB-LOADER(  760): ACDB -> send_audstrmtable
01-01 08:30:43.742 D/ACDB-LOADER(  760): ACDB -> ACDB_CMD_GET_AUDPROC_STREAM_TABLE_V2
01-01 08:30:43.742 D/ACDB-LOADER(  760): ACDB -> audstrm_cal->cal_type.cal_data.cal_size = 16
01-01 08:30:43.742 D/ACDB-LOADER(  760): ACDB -> send_afe_topology
01-01 08:30:43.742 D/ACDB-LOADER(  760): ACDB -> ACDB_CMD_GET_AFE_TOPOLOGY_ID
01-01 08:30:43.742 D/ACDB-LOADER(  760): ACDB -> GET_AFE_TOPOLOGY_ID for adcd_id 15, Topology Id 1025e
01-01 08:30:43.742 D/ACDB-LOADER(  760): ACDB -> send_afe_cal
01-01 08:30:43.742 D/ACDB-LOADER(  760): ACDB -> ACDB_CMD_GET_AFE_COMMON_TABLE
01-01 08:30:43.742 D/ACDB-LOADER(  760): ACDB -> AUDIO_SET_AFE_CAL
01-01 08:30:43.742 D/ACDB-LOADER(  760): ACDB -> send_hw_delay : acdb_id = 15 path = 0
01-01 08:30:43.742 D/ACDB-LOADER(  760): ACDB -> ACDB_AVSYNC_INFO: ACDB_CMD_GET_DEVICE_PROPERTY
01-01 08:30:43.742 D/audio_hw_primary(  760): enable_audio_route: apply mixer and update path: low-latency-playback
01-01 08:30:43.742 W/System  ( 2476): ClassLoader referenced unknown path: /system/app/Calendar/lib/arm64
01-01 08:30:43.743 D/audio_hw_primary(  760): select_devices: done
01-01 08:30:43.744 E/ANDR-PERF-RESOURCEQS( 2354): Failed to apply optimization [4, 0]
01-01 08:30:43.744 D/msm8974_platform(  760): platform_set_channel_map mixer_ctl_name:Playback Channel Map15
01-01 08:30:43.744 D/msm8974_platform(  760): platform_set_channel_map: set mapping(1 2 0 0 0 0 0 0) for channel:2
01-01 08:30:43.752 E/audio_hw_primary(  760): start_output_stream: pcm_prepare returned -1
01-01 08:30:43.766 D/audio_hw_primary(  760): disable_audio_route: reset and update mixer path: low-latency-playback
01-01 08:30:43.767 D/soundtrigger(  760): audio_extn_sound_trigger_update_stream_status: uc_id 1 of type 0 for Event 2, with Raise=0
01-01 08:30:43.767 D/hardware_info(  760): hw_info_append_hw_type : device_name = speaker
01-01 08:30:43.767 D/audio_hw_primary(  760): disable_snd_device: snd_device(2: speaker)
01-01 08:30:43.767 D/aud_dev_arbi(  760): releaseOneDevice: not sending command, device argument (2) does not match any registered device
01-01 08:30:43.767 D/aud_dev_arbi(  760): releaseOneDevice: device 2 owner is 0
01-01 08:30:43.767 I/soundtrigger(  760): audio_extn_sound_trigger_update_device_status: device 0x2 of type 0 for Event 0, with Raise=0
01-01 08:30:43.773 I/DPMJ    ( 1833): |SERVICE| DPM_S_RSP_GET_FEATURE_STATUS
01-01 08:30:43.773 I/DPMJ    ( 1833): |SERVICE| DPM_S_RSP_GET_FEATURE_STATUS
01-01 08:30:43.791 E/dex2oat ( 2492): Failed to create oat file: /data/dalvik-cache/arm64/system@framework@com.qti.dpmframework.jar@classes.dex: Permission denied
01-01 08:30:43.791 I/dex2oat ( 2492): dex2oat took 1.334ms (threads: 4) 
01-01 08:30:43.795 W/art     ( 1833): Failed execv(/system/bin/dex2oat --runtime-arg -classpath --runtime-arg  --instruction-set=arm64 --instruction-set-features=smp,a53 --runtime-arg -Xrelocate --boot-image=/system/framework/boot.art --runtime-arg -Xms64m --runtime-arg -Xmx512m --instruction-set-variant=kryo --instruction-set-features=default --dex-file=/system/framework/com.qti.dpmframework.jar --oat-file=/data/dalvik-cache/arm64/system@framework@com.qti.dpmframework.jar@classes.dex) because non-0 exit status
01-01 08:30:43.816 W/MediaScanner( 1538): Error opening directory '/oem/media/', skipping: No such file or directory.
01-01 08:30:43.817 D/audio_hw_primary(  760): out_standby: enter: stream (0xf44f9000) usecase(1: low-latency-playback)
01-01 08:30:43.821 D/audio_hw_primary(  760): start_output_stream: enter: stream(0xf44f9000)usecase(1: low-latency-playback) devices(0x2)
01-01 08:30:43.822 D/audio_hw_primary(  760): select_devices: out_snd_device(2: speaker) in_snd_device(0: )
01-01 08:30:43.822 I/msm8974_platform(  760): platform_check_and_set_codec_backend_cfg: Usecase bitwidth 16, samplerate 48000
01-01 08:30:43.822 E/ANDR-PERF-RESOURCEQS( 2354): Failed to apply optimization [4, 0]
01-01 08:30:43.822 I/msm8974_platform(  760): platform_check_and_set_codec_backend_cfg: new_snd_devices[0] is 2
01-01 08:30:43.822 I/msm8974_platform(  760): platform_check_codec_backend_cfg Codec selected backend: 0 current bit width: 16 and sample rate: 48000
01-01 08:30:43.822 D/msm8974_platform(  760): platform_check_codec_backend_cfg: resetting sample_rate back to default, backend_idx: 0
01-01 08:30:43.822 I/msm8974_platform(  760): platform_check_codec_backend_cfg Codec selected backend: 0 updated bit width: 16 and sample rate: 48000
01-01 08:30:43.822 D/hardware_info(  760): hw_info_append_hw_type : device_name = speaker
01-01 08:30:43.822 D/audio_hw_primary(  760): enable_snd_device: snd_device(2: speaker)
01-01 08:30:43.822 I/soundtrigger(  760): audio_extn_sound_trigger_update_device_status: device 0x2 of type 0 for Event 1, with Raise=0
01-01 08:30:43.822 D/aud_dev_arbi(  760): acquireOneDevice: device owner for device 2 is 1
01-01 08:30:43.822 I/audio_hw_primary(  760): select_devices Selected apptype: 69937
01-01 08:30:43.822 D/soundtrigger(  760): audio_extn_sound_trigger_update_stream_status: uc_id 1 of type 0 for Event 3, with Raise=0
01-01 08:30:43.822 I/audio_hw_utils(  760): audio_extn_utils_send_app_type_cfg PLAYBACK app_type 69937, acdb_dev_id 15, sample_rate 48000
01-01 08:30:43.822 D/ACDB-LOADER(  760): ACDB -> send_audio_cal, acdb_id = 15, path = 0, app id = 0x11131, sample rate = 48000
01-01 08:30:43.822 D/ACDB-LOADER(  760): ACDB -> send_asm_topology
01-01 08:30:43.822 D/ACDB-LOADER(  760): ACDB -> ACDB_CMD_GET_AUDPROC_STREAM_TOPOLOGY_ID
01-01 08:30:43.822 D/ACDB-LOADER(  760): ACDB -> send_adm_topology
01-01 08:30:43.822 D/ACDB-LOADER(  760): ACDB -> ACDB_CMD_GET_AUDPROC_COMMON_TOPOLOGY_ID
01-01 08:30:43.822 D/ACDB-LOADER(  760): ACDB -> send_audtable
01-01 08:30:43.822 D/ACDB-LOADER(  760): ACDB -> ACDB_CMD_GET_AUDPROC_COMMON_TABLE_SIZE
01-01 08:30:43.822 D/ACDB-LOADER(  760): ACDB -> ACDB_CMD_GET_AUDPROC_COMMON_TABLE
01-01 08:30:43.822 D/ACDB-LOADER(  760): ACDB -> AUDIO_SET_AUDPROC_CAL
01-01 08:30:43.822 D/ACDB-LOADER(  760): ACDB -> send_audvoltable
01-01 08:30:43.822 D/ACDB-LOADER(  760): ACDB -> ACDB_CMD_GET_AUDPROC_GAIN_DEP_STEP_TABLE, vol index 0
01-01 08:30:43.822 D/ACDB-LOADER(  760): ACDB -> AUDIO_SET_VOL_CAL cal type = 12
01-01 08:30:43.823 D/ACDB-LOADER(  760): ACDB -> send_audstrmtable
01-01 08:30:43.823 D/ACDB-LOADER(  760): ACDB -> ACDB_CMD_GET_AUDPROC_STREAM_TABLE_V2
01-01 08:30:43.823 D/ACDB-LOADER(  760): ACDB -> audstrm_cal->cal_type.cal_data.cal_size = 16
01-01 08:30:43.823 D/ACDB-LOADER(  760): ACDB -> send_afe_topology
01-01 08:30:43.823 D/ACDB-LOADER(  760): ACDB -> ACDB_CMD_GET_AFE_TOPOLOGY_ID
01-01 08:30:43.823 D/ACDB-LOADER(  760): ACDB -> GET_AFE_TOPOLOGY_ID for adcd_id 15, Topology Id 1025e
01-01 08:30:43.823 D/ACDB-LOADER(  760): ACDB -> send_afe_cal
01-01 08:30:43.823 D/ACDB-LOADER(  760): ACDB -> ACDB_CMD_GET_AFE_COMMON_TABLE
01-01 08:30:43.823 D/ACDB-LOADER(  760): ACDB -> AUDIO_SET_AFE_CAL
01-01 08:30:43.823 D/ACDB-LOADER(  760): ACDB -> send_hw_delay : acdb_id = 15 path = 0
01-01 08:30:43.823 D/ACDB-LOADER(  760): ACDB -> ACDB_AVSYNC_INFO: ACDB_CMD_GET_DEVICE_PROPERTY
01-01 08:30:43.823 D/audio_hw_primary(  760): enable_audio_route: apply mixer and update path: low-latency-playback
01-01 08:30:43.823 D/audio_hw_primary(  760): select_devices: done
01-01 08:30:43.824 D/msm8974_platform(  760): platform_set_channel_map mixer_ctl_name:Playback Channel Map15
01-01 08:30:43.825 D/msm8974_platform(  760): platform_set_channel_map: set mapping(1 2 0 0 0 0 0 0) for channel:2
01-01 08:30:43.832 E/audio_hw_primary(  760): start_output_stream: pcm_prepare returned -1
01-01 08:30:43.846 D/audio_hw_primary(  760): disable_audio_route: reset and update mixer path: low-latency-playback
01-01 08:30:43.847 D/soundtrigger(  760): audio_extn_sound_trigger_update_stream_status: uc_id 1 of type 0 for Event 2, with Raise=0
01-01 08:30:43.847 D/hardware_info(  760): hw_info_append_hw_type : device_name = speaker
01-01 08:30:43.847 D/audio_hw_primary(  760): disable_snd_device: snd_device(2: speaker)
01-01 08:30:43.847 D/aud_dev_arbi(  760): releaseOneDevice: not sending command, device argument (2) does not match any registered device
01-01 08:30:43.847 D/aud_dev_arbi(  760): releaseOneDevice: device 2 owner is 0
01-01 08:30:43.847 I/soundtrigger(  760): audio_extn_sound_trigger_update_device_status: device 0x2 of type 0 for Event 0, with Raise=0
01-01 08:30:43.898 D/audio_hw_primary(  760): out_standby: enter: stream (0xf44f9000) usecase(1: low-latency-playback)
01-01 08:30:43.902 D/audio_hw_primary(  760): start_output_stream: enter: stream(0xf44f9000)usecase(1: low-latency-playback) devices(0x2)
01-01 08:30:43.903 D/audio_hw_primary(  760): select_devices: out_snd_device(2: speaker) in_snd_device(0: )
01-01 08:30:43.903 I/msm8974_platform(  760): platform_check_and_set_codec_backend_cfg: Usecase bitwidth 16, samplerate 48000
01-01 08:30:43.903 I/msm8974_platform(  760): platform_check_and_set_codec_backend_cfg: new_snd_devices[0] is 2
01-01 08:30:43.903 I/msm8974_platform(  760): platform_check_codec_backend_cfg Codec selected backend: 0 current bit width: 16 and sample rate: 48000
01-01 08:30:43.903 D/msm8974_platform(  760): platform_check_codec_backend_cfg: resetting sample_rate back to default, backend_idx: 0
01-01 08:30:43.903 I/msm8974_platform(  760): platform_check_codec_backend_cfg Codec selected backend: 0 updated bit width: 16 and sample rate: 48000
01-01 08:30:43.903 D/hardware_info(  760): hw_info_append_hw_type : device_name = speaker
01-01 08:30:43.903 D/audio_hw_primary(  760): enable_snd_device: snd_device(2: speaker)
01-01 08:30:43.903 I/soundtrigger(  760): audio_extn_sound_trigger_update_device_status: device 0x2 of type 0 for Event 1, with Raise=0
01-01 08:30:43.903 D/aud_dev_arbi(  760): acquireOneDevice: device owner for device 2 is 1
01-01 08:30:43.903 I/audio_hw_primary(  760): select_devices Selected apptype: 69937
01-01 08:30:43.903 D/soundtrigger(  760): audio_extn_sound_trigger_update_stream_status: uc_id 1 of type 0 for Event 3, with Raise=0
01-01 08:30:43.903 I/audio_hw_utils(  760): audio_extn_utils_send_app_type_cfg PLAYBACK app_type 69937, acdb_dev_id 15, sample_rate 48000
01-01 08:30:43.904 D/ACDB-LOADER(  760): ACDB -> send_audio_cal, acdb_id = 15, path = 0, app id = 0x11131, sample rate = 48000
01-01 08:30:43.904 D/ACDB-LOADER(  760): ACDB -> send_asm_topology
01-01 08:30:43.904 D/ACDB-LOADER(  760): ACDB -> ACDB_CMD_GET_AUDPROC_STREAM_TOPOLOGY_ID
01-01 08:30:43.904 D/ACDB-LOADER(  760): ACDB -> send_adm_topology
01-01 08:30:43.904 D/ACDB-LOADER(  760): ACDB -> ACDB_CMD_GET_AUDPROC_COMMON_TOPOLOGY_ID
01-01 08:30:43.904 D/ACDB-LOADER(  760): ACDB -> send_audtable
01-01 08:30:43.904 D/ACDB-LOADER(  760): ACDB -> ACDB_CMD_GET_AUDPROC_COMMON_TABLE_SIZE
01-01 08:30:43.904 D/ACDB-LOADER(  760): ACDB -> ACDB_CMD_GET_AUDPROC_COMMON_TABLE
01-01 08:30:43.904 D/ACDB-LOADER(  760): ACDB -> AUDIO_SET_AUDPROC_CAL
01-01 08:30:43.904 D/ACDB-LOADER(  760): ACDB -> send_audvoltable
01-01 08:30:43.904 D/ACDB-LOADER(  760): ACDB -> ACDB_CMD_GET_AUDPROC_GAIN_DEP_STEP_TABLE, vol index 0
01-01 08:30:43.904 D/ACDB-LOADER(  760): ACDB -> AUDIO_SET_VOL_CAL cal type = 12
01-01 08:30:43.904 D/ACDB-LOADER(  760): ACDB -> send_audstrmtable
01-01 08:30:43.904 D/ACDB-LOADER(  760): ACDB -> ACDB_CMD_GET_AUDPROC_STREAM_TABLE_V2
01-01 08:30:43.904 D/ACDB-LOADER(  760): ACDB -> audstrm_cal->cal_type.cal_data.cal_size = 16
01-01 08:30:43.904 D/ACDB-LOADER(  760): ACDB -> send_afe_topology
01-01 08:30:43.904 D/ACDB-LOADER(  760): ACDB -> ACDB_CMD_GET_AFE_TOPOLOGY_ID
01-01 08:30:43.905 D/ACDB-LOADER(  760): ACDB -> GET_AFE_TOPOLOGY_ID for adcd_id 15, Topology Id 1025e
01-01 08:30:43.905 D/ACDB-LOADER(  760): ACDB -> send_afe_cal
01-01 08:30:43.905 D/ACDB-LOADER(  760): ACDB -> ACDB_CMD_GET_AFE_COMMON_TABLE
01-01 08:30:43.905 D/ACDB-LOADER(  760): ACDB -> AUDIO_SET_AFE_CAL
01-01 08:30:43.905 D/ACDB-LOADER(  760): ACDB -> send_hw_delay : acdb_id = 15 path = 0
01-01 08:30:43.905 D/ACDB-LOADER(  760): ACDB -> ACDB_AVSYNC_INFO: ACDB_CMD_GET_DEVICE_PROPERTY
01-01 08:30:43.905 D/audio_hw_primary(  760): enable_audio_route: apply mixer and update path: low-latency-playback
01-01 08:30:43.907 E/ANDR-PERF-RESOURCEQS( 2354): Failed to apply optimization [4, 0]
01-01 08:30:43.907 D/audio_hw_primary(  760): select_devices: done
01-01 08:30:43.908 D/msm8974_platform(  760): platform_set_channel_map mixer_ctl_name:Playback Channel Map15
01-01 08:30:43.908 D/msm8974_platform(  760): platform_set_channel_map: set mapping(1 2 0 0 0 0 0 0) for channel:2
01-01 08:30:43.911 D/ExtensionsFactory( 2476): No custom extensions.
01-01 08:30:43.915 D/AlertReceiver( 2476): onReceive: a=android.intent.action.BOOT_COMPLETED Intent { act=android.intent.action.BOOT_COMPLETED flg=0x8000010 cmp=com.android.calendar/.alerts.AlertReceiver (has extras) }
01-01 08:30:43.915 E/audio_hw_primary(  760): start_output_stream: pcm_prepare returned -1
01-01 08:30:43.930 D/audio_hw_primary(  760): disable_audio_route: reset and update mixer path: low-latency-playback
01-01 08:30:43.931 D/soundtrigger(  760): audio_extn_sound_trigger_update_stream_status: uc_id 1 of type 0 for Event 2, with Raise=0
01-01 08:30:43.931 D/hardware_info(  760): hw_info_append_hw_type : device_name = speaker
01-01 08:30:43.931 D/audio_hw_primary(  760): disable_snd_device: snd_device(2: speaker)
01-01 08:30:43.931 D/aud_dev_arbi(  760): releaseOneDevice: not sending command, device argument (2) does not match any registered device
01-01 08:30:43.931 D/aud_dev_arbi(  760): releaseOneDevice: device 2 owner is 0
01-01 08:30:43.931 I/soundtrigger(  760): audio_extn_sound_trigger_update_device_status: device 0x2 of type 0 for Event 0, with Raise=0
01-01 08:30:43.932 V/AlarmClock( 2122): AlarmInitReceiver android.intent.action.BOOT_COMPLETED
01-01 08:30:43.938 D/AlertService( 2476): 0 Action = android.intent.action.BOOT_COMPLETED
01-01 08:30:43.941 D/AlertService( 2476): Scheduling next alarm with AlarmScheduler. sEventReminderReceived: null
01-01 08:30:43.951 V/AlarmClock( 2122): AlarmInitReceiver - Reset timers and clear stopwatch data
01-01 08:30:43.970 D/AlarmScheduler( 2476): No events found starting within 1 week.
01-01 08:30:43.981 D/audio_hw_primary(  760): out_standby: enter: stream (0xf44f9000) usecase(1: low-latency-playback)
01-01 08:30:43.983 V/AlarmClock( 2122): AlarmInitReceiver finished
01-01 08:30:43.986 D/audio_hw_primary(  760): start_output_stream: enter: stream(0xf44f9000)usecase(1: low-latency-playback) devices(0x2)
01-01 08:30:43.986 D/audio_hw_primary(  760): select_devices: out_snd_device(2: speaker) in_snd_device(0: )
01-01 08:30:43.986 I/msm8974_platform(  760): platform_check_and_set_codec_backend_cfg: Usecase bitwidth 16, samplerate 48000
01-01 08:30:43.986 I/msm8974_platform(  760): platform_check_and_set_codec_backend_cfg: new_snd_devices[0] is 2
01-01 08:30:43.986 I/msm8974_platform(  760): platform_check_codec_backend_cfg Codec selected backend: 0 current bit width: 16 and sample rate: 48000
01-01 08:30:43.986 D/msm8974_platform(  760): platform_check_codec_backend_cfg: resetting sample_rate back to default, backend_idx: 0
01-01 08:30:43.986 I/msm8974_platform(  760): platform_check_codec_backend_cfg Codec selected backend: 0 updated bit width: 16 and sample rate: 48000
01-01 08:30:43.986 D/hardware_info(  760): hw_info_append_hw_type : device_name = speaker
01-01 08:30:43.986 D/audio_hw_primary(  760): enable_snd_device: snd_device(2: speaker)
01-01 08:30:43.986 I/soundtrigger(  760): audio_extn_sound_trigger_update_device_status: device 0x2 of type 0 for Event 1, with Raise=0
01-01 08:30:43.986 D/aud_dev_arbi(  760): acquireOneDevice: device owner for device 2 is 1
01-01 08:30:43.986 I/audio_hw_primary(  760): select_devices Selected apptype: 69937
01-01 08:30:43.986 D/soundtrigger(  760): audio_extn_sound_trigger_update_stream_status: uc_id 1 of type 0 for Event 3, with Raise=0
01-01 08:30:43.986 I/audio_hw_utils(  760): audio_extn_utils_send_app_type_cfg PLAYBACK app_type 69937, acdb_dev_id 15, sample_rate 48000
01-01 08:30:43.987 D/ACDB-LOADER(  760): ACDB -> send_audio_cal, acdb_id = 15, path = 0, app id = 0x11131, sample rate = 48000
01-01 08:30:43.987 D/ACDB-LOADER(  760): ACDB -> send_asm_topology
01-01 08:30:43.987 D/ACDB-LOADER(  760): ACDB -> ACDB_CMD_GET_AUDPROC_STREAM_TOPOLOGY_ID
01-01 08:30:43.987 D/ACDB-LOADER(  760): ACDB -> send_adm_topology
01-01 08:30:43.987 D/ACDB-LOADER(  760): ACDB -> ACDB_CMD_GET_AUDPROC_COMMON_TOPOLOGY_ID
01-01 08:30:43.987 D/ACDB-LOADER(  760): ACDB -> send_audtable
01-01 08:30:43.987 D/ACDB-LOADER(  760): ACDB -> ACDB_CMD_GET_AUDPROC_COMMON_TABLE_SIZE
01-01 08:30:43.987 D/ACDB-LOADER(  760): ACDB -> ACDB_CMD_GET_AUDPROC_COMMON_TABLE
01-01 08:30:43.987 D/ACDB-LOADER(  760): ACDB -> AUDIO_SET_AUDPROC_CAL
01-01 08:30:43.987 D/ACDB-LOADER(  760): ACDB -> send_audvoltable
01-01 08:30:43.987 D/ACDB-LOADER(  760): ACDB -> ACDB_CMD_GET_AUDPROC_GAIN_DEP_STEP_TABLE, vol index 0
01-01 08:30:43.987 D/ACDB-LOADER(  760): ACDB -> AUDIO_SET_VOL_CAL cal type = 12
01-01 08:30:43.987 D/ACDB-LOADER(  760): ACDB -> send_audstrmtable
01-01 08:30:43.987 D/ACDB-LOADER(  760): ACDB -> ACDB_CMD_GET_AUDPROC_STREAM_TABLE_V2
01-01 08:30:43.987 D/ACDB-LOADER(  760): ACDB -> audstrm_cal->cal_type.cal_data.cal_size = 16
01-01 08:30:43.987 D/ACDB-LOADER(  760): ACDB -> send_afe_topology
01-01 08:30:43.987 D/ACDB-LOADER(  760): ACDB -> ACDB_CMD_GET_AFE_TOPOLOGY_ID
01-01 08:30:43.987 D/ACDB-LOADER(  760): ACDB -> GET_AFE_TOPOLOGY_ID for adcd_id 15, Topology Id 1025e
01-01 08:30:43.987 D/ACDB-LOADER(  760): ACDB -> send_afe_cal
01-01 08:30:43.987 D/ACDB-LOADER(  760): ACDB -> ACDB_CMD_GET_AFE_COMMON_TABLE
01-01 08:30:43.987 D/ACDB-LOADER(  760): ACDB -> AUDIO_SET_AFE_CAL
01-01 08:30:43.987 D/ACDB-LOADER(  760): ACDB -> send_hw_delay : acdb_id = 15 path = 0
01-01 08:30:43.987 D/ACDB-LOADER(  760): ACDB -> ACDB_AVSYNC_INFO: ACDB_CMD_GET_DEVICE_PROPERTY
01-01 08:30:43.987 D/audio_hw_primary(  760): enable_audio_route: apply mixer and update path: low-latency-playback
01-01 08:30:43.988 E/ANDR-PERF-RESOURCEQS( 2354): Failed to apply optimization [4, 0]
01-01 08:30:43.988 D/audio_hw_primary(  760): select_devices: done
01-01 08:30:43.989 D/msm8974_platform(  760): platform_set_channel_map mixer_ctl_name:Playback Channel Map15
01-01 08:30:43.989 D/msm8974_platform(  760): platform_set_channel_map: set mapping(1 2 0 0 0 0 0 0) for channel:2
01-01 08:30:43.996 E/audio_hw_primary(  760): start_output_stream: pcm_prepare returned -1
01-01 08:30:43.997 I/ActivityManager( 1271): Start proc 2506:com.android.email/u0a48 for broadcast com.android.email/.service.EmailBroadcastReceiver
01-01 08:30:44.012 D/audio_hw_primary(  760): disable_audio_route: reset and update mixer path: low-latency-playback
01-01 08:30:44.013 D/soundtrigger(  760): audio_extn_sound_trigger_update_stream_status: uc_id 1 of type 0 for Event 2, with Raise=0
01-01 08:30:44.013 D/hardware_info(  760): hw_info_append_hw_type : device_name = speaker
01-01 08:30:44.013 D/audio_hw_primary(  760): disable_snd_device: snd_device(2: speaker)
01-01 08:30:44.013 D/aud_dev_arbi(  760): releaseOneDevice: not sending command, device argument (2) does not match any registered device
01-01 08:30:44.013 D/aud_dev_arbi(  760): releaseOneDevice: device 2 owner is 0
01-01 08:30:44.013 I/soundtrigger(  760): audio_extn_sound_trigger_update_device_status: device 0x2 of type 0 for Event 0, with Raise=0
01-01 08:30:44.046 W/System  ( 2506): ClassLoader referenced unknown path: /system/app/Email/lib/arm64
01-01 08:30:44.050 V/MediaScanner( 1538): pruneDeadThumbnailFiles... android.database.sqlite.SQLiteCursor@6505446
01-01 08:30:44.051 V/MediaScanner( 1538): /pruneDeadThumbnailFiles... android.database.sqlite.SQLiteCursor@6505446
01-01 08:30:44.060 I/CalendarProvider2( 2396): Sending notification intent: Intent { act=android.intent.action.PROVIDER_CHANGED dat=content://com.android.calendar flg=0x20000000 }
01-01 08:30:44.060 W/ContentResolver( 2396): Failed to get type for: content://com.android.calendar (Unknown URL content://com.android.calendar)
01-01 08:30:44.063 D/audio_hw_primary(  760): out_standby: enter: stream (0xf44f9000) usecase(1: low-latency-playback)
01-01 08:30:44.068 D/audio_hw_primary(  760): start_output_stream: enter: stream(0xf44f9000)usecase(1: low-latency-playback) devices(0x2)
01-01 08:30:44.068 E/ANDR-PERF-RESOURCEQS( 2354): Failed to apply optimization [4, 0]
01-01 08:30:44.068 D/audio_hw_primary(  760): select_devices: out_snd_device(2: speaker) in_snd_device(0: )
01-01 08:30:44.068 I/msm8974_platform(  760): platform_check_and_set_codec_backend_cfg: Usecase bitwidth 16, samplerate 48000
01-01 08:30:44.068 I/msm8974_platform(  760): platform_check_and_set_codec_backend_cfg: new_snd_devices[0] is 2
01-01 08:30:44.068 I/msm8974_platform(  760): platform_check_codec_backend_cfg Codec selected backend: 0 current bit width: 16 and sample rate: 48000
01-01 08:30:44.068 D/msm8974_platform(  760): platform_check_codec_backend_cfg: resetting sample_rate back to default, backend_idx: 0
01-01 08:30:44.068 I/msm8974_platform(  760): platform_check_codec_backend_cfg Codec selected backend: 0 updated bit width: 16 and sample rate: 48000
01-01 08:30:44.068 D/hardware_info(  760): hw_info_append_hw_type : device_name = speaker
01-01 08:30:44.068 D/audio_hw_primary(  760): enable_snd_device: snd_device(2: speaker)
01-01 08:30:44.068 I/soundtrigger(  760): audio_extn_sound_trigger_update_device_status: device 0x2 of type 0 for Event 1, with Raise=0
01-01 08:30:44.068 D/aud_dev_arbi(  760): acquireOneDevice: device owner for device 2 is 1
01-01 08:30:44.068 I/audio_hw_primary(  760): select_devices Selected apptype: 69937
01-01 08:30:44.068 D/soundtrigger(  760): audio_extn_sound_trigger_update_stream_status: uc_id 1 of type 0 for Event 3, with Raise=0
01-01 08:30:44.068 I/audio_hw_utils(  760): audio_extn_utils_send_app_type_cfg PLAYBACK app_type 69937, acdb_dev_id 15, sample_rate 48000
01-01 08:30:44.069 D/ACDB-LOADER(  760): ACDB -> send_audio_cal, acdb_id = 15, path = 0, app id = 0x11131, sample rate = 48000
01-01 08:30:44.069 D/ACDB-LOADER(  760): ACDB -> send_asm_topology
01-01 08:30:44.069 D/ACDB-LOADER(  760): ACDB -> ACDB_CMD_GET_AUDPROC_STREAM_TOPOLOGY_ID
01-01 08:30:44.069 D/ACDB-LOADER(  760): ACDB -> send_adm_topology
01-01 08:30:44.069 D/ACDB-LOADER(  760): ACDB -> ACDB_CMD_GET_AUDPROC_COMMON_TOPOLOGY_ID
01-01 08:30:44.069 D/ACDB-LOADER(  760): ACDB -> send_audtable
01-01 08:30:44.069 D/ACDB-LOADER(  760): ACDB -> ACDB_CMD_GET_AUDPROC_COMMON_TABLE_SIZE
01-01 08:30:44.069 D/ACDB-LOADER(  760): ACDB -> ACDB_CMD_GET_AUDPROC_COMMON_TABLE
01-01 08:30:44.069 D/ACDB-LOADER(  760): ACDB -> AUDIO_SET_AUDPROC_CAL
01-01 08:30:44.069 D/ACDB-LOADER(  760): ACDB -> send_audvoltable
01-01 08:30:44.069 D/ACDB-LOADER(  760): ACDB -> ACDB_CMD_GET_AUDPROC_GAIN_DEP_STEP_TABLE, vol index 0
01-01 08:30:44.069 D/ACDB-LOADER(  760): ACDB -> AUDIO_SET_VOL_CAL cal type = 12
01-01 08:30:44.069 D/ACDB-LOADER(  760): ACDB -> send_audstrmtable
01-01 08:30:44.069 D/ACDB-LOADER(  760): ACDB -> ACDB_CMD_GET_AUDPROC_STREAM_TABLE_V2
01-01 08:30:44.070 D/ACDB-LOADER(  760): ACDB -> audstrm_cal->cal_type.cal_data.cal_size = 16
01-01 08:30:44.070 D/ACDB-LOADER(  760): ACDB -> send_afe_topology
01-01 08:30:44.070 D/ACDB-LOADER(  760): ACDB -> ACDB_CMD_GET_AFE_TOPOLOGY_ID
01-01 08:30:44.070 D/ACDB-LOADER(  760): ACDB -> GET_AFE_TOPOLOGY_ID for adcd_id 15, Topology Id 1025e
01-01 08:30:44.070 D/ACDB-LOADER(  760): ACDB -> send_afe_cal
01-01 08:30:44.070 D/ACDB-LOADER(  760): ACDB -> ACDB_CMD_GET_AFE_COMMON_TABLE
01-01 08:30:44.070 D/ACDB-LOADER(  760): ACDB -> AUDIO_SET_AFE_CAL
01-01 08:30:44.070 D/ACDB-LOADER(  760): ACDB -> send_hw_delay : acdb_id = 15 path = 0
01-01 08:30:44.070 D/ACDB-LOADER(  760): ACDB -> ACDB_AVSYNC_INFO: ACDB_CMD_GET_DEVICE_PROPERTY
01-01 08:30:44.070 D/audio_hw_primary(  760): enable_audio_route: apply mixer and update path: low-latency-playback
01-01 08:30:44.071 D/audio_hw_primary(  760): select_devices: done
01-01 08:30:44.073 D/msm8974_platform(  760): platform_set_channel_map mixer_ctl_name:Playback Channel Map15
01-01 08:30:44.073 D/msm8974_platform(  760): platform_set_channel_map: set mapping(1 2 0 0 0 0 0 0) for channel:2
01-01 08:30:44.081 E/audio_hw_primary(  760): start_output_stream: pcm_prepare returned -1
01-01 08:30:44.095 D/audio_hw_primary(  760): disable_audio_route: reset and update mixer path: low-latency-playback
01-01 08:30:44.096 D/soundtrigger(  760): audio_extn_sound_trigger_update_stream_status: uc_id 1 of type 0 for Event 2, with Raise=0
01-01 08:30:44.096 D/hardware_info(  760): hw_info_append_hw_type : device_name = speaker
01-01 08:30:44.096 D/audio_hw_primary(  760): disable_snd_device: snd_device(2: speaker)
01-01 08:30:44.096 D/aud_dev_arbi(  760): releaseOneDevice: not sending command, device argument (2) does not match any registered device
01-01 08:30:44.096 D/aud_dev_arbi(  760): releaseOneDevice: device 2 owner is 0
01-01 08:30:44.096 I/soundtrigger(  760): audio_extn_sound_trigger_update_device_status: device 0x2 of type 0 for Event 0, with Raise=0
01-01 08:30:44.147 D/audio_hw_primary(  760): out_standby: enter: stream (0xf44f9000) usecase(1: low-latency-playback)
01-01 08:30:44.151 D/audio_hw_primary(  760): start_output_stream: enter: stream(0xf44f9000)usecase(1: low-latency-playback) devices(0x2)
01-01 08:30:44.152 D/audio_hw_primary(  760): select_devices: out_snd_device(2: speaker) in_snd_device(0: )
01-01 08:30:44.152 I/msm8974_platform(  760): platform_check_and_set_codec_backend_cfg: Usecase bitwidth 16, samplerate 48000
01-01 08:30:44.152 I/msm8974_platform(  760): platform_check_and_set_codec_backend_cfg: new_snd_devices[0] is 2
01-01 08:30:44.152 I/msm8974_platform(  760): platform_check_codec_backend_cfg Codec selected backend: 0 current bit width: 16 and sample rate: 48000
01-01 08:30:44.152 D/msm8974_platform(  760): platform_check_codec_backend_cfg: resetting sample_rate back to default, backend_idx: 0
01-01 08:30:44.152 I/msm8974_platform(  760): platform_check_codec_backend_cfg Codec selected backend: 0 updated bit width: 16 and sample rate: 48000
01-01 08:30:44.152 D/hardware_info(  760): hw_info_append_hw_type : device_name = speaker
01-01 08:30:44.152 D/audio_hw_primary(  760): enable_snd_device: snd_device(2: speaker)
01-01 08:30:44.152 I/soundtrigger(  760): audio_extn_sound_trigger_update_device_status: device 0x2 of type 0 for Event 1, with Raise=0
01-01 08:30:44.152 D/aud_dev_arbi(  760): acquireOneDevice: device owner for device 2 is 1
01-01 08:30:44.152 I/audio_hw_primary(  760): select_devices Selected apptype: 69937
01-01 08:30:44.152 D/soundtrigger(  760): audio_extn_sound_trigger_update_stream_status: uc_id 1 of type 0 for Event 3, with Raise=0
01-01 08:30:44.152 E/ANDR-PERF-RESOURCEQS( 2354): Failed to apply optimization [4, 0]
01-01 08:30:44.152 I/audio_hw_utils(  760): audio_extn_utils_send_app_type_cfg PLAYBACK app_type 69937, acdb_dev_id 15, sample_rate 48000
01-01 08:30:44.152 D/ACDB-LOADER(  760): ACDB -> send_audio_cal, acdb_id = 15, path = 0, app id = 0x11131, sample rate = 48000
01-01 08:30:44.152 D/ACDB-LOADER(  760): ACDB -> send_asm_topology
01-01 08:30:44.152 D/ACDB-LOADER(  760): ACDB -> ACDB_CMD_GET_AUDPROC_STREAM_TOPOLOGY_ID
01-01 08:30:44.152 D/ACDB-LOADER(  760): ACDB -> send_adm_topology
01-01 08:30:44.152 D/ACDB-LOADER(  760): ACDB -> ACDB_CMD_GET_AUDPROC_COMMON_TOPOLOGY_ID
01-01 08:30:44.152 D/ACDB-LOADER(  760): ACDB -> send_audtable
01-01 08:30:44.152 D/ACDB-LOADER(  760): ACDB -> ACDB_CMD_GET_AUDPROC_COMMON_TABLE_SIZE
01-01 08:30:44.152 D/ACDB-LOADER(  760): ACDB -> ACDB_CMD_GET_AUDPROC_COMMON_TABLE
01-01 08:30:44.152 D/ACDB-LOADER(  760): ACDB -> AUDIO_SET_AUDPROC_CAL
01-01 08:30:44.152 D/ACDB-LOADER(  760): ACDB -> send_audvoltable
01-01 08:30:44.152 D/ACDB-LOADER(  760): ACDB -> ACDB_CMD_GET_AUDPROC_GAIN_DEP_STEP_TABLE, vol index 0
01-01 08:30:44.152 D/ACDB-LOADER(  760): ACDB -> AUDIO_SET_VOL_CAL cal type = 12
01-01 08:30:44.152 D/ACDB-LOADER(  760): ACDB -> send_audstrmtable
01-01 08:30:44.152 D/ACDB-LOADER(  760): ACDB -> ACDB_CMD_GET_AUDPROC_STREAM_TABLE_V2
01-01 08:30:44.152 D/ACDB-LOADER(  760): ACDB -> audstrm_cal->cal_type.cal_data.cal_size = 16
01-01 08:30:44.152 D/ACDB-LOADER(  760): ACDB -> send_afe_topology
01-01 08:30:44.152 D/ACDB-LOADER(  760): ACDB -> ACDB_CMD_GET_AFE_TOPOLOGY_ID
01-01 08:30:44.152 D/ACDB-LOADER(  760): ACDB -> GET_AFE_TOPOLOGY_ID for adcd_id 15, Topology Id 1025e
01-01 08:30:44.152 D/ACDB-LOADER(  760): ACDB -> send_afe_cal
01-01 08:30:44.152 D/ACDB-LOADER(  760): ACDB -> ACDB_CMD_GET_AFE_COMMON_TABLE
01-01 08:30:44.153 D/ACDB-LOADER(  760): ACDB -> AUDIO_SET_AFE_CAL
01-01 08:30:44.153 D/ACDB-LOADER(  760): ACDB -> send_hw_delay : acdb_id = 15 path = 0
01-01 08:30:44.153 D/ACDB-LOADER(  760): ACDB -> ACDB_AVSYNC_INFO: ACDB_CMD_GET_DEVICE_PROPERTY
01-01 08:30:44.153 D/audio_hw_primary(  760): enable_audio_route: apply mixer and update path: low-latency-playback
01-01 08:30:44.153 D/audio_hw_primary(  760): select_devices: done
01-01 08:30:44.154 D/msm8974_platform(  760): platform_set_channel_map mixer_ctl_name:Playback Channel Map15
01-01 08:30:44.154 D/msm8974_platform(  760): platform_set_channel_map: set mapping(1 2 0 0 0 0 0 0) for channel:2
01-01 08:30:44.160 I/ActivityManager( 1271): Start proc 2520:com.android.exchange/u0a35 for service com.android.exchange/.service.EasService
01-01 08:30:44.162 E/audio_hw_primary(  760): start_output_stream: pcm_prepare returned -1
01-01 08:30:44.177 D/audio_hw_primary(  760): disable_audio_route: reset and update mixer path: low-latency-playback
01-01 08:30:44.178 D/soundtrigger(  760): audio_extn_sound_trigger_update_stream_status: uc_id 1 of type 0 for Event 2, with Raise=0
01-01 08:30:44.178 D/hardware_info(  760): hw_info_append_hw_type : device_name = speaker
01-01 08:30:44.178 D/audio_hw_primary(  760): disable_snd_device: snd_device(2: speaker)
01-01 08:30:44.178 D/aud_dev_arbi(  760): releaseOneDevice: not sending command, device argument (2) does not match any registered device
01-01 08:30:44.178 D/aud_dev_arbi(  760): releaseOneDevice: device 2 owner is 0
01-01 08:30:44.178 I/soundtrigger(  760): audio_extn_sound_trigger_update_device_status: device 0x2 of type 0 for Event 0, with Raise=0
01-01 08:30:44.182 D/ActivityThread( 2506): Loading provider com.android.email.provider;com.android.email.notifier: com.android.email.provider.EmailProvider
01-01 08:30:44.189 D/ActivityThread( 2506): Loading provider com.android.email.provider;com.android.email.notifier: com.android.email.provider.EmailProvider
01-01 08:30:44.190 D/ActivityThread( 2506): Loading provider com.android.email.provider;com.android.email.notifier: com.android.email.provider.EmailProvider
01-01 08:30:44.208 W/System  ( 2520): ClassLoader referenced unknown path: /system/app/Exchange2/lib/arm64
01-01 08:30:44.225 D/EmailBroadcastReceiver( 2506): Received android.intent.action.BOOT_COMPLETED
01-01 08:30:44.229 D/audio_hw_primary(  760): out_standby: enter: stream (0xf44f9000) usecase(1: low-latency-playback)
01-01 08:30:44.233 D/audio_hw_primary(  760): start_output_stream: enter: stream(0xf44f9000)usecase(1: low-latency-playback) devices(0x2)
01-01 08:30:44.234 D/audio_hw_primary(  760): select_devices: out_snd_device(2: speaker) in_snd_device(0: )
01-01 08:30:44.234 E/ANDR-PERF-RESOURCEQS( 2354): Failed to apply optimization [4, 0]
01-01 08:30:44.234 I/msm8974_platform(  760): platform_check_and_set_codec_backend_cfg: Usecase bitwidth 16, samplerate 48000
01-01 08:30:44.234 I/msm8974_platform(  760): platform_check_and_set_codec_backend_cfg: new_snd_devices[0] is 2
01-01 08:30:44.234 I/msm8974_platform(  760): platform_check_codec_backend_cfg Codec selected backend: 0 current bit width: 16 and sample rate: 48000
01-01 08:30:44.234 D/msm8974_platform(  760): platform_check_codec_backend_cfg: resetting sample_rate back to default, backend_idx: 0
01-01 08:30:44.234 I/msm8974_platform(  760): platform_check_codec_backend_cfg Codec selected backend: 0 updated bit width: 16 and sample rate: 48000
01-01 08:30:44.234 D/hardware_info(  760): hw_info_append_hw_type : device_name = speaker
01-01 08:30:44.234 D/audio_hw_primary(  760): enable_snd_device: snd_device(2: speaker)
01-01 08:30:44.234 I/soundtrigger(  760): audio_extn_sound_trigger_update_device_status: device 0x2 of type 0 for Event 1, with Raise=0
01-01 08:30:44.234 D/aud_dev_arbi(  760): acquireOneDevice: device owner for device 2 is 1
01-01 08:30:44.234 I/audio_hw_primary(  760): select_devices Selected apptype: 69937
01-01 08:30:44.235 D/soundtrigger(  760): audio_extn_sound_trigger_update_stream_status: uc_id 1 of type 0 for Event 3, with Raise=0
01-01 08:30:44.235 I/audio_hw_utils(  760): audio_extn_utils_send_app_type_cfg PLAYBACK app_type 69937, acdb_dev_id 15, sample_rate 48000
01-01 08:30:44.235 D/ACDB-LOADER(  760): ACDB -> send_audio_cal, acdb_id = 15, path = 0, app id = 0x11131, sample rate = 48000
01-01 08:30:44.235 D/ACDB-LOADER(  760): ACDB -> send_asm_topology
01-01 08:30:44.235 D/ACDB-LOADER(  760): ACDB -> ACDB_CMD_GET_AUDPROC_STREAM_TOPOLOGY_ID
01-01 08:30:44.235 D/ACDB-LOADER(  760): ACDB -> send_adm_topology
01-01 08:30:44.235 D/ACDB-LOADER(  760): ACDB -> ACDB_CMD_GET_AUDPROC_COMMON_TOPOLOGY_ID
01-01 08:30:44.235 D/ACDB-LOADER(  760): ACDB -> send_audtable
01-01 08:30:44.235 D/ACDB-LOADER(  760): ACDB -> ACDB_CMD_GET_AUDPROC_COMMON_TABLE_SIZE
01-01 08:30:44.235 D/ACDB-LOADER(  760): ACDB -> ACDB_CMD_GET_AUDPROC_COMMON_TABLE
01-01 08:30:44.235 D/ACDB-LOADER(  760): ACDB -> AUDIO_SET_AUDPROC_CAL
01-01 08:30:44.235 D/ACDB-LOADER(  760): ACDB -> send_audvoltable
01-01 08:30:44.235 D/ACDB-LOADER(  760): ACDB -> ACDB_CMD_GET_AUDPROC_GAIN_DEP_STEP_TABLE, vol index 0
01-01 08:30:44.235 D/ACDB-LOADER(  760): ACDB -> AUDIO_SET_VOL_CAL cal type = 12
01-01 08:30:44.235 D/ACDB-LOADER(  760): ACDB -> send_audstrmtable
01-01 08:30:44.235 D/ACDB-LOADER(  760): ACDB -> ACDB_CMD_GET_AUDPROC_STREAM_TABLE_V2
01-01 08:30:44.235 D/ACDB-LOADER(  760): ACDB -> audstrm_cal->cal_type.cal_data.cal_size = 16
01-01 08:30:44.235 D/ACDB-LOADER(  760): ACDB -> send_afe_topology
01-01 08:30:44.235 D/ACDB-LOADER(  760): ACDB -> ACDB_CMD_GET_AFE_TOPOLOGY_ID
01-01 08:30:44.235 D/ACDB-LOADER(  760): ACDB -> GET_AFE_TOPOLOGY_ID for adcd_id 15, Topology Id 1025e
01-01 08:30:44.235 D/ACDB-LOADER(  760): ACDB -> send_afe_cal
01-01 08:30:44.235 D/ACDB-LOADER(  760): ACDB -> ACDB_CMD_GET_AFE_COMMON_TABLE
01-01 08:30:44.235 D/ACDB-LOADER(  760): ACDB -> AUDIO_SET_AFE_CAL
01-01 08:30:44.235 D/ACDB-LOADER(  760): ACDB -> send_hw_delay : acdb_id = 15 path = 0
01-01 08:30:44.235 D/ACDB-LOADER(  760): ACDB -> ACDB_AVSYNC_INFO: ACDB_CMD_GET_DEVICE_PROPERTY
01-01 08:30:44.235 D/audio_hw_primary(  760): enable_audio_route: apply mixer and update path: low-latency-playback
01-01 08:30:44.236 D/audio_hw_primary(  760): select_devices: done
01-01 08:30:44.237 D/msm8974_platform(  760): platform_set_channel_map mixer_ctl_name:Playback Channel Map15
01-01 08:30:44.237 D/msm8974_platform(  760): platform_set_channel_map: set mapping(1 2 0 0 0 0 0 0) for channel:2
01-01 08:30:44.245 E/audio_hw_primary(  760): start_output_stream: pcm_prepare returned -1
01-01 08:30:44.260 D/audio_hw_primary(  760): disable_audio_route: reset and update mixer path: low-latency-playback
01-01 08:30:44.262 D/soundtrigger(  760): audio_extn_sound_trigger_update_stream_status: uc_id 1 of type 0 for Event 2, with Raise=0
01-01 08:30:44.262 D/hardware_info(  760): hw_info_append_hw_type : device_name = speaker
01-01 08:30:44.262 D/audio_hw_primary(  760): disable_snd_device: snd_device(2: speaker)
01-01 08:30:44.262 D/aud_dev_arbi(  760): releaseOneDevice: not sending command, device argument (2) does not match any registered device
01-01 08:30:44.262 D/aud_dev_arbi(  760): releaseOneDevice: device 2 owner is 0
01-01 08:30:44.262 I/soundtrigger(  760): audio_extn_sound_trigger_update_device_status: device 0x2 of type 0 for Event 0, with Raise=0
01-01 08:30:44.263 I/ActivityManager( 1271): Start proc 2542:com.qualcomm.qti.modemtestmode/1000 for broadcast com.qualcomm.qti.modemtestmode/.DefaultReceiver
01-01 08:30:44.265 W/ActivityManager( 1271): Unable to start service Intent { cmp=com.android.email/.service.AttachmentService } U=0: not found
01-01 08:30:44.274 W/ActivityManager( 1271): Unable to start service Intent { cmp=com.android.email/.service.AttachmentService } U=0: not found
01-01 08:30:44.276 E/QcrilMsgTunnelSocket( 2064): IOException - java.io.IOException: No such file or directory Reason: No such file or directory
01-01 08:30:44.276 I/QcrilMsgTunnelSocket( 2064): Couldn't find 'qmux_radio/rild_oem0' socket; retrying after timeout
01-01 08:30:44.279 I/Email   ( 2506): Observing account changes for notifications
01-01 08:30:44.280 W/ActivityManager( 1271): Unable to start service Intent { cmp=com.android.email/.service.AttachmentService } U=0: not found
01-01 08:30:44.284 I/Exchange( 2520): EasService.onCreate
01-01 08:30:44.291 W/ActivityManager( 1271): Unable to start service Intent { cmp=com.android.email/.service.AttachmentService } U=0: not found
01-01 08:30:44.296 I/Exchange( 2520): RestartPingTask
01-01 08:30:44.312 D/audio_hw_primary(  760): out_standby: enter: stream (0xf44f9000) usecase(1: low-latency-playback)
01-01 08:30:44.317 D/audio_hw_primary(  760): start_output_stream: enter: stream(0xf44f9000)usecase(1: low-latency-playback) devices(0x2)
01-01 08:30:44.317 D/audio_hw_primary(  760): select_devices: out_snd_device(2: speaker) in_snd_device(0: )
01-01 08:30:44.317 I/msm8974_platform(  760): platform_check_and_set_codec_backend_cfg: Usecase bitwidth 16, samplerate 48000
01-01 08:30:44.317 I/msm8974_platform(  760): platform_check_and_set_codec_backend_cfg: new_snd_devices[0] is 2
01-01 08:30:44.317 I/msm8974_platform(  760): platform_check_codec_backend_cfg Codec selected backend: 0 current bit width: 16 and sample rate: 48000
01-01 08:30:44.317 D/msm8974_platform(  760): platform_check_codec_backend_cfg: resetting sample_rate back to default, backend_idx: 0
01-01 08:30:44.317 I/msm8974_platform(  760): platform_check_codec_backend_cfg Codec selected backend: 0 updated bit width: 16 and sample rate: 48000
01-01 08:30:44.317 D/hardware_info(  760): hw_info_append_hw_type : device_name = speaker
01-01 08:30:44.317 D/audio_hw_primary(  760): enable_snd_device: snd_device(2: speaker)
01-01 08:30:44.317 I/soundtrigger(  760): audio_extn_sound_trigger_update_device_status: device 0x2 of type 0 for Event 1, with Raise=0
01-01 08:30:44.317 D/aud_dev_arbi(  760): acquireOneDevice: device owner for device 2 is 1
01-01 08:30:44.317 I/audio_hw_primary(  760): select_devices Selected apptype: 69937
01-01 08:30:44.317 D/soundtrigger(  760): audio_extn_sound_trigger_update_stream_status: uc_id 1 of type 0 for Event 3, with Raise=0
01-01 08:30:44.317 I/audio_hw_utils(  760): audio_extn_utils_send_app_type_cfg PLAYBACK app_type 69937, acdb_dev_id 15, sample_rate 48000
01-01 08:30:44.317 D/ACDB-LOADER(  760): ACDB -> send_audio_cal, acdb_id = 15, path = 0, app id = 0x11131, sample rate = 48000
01-01 08:30:44.317 D/ACDB-LOADER(  760): ACDB -> send_asm_topology
01-01 08:30:44.317 D/ACDB-LOADER(  760): ACDB -> ACDB_CMD_GET_AUDPROC_STREAM_TOPOLOGY_ID
01-01 08:30:44.317 D/ACDB-LOADER(  760): ACDB -> send_adm_topology
01-01 08:30:44.317 D/ACDB-LOADER(  760): ACDB -> ACDB_CMD_GET_AUDPROC_COMMON_TOPOLOGY_ID
01-01 08:30:44.317 D/ACDB-LOADER(  760): ACDB -> send_audtable
01-01 08:30:44.318 D/ACDB-LOADER(  760): ACDB -> ACDB_CMD_GET_AUDPROC_COMMON_TABLE_SIZE
01-01 08:30:44.318 D/ACDB-LOADER(  760): ACDB -> ACDB_CMD_GET_AUDPROC_COMMON_TABLE
01-01 08:30:44.318 D/ACDB-LOADER(  760): ACDB -> AUDIO_SET_AUDPROC_CAL
01-01 08:30:44.318 D/ACDB-LOADER(  760): ACDB -> send_audvoltable
01-01 08:30:44.318 D/ACDB-LOADER(  760): ACDB -> ACDB_CMD_GET_AUDPROC_GAIN_DEP_STEP_TABLE, vol index 0
01-01 08:30:44.318 D/ACDB-LOADER(  760): ACDB -> AUDIO_SET_VOL_CAL cal type = 12
01-01 08:30:44.318 D/ACDB-LOADER(  760): ACDB -> send_audstrmtable
01-01 08:30:44.318 D/ACDB-LOADER(  760): ACDB -> ACDB_CMD_GET_AUDPROC_STREAM_TABLE_V2
01-01 08:30:44.318 D/ACDB-LOADER(  760): ACDB -> audstrm_cal->cal_type.cal_data.cal_size = 16
01-01 08:30:44.318 D/ACDB-LOADER(  760): ACDB -> send_afe_topology
01-01 08:30:44.318 D/ACDB-LOADER(  760): ACDB -> ACDB_CMD_GET_AFE_TOPOLOGY_ID
01-01 08:30:44.318 D/ACDB-LOADER(  760): ACDB -> GET_AFE_TOPOLOGY_ID for adcd_id 15, Topology Id 1025e
01-01 08:30:44.318 D/ACDB-LOADER(  760): ACDB -> send_afe_cal
01-01 08:30:44.318 D/ACDB-LOADER(  760): ACDB -> ACDB_CMD_GET_AFE_COMMON_TABLE
01-01 08:30:44.318 D/ACDB-LOADER(  760): ACDB -> AUDIO_SET_AFE_CAL
01-01 08:30:44.318 D/ACDB-LOADER(  760): ACDB -> send_hw_delay : acdb_id = 15 path = 0
01-01 08:30:44.318 D/ACDB-LOADER(  760): ACDB -> ACDB_AVSYNC_INFO: ACDB_CMD_GET_DEVICE_PROPERTY
01-01 08:30:44.318 D/audio_hw_primary(  760): enable_audio_route: apply mixer and update path: low-latency-playback
01-01 08:30:44.318 E/ANDR-PERF-RESOURCEQS( 2354): Failed to apply optimization [4, 0]
01-01 08:30:44.319 D/audio_hw_primary(  760): select_devices: done
01-01 08:30:44.320 D/msm8974_platform(  760): platform_set_channel_map mixer_ctl_name:Playback Channel Map15
01-01 08:30:44.320 D/msm8974_platform(  760): platform_set_channel_map: set mapping(1 2 0 0 0 0 0 0) for channel:2
01-01 08:30:44.320 I/Exchange( 2520): RestartPingsTask did not start any pings.
01-01 08:30