01-01 08:30:42.246 I/msm8974_platform(  760): platform_check_codec_backend_cfg Codec selected backend: 0 current bit width: 16 and sample rate: 48000
01-01 08:30:42.246 D/msm8974_platform(  760): platform_check_codec_backend_cfg: resetting sample_rate back to default, backend_idx: 0
01-01 08:30:42.246 I/msm8974_platform(  760): platform_check_codec_backend_cfg Codec selected backend: 0 updated bit width: 16 and sample rate: 48000
01-01 08:30:42.246 D/hardware_info(  760): hw_info_append_hw_type : device_name = speaker
01-01 08:30:42.246 D/audio_hw_primary(  760): enable_snd_device: snd_device(2: speaker)
01-01 08:30:42.246 I/soundtrigger(  760): audio_extn_sound_trigger_update_device_status: device 0x2 of type 0 for Event 1, with Raise=0
01-01 08:30:42.246 D/aud_dev_arbi(  760): acquireOneDevice: device owner for device 2 is 1
01-01 08:30:42.246 I/audio_hw_primary(  760): select_devices Selected apptype: 69937
01-01 08:30:42.246 D/soundtrigger(  760): audio_extn_sound_trigger_update_stream_status: uc_id 1 of type 0 for Event 3, with Raise=0
01-01 08:30:42.246 I/audio_hw_utils(  760): audio_extn_utils_send_app_type_cfg PLAYBACK app_type 69937, acdb_dev_id 15, sample_rate 48000
01-01 08:30:42.247 D/ACDB-LOADER(  760): ACDB -> send_audio_cal, acdb_id = 15, path = 0, app id = 0x11131, sample rate = 48000
01-01 08:30:42.247 D/ACDB-LOADER(  760): ACDB -> send_asm_topology
01-01 08:30:42.247 D/ACDB-LOADER(  760): ACDB -> ACDB_CMD_GET_AUDPROC_STREAM_TOPOLOGY_ID
01-01 08:30:42.247 D/ACDB-LOADER(  760): ACDB -> send_adm_topology
01-01 08:30:42.247 D/ACDB-LOADER(  760): ACDB -> ACDB_CMD_GET_AUDPROC_COMMON_TOPOLOGY_ID
01-01 08:30:42.247 D/ACDB-LOADER(  760): ACDB -> send_audtable
01-01 08:30:42.247 D/ACDB-LOADER(  760): ACDB -> ACDB_CMD_GET_AUDPROC_COMMON_TABLE_SIZE
01-01 08:30:42.247 D/ACDB-LOADER(  760): ACDB -> ACDB_CMD_GET_AUDPROC_COMMON_TABLE
01-01 08:30:42.247 D/ACDB-LOADER(  760): ACDB -> AUDIO_SET_AUDPROC_CAL
01-01 08:30:42.247 D/ACDB-LOADER(  760): ACDB -> send_audvoltable
01-01 08:30:42.247 D/ACDB-LOADER(  760): ACDB -> ACDB_CMD_GET_AUDPROC_GAIN_DEP_STEP_TABLE, vol index 0
01-01 08:30:42.247 D/ACDB-LOADER(  760): ACDB -> AUDIO_SET_VOL_CAL cal type = 12
01-01 08:30:42.247 D/ACDB-LOADER(  760): ACDB -> send_audstrmtable
01-01 08:30:42.247 D/ACDB-LOADER(  760): ACDB -> ACDB_CMD_GET_AUDPROC_STREAM_TABLE_V2
01-01 08:30:42.247 D/ACDB-LOADER(  760): ACDB -> audstrm_cal->cal_type.cal_data.cal_size = 16
01-01 08:30:42.247 D/ACDB-LOADER(  760): ACDB -> send_afe_topology
01-01 08:30:42.247 D/ACDB-LOADER(  760): ACDB -> ACDB_CMD_GET_AFE_TOPOLOGY_ID
01-01 08:30:42.247 D/ACDB-LOADER(  760): ACDB -> GET_AFE_TOPOLOGY_ID for adcd_id 15, Topology Id 1025e
01-01 08:30:42.247 D/ACDB-LOADER(  760): ACDB -> send_afe_cal
01-01 08:30:42.247 D/ACDB-LOADER(  760): ACDB -> ACDB_CMD_GET_AFE_COMMON_TABLE
01-01 08:30:42.247 D/ACDB-LOADER(  760): ACDB -> AUDIO_SET_AFE_CAL
01-01 08:30:42.247 D/ACDB-LOADER(  760): ACDB -> send_hw_delay : acdb_id = 15 path = 0
01-01 08:30:42.247 D/ACDB-LOADER(  760): ACDB -> ACDB_AVSYNC_INFO: ACDB_CMD_GET_DEVICE_PROPERTY
01-01 08:30:42.247 D/audio_hw_primary(  760): enable_audio_route: apply mixer and update path: low-latency-playback
01-01 08:30:42.248 D/audio_hw_primary(  760): select_devices: done
01-01 08:30:42.249 D/msm8974_platform(  760): platform_set_channel_map mixer_ctl_name:Playback Channel Map15
01-01 08:30:42.249 D/msm8974_platform(  760): platform_set_channel_map: set mapping(1 2 0 0 0 0 0 0) for channel:2
01-01 08:30:42.256 E/audio_hw_primary(  760): start_output_stream: pcm_prepare returned -1
01-01 08:30:42.270 E/audio_hw_extn(  760): audio_extn_perf_lock_release: Perf lock release error 
01-01 08:30:42.270 D/audio_hw_primary(  760): disable_audio_route: reset and update mixer path: low-latency-playback
01-01 08:30:42.271 D/soundtrigger(  760): audio_extn_sound_trigger_update_stream_status: uc_id 1 of type 0 for Event 2, with Raise=0
01-01 08:30:42.271 D/hardware_info(  760): hw_info_append_hw_type : device_name = speaker
01-01 08:30:42.271 D/audio_hw_primary(  760): disable_snd_device: snd_device(2: speaker)
01-01 08:30:42.271 D/aud_dev_arbi(  760): releaseOneDevice: not sending command, device argument (2) does not match any registered device
01-01 08:30:42.271 D/aud_dev_arbi(  760): releaseOneDevice: device 2 owner is 0
01-01 08:30:42.271 I/soundtrigger(  760): audio_extn_sound_trigger_update_device_status: device 0x2 of type 0 for Event 0, with Raise=0
01-01 17:00:37.564 W/chown   ( 2261): type=1400 audit(0.0:5): avc: denied { getattr } for path="/data/usf/proximity/cmd" dev="dm-0" ino=852017 scontext=u:r:qti_init_shell:s0 tcontext=u:object_r:usf_data_file:s0 tclass=fifo_file permissive=0
01-01 08:30:42.321 D/audio_hw_primary(  760): out_standby: enter: stream (0xf44f9000) usecase(1: low-latency-playback)
01-01 08:30:42.327 D/audio_hw_primary(  760): out_set_parameters: enter: usecase(1: low-latency-playback) kvpairs: routing=2
01-01 08:30:42.327 D/audio_hw_extn(  760): audio_extn_set_anc_parameters: anc_enabled:0
01-01 08:30:42.327 D/audio_hw_spkr_prot(  760): audio_extn_fbsp_set_parameters: Speaker protection disabled
01-01 08:30:42.328 D/audio_hw_primary(  760): start_output_stream: enter: stream(0xf44f9000)usecase(1: low-latency-playback) devices(0x2)
01-01 08:30:42.329 E/audio_hw_extn(  760): audio_extn_perf_lock_acquire: Failed to acquire perf lock, err: -1
01-01 08:30:42.329 D/audio_hw_primary(  760): select_devices: out_snd_device(2: speaker) in_snd_device(0: )
01-01 08:30:42.329 I/msm8974_platform(  760): platform_check_and_set_codec_backend_cfg: Usecase bitwidth 16, samplerate 48000
01-01 08:30:42.329 I/msm8974_platform(  760): platform_check_and_set_codec_backend_cfg: new_snd_devices[0] is 2
01-01 08:30:42.329 I/msm8974_platform(  760): platform_check_codec_backend_cfg Codec selected backend: 0 current bit width: 16 and sample rate: 48000
01-01 08:30:42.329 D/msm8974_platform(  760): platform_check_codec_backend_cfg: resetting sample_rate back to default, backend_idx: 0
01-01 08:30:42.329 I/msm8974_platform(  760): platform_check_codec_backend_cfg Codec selected backend: 0 updated bit width: 16 and sample rate: 48000
01-01 08:30:42.329 D/hardware_info(  760): hw_info_append_hw_type : device_name = speaker
01-01 08:30:42.329 D/audio_hw_primary(  760): enable_snd_device: snd_device(2: speaker)
01-01 08:30:42.329 I/soundtrigger(  760): audio_extn_sound_trigger_update_device_status: device 0x2 of type 0 for Event 1, with Raise=0
01-01 08:30:42.329 D/aud_dev_arbi(  760): acquireOneDevice: device owner for device 2 is 1
01-01 08:30:42.329 I/audio_hw_primary(  760): select_devices Selected apptype: 69937
01-01 08:30:42.329 D/soundtrigger(  760): audio_extn_sound_trigger_update_stream_status: uc_id 1 of type 0 for Event 3, with Raise=0
01-01 08:30:42.329 I/audio_hw_utils(  760): audio_extn_utils_send_app_type_cfg PLAYBACK app_type 69937, acdb_dev_id 15, sample_rate 48000
01-01 08:30:42.330 D/ACDB-LOADER(  760): ACDB -> send_audio_cal, acdb_id = 15, path = 0, app id = 0x11131, sample rate = 48000
01-01 08:30:42.330 D/ACDB-LOADER(  760): ACDB -> send_asm_topology
01-01 08:30:42.330 D/ACDB-LOADER(  760): ACDB -> ACDB_CMD_GET_AUDPROC_STREAM_TOPOLOGY_ID
01-01 08:30:42.330 D/ACDB-LOADER(  760): ACDB -> send_adm_topology
01-01 08:30:42.330 D/ACDB-LOADER(  760): ACDB -> ACDB_CMD_GET_AUDPROC_COMMON_TOPOLOGY_ID
01-01 08:30:42.330 D/ACDB-LOADER(  760): ACDB -> send_audtable
01-01 08:30:42.330 D/ACDB-LOADER(  760): ACDB -> ACDB_CMD_GET_AUDPROC_COMMON_TABLE_SIZE
01-01 08:30:42.330 D/ACDB-LOADER(  760): ACDB -> ACDB_CMD_GET_AUDPROC_COMMON_TABLE
01-01 08:30:42.330 D/ACDB-LOADER(  760): ACDB -> AUDIO_SET_AUDPROC_CAL
01-01 08:30:42.330 D/ACDB-LOADER(  760): ACDB -> send_audvoltable
01-01 08:30:42.330 D/ACDB-LOADER(  760): ACDB -> ACDB_CMD_GET_AUDPROC_GAIN_DEP_STEP_TABLE, vol index 0
01-01 08:30:42.330 D/ACDB-LOADER(  760): ACDB -> AUDIO_SET_VOL_CAL cal type = 12
01-01 08:30:42.330 D/ACDB-LOADER(  760): ACDB -> send_audstrmtable
01-01 08:30:42.330 D/ACDB-LOADER(  760): ACDB -> ACDB_CMD_GET_AUDPROC_STREAM_TABLE_V2
01-01 08:30:42.330 D/ACDB-LOADER(  760): ACDB -> audstrm_cal->cal_type.cal_data.cal_size = 16
01-01 08:30:42.330 D/ACDB-LOADER(  760): ACDB -> send_afe_topology
01-01 08:30:42.330 D/ACDB-LOADER(  760): ACDB -> ACDB_CMD_GET_AFE_TOPOLOGY_ID
01-01 08:30:42.330 D/ACDB-LOADER(  760): ACDB -> GET_AFE_TOPOLOGY_ID for adcd_id 15, Topology Id 1025e
01-01 08:30:42.330 D/ACDB-LOADER(  760): ACDB -> send_afe_cal
01-01 08:30:42.330 D/ACDB-LOADER(  760): ACDB -> ACDB_CMD_GET_AFE_COMMON_TABLE
01-01 08:30:42.331 D/ACDB-LOADER(  760): ACDB -> AUDIO_SET_AFE_CAL
01-01 08:30:42.331 D/ACDB-LOADER(  760): ACDB -> send_hw_delay : acdb_id = 15 path = 0
01-01 08:30:42.331 D/ACDB-LOADER(  760): ACDB -> ACDB_AVSYNC_INFO: ACDB_CMD_GET_DEVICE_PROPERTY
01-01 08:30:42.331 D/audio_hw_primary(  760): enable_audio_route: apply mixer and update path: low-latency-playback
01-01 08:30:42.333 D/audio_hw_primary(  760): select_devices: done
01-01 08:30:42.334 D/msm8974_platform(  760): platform_set_channel_map mixer_ctl_name:Playback Channel Map15
01-01 08:30:42.334 D/msm8974_platform(  760): platform_set_channel_map: set mapping(1 2 0 0 0 0 0 0) for channel:2
01-01 08:30:42.341 E/audio_hw_primary(  760): start_output_stream: pcm_prepare returned -1
01-01 08:30:42.349 I/SystemServiceManager( 1271): Starting phase 1000
01-01 08:30:42.372 E/audio_hw_extn(  760): audio_extn_perf_lock_release: Perf lock release error 
01-01 08:30:42.372 D/audio_hw_primary(  760): disable_audio_route: reset and update mixer path: low-latency-playback
01-01 08:30:42.381 D/soundtrigger(  760): audio_extn_sound_trigger_update_stream_status: uc_id 1 of type 0 for Event 2, with Raise=0
01-01 08:30:42.381 D/hardware_info(  760): hw_info_append_hw_type : device_name = speaker
01-01 08:30:42.381 D/audio_hw_primary(  760): disable_snd_device: snd_device(2: speaker)
01-01 08:30:42.381 D/aud_dev_arbi(  760): releaseOneDevice: not sending command, device argument (2) does not match any registered device
01-01 08:30:42.381 D/aud_dev_arbi(  760): releaseOneDevice: device 2 owner is 0
01-01 08:30:42.381 I/soundtrigger(  760): audio_extn_sound_trigger_update_device_status: device 0x2 of type 0 for Event 0, with Raise=0
01-01 08:30:42.386 I/ActivityManager( 1271): Start proc 2282:com.android.keychain/1000 for service com.android.keychain/.KeyChainService
01-01 08:30:42.390 I/RecoverySystem( 1271): No recovery log file
01-01 08:30:42.409 W/ContextImpl( 1885): Calling a method in the system process without a qualified user: android.app.ContextImpl.startService:1221 android.content.ContextWrapper.startService:581 android.content.ContextWrapper.startService:581 com.qualcomm.qti.services.secureui.BootReceiver.onReceive:30 android.app.ActivityThread.handleReceiver:2725 
01-01 08:30:42.427 I/BootReceiver( 1271): Copying audit failures to DropBox
01-01 08:30:42.428 I/BootReceiver( 1271): Checking for fsck errors
01-01 08:30:42.431 D/audio_hw_primary(  760): out_standby: enter: stream (0xf44f9000) usecase(1: low-latency-playback)
01-01 08:30:42.444 D/audio_hw_primary(  760): start_output_stream: enter: stream(0xf44f9000)usecase(1: low-latency-playback) devices(0x2)
01-01 08:30:42.444 E/audio_hw_extn(  760): audio_extn_perf_lock_acquire: Failed to acquire perf lock, err: -1
01-01 08:30:42.444 D/audio_hw_primary(  760): select_devices: out_snd_device(2: speaker) in_snd_device(0: )
01-01 08:30:42.444 I/msm8974_platform(  760): platform_check_and_set_codec_backend_cfg: Usecase bitwidth 16, samplerate 48000
01-01 08:30:42.444 I/msm8974_platform(  760): platform_check_and_set_codec_backend_cfg: new_snd_devices[0] is 2
01-01 08:30:42.444 I/msm8974_platform(  760): platform_check_codec_backend_cfg Codec selected backend: 0 current bit width: 16 and sample rate: 48000
01-01 08:30:42.444 D/msm8974_platform(  760): platform_check_codec_backend_cfg: resetting sample_rate back to default, backend_idx: 0
01-01 08:30:42.444 I/msm8974_platform(  760): platform_check_codec_backend_cfg Codec selected backend: 0 updated bit width: 16 and sample rate: 48000
01-01 08:30:42.444 D/hardware_info(  760): hw_info_append_hw_type : device_name = speaker
01-01 08:30:42.444 D/audio_hw_primary(  760): enable_snd_device: snd_device(2: speaker)
01-01 08:30:42.444 I/soundtrigger(  760): audio_extn_sound_trigger_update_device_status: device 0x2 of type 0 for Event 1, with Raise=0
01-01 08:30:42.444 D/aud_dev_arbi(  760): acquireOneDevice: device owner for device 2 is 1
01-01 08:30:42.444 I/audio_hw_primary(  760): select_devices Selected apptype: 69937
01-01 08:30:42.444 D/soundtrigger(  760): audio_extn_sound_trigger_update_stream_status: uc_id 1 of type 0 for Event 3, with Raise=0
01-01 08:30:42.444 I/audio_hw_utils(  760): audio_extn_utils_send_app_type_cfg PLAYBACK app_type 69937, acdb_dev_id 15, sample_rate 48000
01-01 08:30:42.444 D/ACDB-LOADER(  760): ACDB -> send_audio_cal, acdb_id = 15, path = 0, app id = 0x11131, sample rate = 48000
01-01 08:30:42.444 D/ACDB-LOADER(  760): ACDB -> send_asm_topology
01-01 08:30:42.444 D/ACDB-LOADER(  760): ACDB -> ACDB_CMD_GET_AUDPROC_STREAM_TOPOLOGY_ID
01-01 08:30:42.444 D/ACDB-LOADER(  760): ACDB -> send_adm_topology
01-01 08:30:42.444 D/ACDB-LOADER(  760): ACDB -> ACDB_CMD_GET_AUDPROC_COMMON_TOPOLOGY_ID
01-01 08:30:42.445 D/ACDB-LOADER(  760): ACDB -> send_audtable
01-01 08:30:42.445 D/ACDB-LOADER(  760): ACDB -> ACDB_CMD_GET_AUDPROC_COMMON_TABLE_SIZE
01-01 08:30:42.445 D/ACDB-LOADER(  760): ACDB -> ACDB_CMD_GET_AUDPROC_COMMON_TABLE
01-01 08:30:42.445 D/ACDB-LOADER(  760): ACDB -> AUDIO_SET_AUDPROC_CAL
01-01 08:30:42.445 D/ACDB-LOADER(  760): ACDB -> send_audvoltable
01-01 08:30:42.445 D/ACDB-LOADER(  760): ACDB -> ACDB_CMD_GET_AUDPROC_GAIN_DEP_STEP_TABLE, vol index 0
01-01 08:30:42.445 D/ACDB-LOADER(  760): ACDB -> AUDIO_SET_VOL_CAL cal type = 12
01-01 08:30:42.445 D/ACDB-LOADER(  760): ACDB -> send_audstrmtable
01-01 08:30:42.445 D/ACDB-LOADER(  760): ACDB -> ACDB_CMD_GET_AUDPROC_STREAM_TABLE_V2
01-01 08:30:42.445 D/ACDB-LOADER(  760): ACDB -> audstrm_cal->cal_type.cal_data.cal_size = 16
01-01 08:30:42.445 D/ACDB-LOADER(  760): ACDB -> send_afe_topology
01-01 08:30:42.445 D/ACDB-LOADER(  760): ACDB -> ACDB_CMD_GET_AFE_TOPOLOGY_ID
01-01 08:30:42.445 D/ACDB-LOADER(  760): ACDB -> GET_AFE_TOPOLOGY_ID for adcd_id 15, Topology Id 1025e
01-01 08:30:42.445 D/ACDB-LOADER(  760): ACDB -> send_afe_cal
01-01 08:30:42.445 D/ACDB-LOADER(  760): ACDB -> ACDB_CMD_GET_AFE_COMMON_TABLE
01-01 08:30:42.445 D/ACDB-LOADER(  760): ACDB -> AUDIO_SET_AFE_CAL
01-01 08:30:42.445 D/ACDB-LOADER(  760): ACDB -> send_hw_delay : acdb_id = 15 path = 0
01-01 08:30:42.445 D/ACDB-LOADER(  760): ACDB -> ACDB_AVSYNC_INFO: ACDB_CMD_GET_DEVICE_PROPERTY
01-01 08:30:42.445 D/audio_hw_primary(  760): enable_audio_route: apply mixer and update path: low-latency-playback
01-01 08:30:42.448 D/audio_hw_primary(  760): select_devices: done
01-01 08:30:42.449 D/msm8974_platform(  760): platform_set_channel_map mixer_ctl_name:Playback Channel Map15
01-01 08:30:42.449 D/msm8974_platform(  760): platform_set_channel_map: set mapping(1 2 0 0 0 0 0 0) for channel:2
01-01 08:30:42.456 E/audio_hw_primary(  760): start_output_stream: pcm_prepare returned -1
01-01 08:30:42.457 I/ActivityManager( 1271): Start proc 2304:com.android.dialer/u0a21 for broadcast com.android.dialer/.calllog.CallLogReceiver
01-01 08:30:42.471 E/audio_hw_extn(  760): audio_extn_perf_lock_release: Perf lock release error 
01-01 08:30:42.471 D/audio_hw_primary(  760): disable_audio_route: reset and update mixer path: low-latency-playback
01-01 08:30:42.471 D/soundtrigger(  760): audio_extn_sound_trigger_update_stream_status: uc_id 1 of type 0 for Event 2, with Raise=0
01-01 08:30:42.471 D/hardware_info(  760): hw_info_append_hw_type : device_name = speaker
01-01 08:30:42.471 D/audio_hw_primary(  760): disable_snd_device: snd_device(2: speaker)
01-01 08:30:42.472 D/aud_dev_arbi(  760): releaseOneDevice: not sending command, device argument (2) does not match any registered device
01-01 08:30:42.472 D/aud_dev_arbi(  760): releaseOneDevice: device 2 owner is 0
01-01 08:30:42.472 I/soundtrigger(  760): audio_extn_sound_trigger_update_device_status: device 0x2 of type 0 for Event 0, with Raise=0
01-01 08:30:42.489 D/SecUISvc( 1885): Service started flags 0 startId 1
01-01 08:30:42.491 D/SecUISvc( 1885): Thread created.
01-01 08:30:42.494 D/SecUISvc.WfdReceiver( 1885): WfdReceiver(), wfdActive=false
01-01 08:30:42.509 E/BatteryService( 1271): cyw------updateLightsLocked--------
01-01 08:30:42.515 W/System  ( 2282): ClassLoader referenced unknown path: /system/app/KeyChain/lib/arm64
01-01 08:30:42.522 D/audio_hw_primary(  760): out_standby: enter: stream (0xf44f9000) usecase(1: low-latency-playback)
01-01 08:30:42.523 E/KernelUidCpuTimeReader( 1271): Failed to read uid_cputime: /proc/uid_cputime/show_uid_stat: open failed: ENOENT (No such file or directory)
01-01 08:30:42.526 E/KernelUidCpuTimeReader( 1271): Failed to read uid_cputime: /proc/uid_cputime/show_uid_stat: open failed: ENOENT (No such file or directory)
01-01 08:30:42.526 D/audio_hw_primary(  760): start_output_stream: enter: stream(0xf44f9000)usecase(1: low-latency-playback) devices(0x2)
01-01 08:30:42.526 E/audio_hw_extn(  760): audio_extn_perf_lock_acquire: Failed to acquire perf lock, err: -1
01-01 08:30:42.526 D/audio_hw_primary(  760): select_devices: out_snd_device(2: speaker) in_snd_device(0: )
01-01 08:30:42.526 I/msm8974_platform(  760): platform_check_and_set_codec_backend_cfg: Usecase bitwidth 16, samplerate 48000
01-01 08:30:42.526 I/msm8974_platform(  760): platform_check_and_set_codec_backend_cfg: new_snd_devices[0] is 2
01-01 08:30:42.526 I/msm8974_platform(  760): platform_check_codec_backend_cfg Codec selected backend: 0 current bit width: 16 and sample rate: 48000
01-01 08:30:42.526 D/msm8974_platform(  760): platform_check_codec_backend_cfg: resetting sample_rate back to default, backend_idx: 0
01-01 08:30:42.526 I/msm8974_platform(  760): platform_check_codec_backend_cfg Codec selected backend: 0 updated bit width: 16 and sample rate: 48000
01-01 08:30:42.526 D/hardware_info(  760): hw_info_append_hw_type : device_name = speaker
01-01 08:30:42.526 D/audio_hw_primary(  760): enable_snd_device: snd_device(2: speaker)
01-01 08:30:42.526 I/soundtrigger(  760): audio_extn_sound_trigger_update_device_status: device 0x2 of type 0 for Event 1, with Raise=0
01-01 08:30:42.526 D/aud_dev_arbi(  760): acquireOneDevice: device owner for device 2 is 1
01-01 08:30:42.526 I/audio_hw_primary(  760): select_devices Selected apptype: 69937
01-01 08:30:42.526 D/soundtrigger(  760): audio_extn_sound_trigger_update_stream_status: uc_id 1 of type 0 for Event 3, with Raise=0
01-01 08:30:42.526 I/audio_hw_utils(  760): audio_extn_utils_send_app_type_cfg PLAYBACK app_type 69937, acdb_dev_id 15, sample_rate 48000
01-01 08:30:42.527 D/ACDB-LOADER(  760): ACDB -> send_audio_cal, acdb_id = 15, path = 0, app id = 0x11131, sample rate = 48000
01-01 08:30:42.527 D/ACDB-LOADER(  760): ACDB -> send_asm_topology
01-01 08:30:42.527 D/ACDB-LOADER(  760): ACDB -> ACDB_CMD_GET_AUDPROC_STREAM_TOPOLOGY_ID
01-01 08:30:42.527 D/ACDB-LOADER(  760): ACDB -> send_adm_topology
01-01 08:30:42.527 D/ACDB-LOADER(  760): ACDB -> ACDB_CMD_GET_AUDPROC_COMMON_TOPOLOGY_ID
01-01 08:30:42.527 D/ACDB-LOADER(  760): ACDB -> send_audtable
01-01 08:30:42.527 D/ACDB-LOADER(  760): ACDB -> ACDB_CMD_GET_AUDPROC_COMMON_TABLE_SIZE
01-01 08:30:42.527 D/ACDB-LOADER(  760): ACDB -> ACDB_CMD_GET_AUDPROC_COMMON_TABLE
01-01 08:30:42.527 D/ACDB-LOADER(  760): ACDB -> AUDIO_SET_AUDPROC_CAL
01-01 08:30:42.527 D/ACDB-LOADER(  760): ACDB -> send_audvoltable
01-01 08:30:42.527 D/ACDB-LOADER(  760): ACDB -> ACDB_CMD_GET_AUDPROC_GAIN_DEP_STEP_TABLE, vol index 0
01-01 08:30:42.527 D/ACDB-LOADER(  760): ACDB -> AUDIO_SET_VOL_CAL cal type = 12
01-01 08:30:42.527 D/ACDB-LOADER(  760): ACDB -> send_audstrmtable
01-01 08:30:42.527 D/ACDB-LOADER(  760): ACDB -> ACDB_CMD_GET_AUDPROC_STREAM_TABLE_V2
01-01 08:30:42.527 D/ACDB-LOADER(  760): ACDB -> audstrm_cal->cal_type.cal_data.cal_size = 16
01-01 08:30:42.527 D/ACDB-LOADER(  760): ACDB -> send_afe_topology
01-01 08:30:42.527 D/ACDB-LOADER(  760): ACDB -> ACDB_CMD_GET_AFE_TOPOLOGY_ID
01-01 08:30:42.527 D/ACDB-LOADER(  760): ACDB -> GET_AFE_TOPOLOGY_ID for adcd_id 15, Topology Id 1025e
01-01 08:30:42.527 D/ACDB-LOADER(  760): ACDB -> send_afe_cal
01-01 08:30:42.527 D/ACDB-LOADER(  760): ACDB -> ACDB_CMD_GET_AFE_COMMON_TABLE
01-01 08:30:42.527 D/ACDB-LOADER(  760): ACDB -> AUDIO_SET_AFE_CAL
01-01 08:30:42.527 D/ACDB-LOADER(  760): ACDB -> send_hw_delay : acdb_id = 15 path = 0
01-01 08:30:42.527 D/ACDB-LOADER(  760): ACDB -> ACDB_AVSYNC_INFO: ACDB_CMD_GET_DEVICE_PROPERTY
01-01 08:30:42.527 D/audio_hw_primary(  760): enable_audio_route: apply mixer and update path: low-latency-playback
01-01 08:30:42.541 D/audio_hw_primary(  760): select_devices: done
01-01 08:30:42.542 D/msm8974_platform(  760): platform_set_channel_map mixer_ctl_name:Playback Channel Map15
01-01 08:30:42.542 D/msm8974_platform(  760): platform_set_channel_map: set mapping(1 2 0 0 0 0 0 0) for channel:2
01-01 08:30:42.549 E/audio_hw_primary(  760): start_output_stream: pcm_prepare returned -1
01-01 08:30:42.578 W/ProcessCpuTracker( 1271): Skipping unknown process pid 2329
01-01 08:30:42.584 E/audio_hw_extn(  760): audio_extn_perf_lock_release: Perf lock release error 
01-01 08:30:42.584 D/audio_hw_primary(  760): disable_audio_route: reset and update mixer path: low-latency-playback
01-01 08:30:42.587 D/soundtrigger(  760): audio_extn_sound_trigger_update_stream_status: uc_id 1 of type 0 for Event 2, with Raise=0
01-01 08:30:42.587 D/hardware_info(  760): hw_info_append_hw_type : device_name = speaker
01-01 08:30:42.587 D/audio_hw_primary(  760): disable_snd_device: snd_device(2: speaker)
01-01 08:30:42.587 D/aud_dev_arbi(  760): releaseOneDevice: not sending command, device argument (2) does not match any registered device
01-01 08:30:42.587 D/aud_dev_arbi(  760): releaseOneDevice: device 2 owner is 0
01-01 08:30:42.587 I/soundtrigger(  760): audio_extn_sound_trigger_update_device_status: device 0x2 of type 0 for Event 0, with Raise=0
01-01 08:30:42.637 D/audio_hw_primary(  760): out_standby: enter: stream (0xf44f9000) usecase(1: low-latency-playback)
01-01 08:30:42.641 D/audio_hw_primary(  760): start_output_stream: enter: stream(0xf44f9000)usecase(1: low-latency-playback) devices(0x2)
01-01 08:30:42.642 E/audio_hw_extn(  760): audio_extn_perf_lock_acquire: Failed to acquire perf lock, err: -1
01-01 08:30:42.642 D/audio_hw_primary(  760): select_devices: out_snd_device(2: speaker) in_snd_device(0: )
01-01 08:30:42.642 I/msm8974_platform(  760): platform_check_and_set_codec_backend_cfg: Usecase bitwidth 16, samplerate 48000
01-01 08:30:42.642 I/msm8974_platform(  760): platform_check_and_set_codec_backend_cfg: new_snd_devices[0] is 2
01-01 08:30:42.642 I/msm8974_platform(  760): platform_check_codec_backend_cfg Codec selected backend: 0 current bit width: 16 and sample rate: 48000
01-01 08:30:42.642 D/msm8974_platform(  760): platform_check_codec_backend_cfg: resetting sample_rate back to default, backend_idx: 0
01-01 08:30:42.642 I/msm8974_platform(  760): platform_check_codec_backend_cfg Codec selected backend: 0 updated bit width: 16 and sample rate: 48000
01-01 08:30:42.642 D/hardware_info(  760): hw_info_append_hw_type : device_name = speaker
01-01 08:30:42.642 D/audio_hw_primary(  760): enable_snd_device: snd_device(2: speaker)
01-01 08:30:42.642 I/soundtrigger(  760): audio_extn_sound_trigger_update_device_status: device 0x2 of type 0 for Event 1, with Raise=0
01-01 08:30:42.642 D/aud_dev_arbi(  760): acquireOneDevice: device owner for device 2 is 1
01-01 08:30:42.642 I/audio_hw_primary(  760): select_devices Selected apptype: 69937
01-01 08:30:42.642 D/soundtrigger(  760): audio_extn_sound_trigger_update_stream_status: uc_id 1 of type 0 for Event 3, with Raise=0
01-01 08:30:42.642 I/audio_hw_utils(  760): audio_extn_utils_send_app_type_cfg PLAYBACK app_type 69937, acdb_dev_id 15, sample_rate 48000
01-01 08:30:42.642 D/ACDB-LOADER(  760): ACDB -> send_audio_cal, acdb_id = 15, path = 0, app id = 0x11131, sample rate = 48000
01-01 08:30:42.642 D/ACDB-LOADER(  760): ACDB -> send_asm_topology
01-01 08:30:42.642 D/ACDB-LOADER(  760): ACDB -> ACDB_CMD_GET_AUDPROC_STREAM_TOPOLOGY_ID
01-01 08:30:42.642 D/ACDB-LOADER(  760): ACDB -> send_adm_topology
01-01 08:30:42.642 D/ACDB-LOADER(  760): ACDB -> ACDB_CMD_GET_AUDPROC_COMMON_TOPOLOGY_ID
01-01 08:30:42.642 D/ACDB-LOADER(  760): ACDB -> send_audtable
01-01 08:30:42.642 D/ACDB-LOADER(  760): ACDB -> ACDB_CMD_GET_AUDPROC_COMMON_TABLE_SIZE
01-01 08:30:42.642 D/ACDB-LOADER(  760): ACDB -> ACDB_CMD_GET_AUDPROC_COMMON_TABLE
01-01 08:30:42.642 D/ACDB-LOADER(  760): ACDB -> AUDIO_SET_AUDPROC_CAL
01-01 08:30:42.643 D/ACDB-LOADER(  760): ACDB -> send_audvoltable
01-01 08:30:42.643 D/ACDB-LOADER(  760): ACDB -> ACDB_CMD_GET_AUDPROC_GAIN_DEP_STEP_TABLE, vol index 0
01-01 08:30:42.643 D/ACDB-LOADER(  760): ACDB -> AUDIO_SET_VOL_CAL cal type = 12
01-01 08:30:42.643 D/ACDB-LOADER(  760): ACDB -> send_audstrmtable
01-01 08:30:42.643 D/ACDB-LOADER(  760): ACDB -> ACDB_CMD_GET_AUDPROC_STREAM_TABLE_V2
01-01 08:30:42.643 D/ACDB-LOADER(  760): ACDB -> audstrm_cal->cal_type.cal_data.cal_size = 16
01-01 08:30:42.643 D/ACDB-LOADER(  760): ACDB -> send_afe_topology
01-01 08:30:42.643 D/ACDB-LOADER(  760): ACDB -> ACDB_CMD_GET_AFE_TOPOLOGY_ID
01-01 08:30:42.643 D/ACDB-LOADER(  760): ACDB -> GET_AFE_TOPOLOGY_ID for adcd_id 15, Topology Id 1025e
01-01 08:30:42.643 D/ACDB-LOADER(  760): ACDB -> send_afe_cal
01-01 08:30:42.643 D/ACDB-LOADER(  760): ACDB -> ACDB_CMD_GET_AFE_COMMON_TABLE
01-01 08:30:42.643 D/ACDB-LOADER(  760): ACDB -> AUDIO_SET_AFE_CAL
01-01 08:30:42.643 D/ACDB-LOADER(  760): ACDB -> send_hw_delay : acdb_id = 15 path = 0
01-01 08:30:42.643 D/ACDB-LOADER(  760): ACDB -> ACDB_AVSYNC_INFO: ACDB_CMD_GET_DEVICE_PROPERTY
01-01 08:30:42.643 D/audio_hw_primary(  760): enable_audio_route: apply mixer and update path: low-latency-playback
01-01 08:30:42.644 D/audio_hw_primary(  760): select_devices: done
01-01 08:30:42.645 D/msm8974_platform(  760): platform_set_channel_map mixer_ctl_name:Playback Channel Map15
01-01 08:30:42.645 D/msm8974_platform(  760): platform_set_channel_map: set mapping(1 2 0 0 0 0 0 0) for channel:2
01-01 08:30:42.648 W/System  ( 2304): ClassLoader referenced unknown path: /system/priv-app/Dialer/lib/arm64
01-01 08:30:42.652 E/audio_hw_primary(  760): start_output_stream: pcm_prepare returned -1
01-01 08:30:42.667 E/audio_hw_extn(  760): audio_extn_perf_lock_release: Perf lock release error 
01-01 08:30:42.667 D/audio_hw_primary(  760): disable_audio_route: reset and update mixer path: low-latency-playback
01-01 08:30:42.668 D/soundtrigger(  760): audio_extn_sound_trigger_update_stream_status: uc_id 1 of type 0 for Event 2, with Raise=0
01-01 08:30:42.669 D/hardware_info(  760): hw_info_append_hw_type : device_name = speaker
01-01 08:30:42.669 D/audio_hw_primary(  760): disable_snd_device: snd_device(2: speaker)
01-01 08:30:42.669 D/aud_dev_arbi(  760): releaseOneDevice: not sending command, device argument (2) does not match any registered device
01-01 08:30:42.669 D/aud_dev_arbi(  760): releaseOneDevice: device 2 owner is 0
01-01 08:30:42.669 I/soundtrigger(  760): audio_extn_sound_trigger_update_device_status: device 0x2 of type 0 for Event 0, with Raise=0
01-01 08:30:42.719 D/audio_hw_primary(  760): out_standby: enter: stream (0xf44f9000) usecase(1: low-latency-playback)
01-01 08:30:42.723 D/audio_hw_primary(  760): start_output_stream: enter: stream(0xf44f9000)usecase(1: low-latency-playback) devices(0x2)
01-01 08:30:42.723 E/audio_hw_extn(  760): audio_extn_perf_lock_acquire: Failed to acquire perf lock, err: -1
01-01 08:30:42.723 D/audio_hw_primary(  760): select_devices: out_snd_device(2: speaker) in_snd_device(0: )
01-01 08:30:42.723 I/msm8974_platform(  760): platform_check_and_set_codec_backend_cfg: Usecase bitwidth 16, samplerate 48000
01-01 08:30:42.723 I/msm8974_platform(  760): platform_check_and_set_codec_backend_cfg: new_snd_devices[0] is 2
01-01 08:30:42.723 I/msm8974_platform(  760): platform_check_codec_backend_cfg Codec selected backend: 0 current bit width: 16 and sample rate: 48000
01-01 08:30:42.723 D/msm8974_platform(  760): platform_check_codec_backend_cfg: resetting sample_rate back to default, backend_idx: 0
01-01 08:30:42.723 I/msm8974_platform(  760): platform_check_codec_backend_cfg Codec selected backend: 0 updated bit width: 16 and sample rate: 48000
01-01 08:30:42.723 D/hardware_info(  760): hw_info_append_hw_type : device_name = speaker
01-01 08:30:42.723 D/audio_hw_primary(  760): enable_snd_device: snd_device(2: speaker)
01-01 08:30:42.723 I/soundtrigger(  760): audio_extn_sound_trigger_update_device_status: device 0x2 of type 0 for Event 1, with Raise=0
01-01 08:30:42.723 D/aud_dev_arbi(  760): acquireOneDevice: device owner for device 2 is 1
01-01 08:30:42.723 I/audio_hw_primary(  760): select_devices Selected apptype: 69937
01-01 08:30:42.723 D/soundtrigger(  760): audio_extn_sound_trigger_update_stream_status: uc_id 1 of type 0 for Event 3, with Raise=0
01-01 08:30:42.723 I/audio_hw_utils(  760): audio_extn_utils_send_app_type_cfg PLAYBACK app_type 69937, acdb_dev_id 15, sample_rate 48000
01-01 08:30:42.724 D/ACDB-LOADER(  760): ACDB -> send_audio_cal, acdb_id = 15, path = 0, app id = 0x11131, sample rate = 48000
01-01 08:30:42.724 D/ACDB-LOADER(  760): ACDB -> send_asm_topology
01-01 08:30:42.724 D/ACDB-LOADER(  760): ACDB -> ACDB_CMD_GET_AUDPROC_STREAM_TOPOLOGY_ID
01-01 08:30:42.724 D/ACDB-LOADER(  760): ACDB -> send_adm_topology
01-01 08:30:42.724 D/ACDB-LOADER(  760): ACDB -> ACDB_CMD_GET_AUDPROC_COMMON_TOPOLOGY_ID
01-01 08:30:42.724 D/ACDB-LOADER(  760): ACDB -> send_audtable
01-01 08:30:42.724 D/ACDB-LOADER(  760): ACDB -> ACDB_CMD_GET_AUDPROC_COMMON_TABLE_SIZE
01-01 08:30:42.724 D/ACDB-LOADER(  760): ACDB -> ACDB_CMD_GET_AUDPROC_COMMON_TABLE
01-01 08:30:42.724 D/ACDB-LOADER(  760): ACDB -> AUDIO_SET_AUDPROC_CAL
01-01 08:30:42.724 D/ACDB-LOADER(  760): ACDB -> send_audvoltable
01-01 08:30:42.724 D/ACDB-LOADER(  760): ACDB -> ACDB_CMD_GET_AUDPROC_GAIN_DEP_STEP_TABLE, vol index 0
01-01 08:30:42.724 D/ACDB-LOADER(  760): ACDB -> AUDIO_SET_VOL_CAL cal type = 12
01-01 08:30:42.724 D/ACDB-LOADER(  760): ACDB -> send_audstrmtable
01-01 08:30:42.724 D/ACDB-LOADER(  760): ACDB -> ACDB_CMD_GET_AUDPROC_STREAM_TABLE_V2
01-01 08:30:42.724 D/ACDB-LOADER(  760): ACDB -> audstrm_cal->cal_type.cal_data.cal_size = 16
01-01 08:30:42.724 D/ACDB-LOADER(  760): ACDB -> send_afe_topology
01-01 08:30:42.724 D/ACDB-LOADER(  760): ACDB -> ACDB_CMD_GET_AFE_TOPOLOGY_ID
01-01 08:30:42.724 D/ACDB-LOADER(  760): ACDB -> GET_AFE_TOPOLOGY_ID for adcd_id 15, Topology Id 1025e
01-01 08:30:42.724 D/ACDB-LOADER(  760): ACDB -> send_afe_cal
01-01 08:30:42.724 D/ACDB-LOADER(  760): ACDB -> ACDB_CMD_GET_AFE_COMMON_TABLE
01-01 08:30:42.724 D/ACDB-LOADER(  760): ACDB -> AUDIO_SET_AFE_CAL
01-01 08:30:42.724 D/ACDB-LOADER(  760): ACDB -> send_hw_delay : acdb_id = 15 path = 0
01-01 08:30:42.724 D/ACDB-LOADER(  760): ACDB -> ACDB_AVSYNC_INFO: ACDB_CMD_GET_DEVICE_PROPERTY
01-01 08:30:42.724 D/audio_hw_primary(  760): enable_audio_route: apply mixer and update path: low-latency-playback
01-01 08:30:42.725 D/audio_hw_primary(  760): select_devices: done
01-01 08:30:42.727 D/msm8974_platform(  760): platform_set_channel_map mixer_ctl_name:Playback Channel Map15
01-01 08:30:42.727 D/msm8974_platform(  760): platform_set_channel_map: set mapping(1 2 0 0 0 0 0 0) for channel:2
01-01 08:30:42.734 E/audio_hw_primary(  760): start_output_stream: pcm_prepare returned -1
01-01 08:30:42.749 E/audio_hw_extn(  760): audio_extn_perf_lock_release: Perf lock release error 
01-01 08:30:42.750 D/audio_hw_primary(  760): disable_audio_route: reset and update mixer path: low-latency-playback
01-01 08:30:42.751 D/soundtrigger(  760): audio_extn_sound_trigger_update_stream_status: uc_id 1 of type 0 for Event 2, with Raise=0
01-01 08:30:42.752 D/hardware_info(  760): hw_info_append_hw_type : device_name = speaker
01-01 08:30:42.752 D/audio_hw_primary(  760): disable_snd_device: snd_device(2: speaker)
01-01 08:30:42.752 D/aud_dev_arbi(  760): releaseOneDevice: not sending command, device argument (2) does not match any registered device
01-01 08:30:42.752 D/aud_dev_arbi(  760): releaseOneDevice: device 2 owner is 0
01-01 08:30:42.752 I/soundtrigger(  760): audio_extn_sound_trigger_update_device_status: device 0x2 of type 0 for Event 0, with Raise=0
01-01 08:30:42.752 D/ExtensionsFactory( 2304): No custom extensions.
01-01 08:30:42.782 V/OtaStartupReceiver( 1897): onOtaspChanged: mOtaspMode=0
01-01 08:30:42.802 D/audio_hw_primary(  760): out_standby: enter: stream (0xf44f9000) usecase(1: low-latency-playback)
01-01 08:30:42.802 I/ActivityManager( 1271): Start proc 2360:com.qti.diagservices/1000 for broadcast com.qti.diagservices/.Diag_OnBoot
01-01 08:30:42.805 E/ANDR-PERF-TARGET-INIT( 2354): Inside InitializeTarget
01-01 08:30:42.806 D/audio_hw_primary(  760): start_output_stream: enter: stream(0xf44f9000)usecase(1: low-latency-playback) devices(0x2)
01-01 08:30:42.815 E/ANDR-PERF-OPTSDATA( 2354): Error: core_ctl_cpu is not initialized for this target
01-01 08:30:42.815 E/ANDR-PERF-OPTSDATA( 2354): Error: Core ctl not present
01-01 08:30:42.815 E/ANDR-PERF-OPTSDATA( 2354): Error: core_ctl not present or min/max cpu nodes initialization failed
01-01 08:30:42.816 E/ANDR-PERF-MPCTL( 2354):  before pthread_cond_wait 1780, chk_core_online_poll
01-01 08:30:42.816 E/ANDR-PERF-MPCTL( 2354): perflock: Workload detect thread created
01-01 08:30:42.816 E/ANDR-PERF-MPCTL( 2354): perflock: iobusy pfd initialized
01-01 08:30:42.816 E/ANDR-PERF-MPCTL( 2354): perflock: mode pfd initialized
01-01 08:30:42.816 E/ANDR-PERF-MPCTL( 2354): perflock: Read file 0: 0
01-01 08:30:42.816 E/ANDR-PERF-MPCTL( 2354): perflock: Read file 1: 0
01-01 08:30:42.816 E/ANDR-PERF-MPCTL( 2354): perflock: Mode change 0
01-01 08:30:42.824 E/ANDR-PERF-RESOURCEQS( 2354): Failed to apply optimization [4, 0]
01-01 08:30:42.824 D/audio_hw_primary(  760): select_devices: out_snd_device(2: speaker) in_snd_device(0: )
01-01 08:30:42.824 I/msm8974_platform(  760): platform_check_and_set_codec_backend_cfg: Usecase bitwidth 16, samplerate 48000
01-01 08:30:42.824 I/msm8974_platform(  760): platform_check_and_set_codec_backend_cfg: new_snd_devices[0] is 2
01-01 08:30:42.824 I/msm8974_platform(  760): platform_check_codec_backend_cfg Codec selected backend: 0 current bit width: 16 and sample rate: 48000
01-01 08:30:42.824 D/msm8974_platform(  760): platform_check_codec_backend_cfg: resetting sample_rate back to default, backend_idx: 0
01-01 08:30:42.824 I/msm8974_platform(  760): platform_check_codec_backend_cfg Codec selected backend: 0 updated bit width: 16 and sample rate: 48000
01-01 08:30:42.824 D/hardware_info(  760): hw_info_append_hw_type : device_name = speaker
01-01 08:30:42.824 D/audio_hw_primary(  760): enable_snd_device: snd_device(2: speaker)
01-01 08:30:42.824 I/soundtrigger(  760): audio_extn_sound_trigger_update_device_status: device 0x2 of type 0 for Event 1, with Raise=0
01-01 08:30:42.824 D/aud_dev_arbi(  760): acquireOneDevice: device owner for device 2 is 1
01-01 08:30:42.824 I/audio_hw_primary(  760): select_devices Selected apptype: 69937
01-01 08:30:42.824 D/soundtrigger(  760): audio_extn_sound_trigger_update_stream_status: uc_id 1 of type 0 for Event 3, with Raise=0
01-01 08:30:42.824 I/audio_hw_utils(  760): audio_extn_utils_send_app_type_cfg PLAYBACK app_type 69937, acdb_dev_id 15, sample_rate 48000
01-01 08:30:42.824 D/ACDB-LOADER(  760): ACDB -> send_audio_cal, acdb_id = 15, path = 0, app id = 0x11131, sample rate = 48000
01-01 08:30:42.824 D/ACDB-LOADER(  760): ACDB -> send_asm_topology
01-01 08:30:42.824 D/ACDB-LOADER(  760): ACDB -> ACDB_CMD_GET_AUDPROC_STREAM_TOPOLOGY_ID
01-01 08:30:42.824 D/ACDB-LOADER(  760): ACDB -> send_adm_topology
01-01 08:30:42.824 D/ACDB-LOADER(  760): ACDB -> ACDB_CMD_GET_AUDPROC_COMMON_TOPOLOGY_ID
01-01 08:30:42.824 D/ACDB-LOADER(  760): ACDB -> send_audtable
01-01 08:30:42.824 D/ACDB-LOADER(  760): ACDB -> ACDB_CMD_GET_AUDPROC_COMMON_TABLE_SIZE
01-01 08:30:42.824 D/ACDB-LOADER(  760): ACDB -> ACDB_CMD_GET_AUDPROC_COMMON_TABLE
01-01 08:30:42.824 D/ACDB-LOADER(  760): ACDB -> AUDIO_SET_AUDPROC_CAL
01-01 08:30:42.824 D/ACDB-LOADER(  760): ACDB -> send_audvoltable
01-01 08:30:42.824 D/ACDB-LOADER(  760): ACDB -> ACDB_CMD_GET_AUDPROC_GAIN_DEP_STEP_TABLE, vol index 0
01-01 08:30:42.824 D/ACDB-LOADER(  760): ACDB -> AUDIO_SET_VOL_CAL cal type = 12
01-01 08:30:42.824 D/ACDB-LOADER(  760): ACDB -> send_audstrmtable
01-01 08:30:42.825 D/ACDB-LOADER(  760): ACDB -> ACDB_CMD_GET_AUDPROC_STREAM_TABLE_V2
01-01 08:30:42.825 D/ACDB-LOADER(  760): ACDB -> audstrm_cal->cal_type.cal_data.cal_size = 16
01-01 08:30:42.825 D/ACDB-LOADER(  760): ACDB -> send_afe_topology
01-01 08:30:42.825 D/ACDB-LOADER(  760): ACDB -> ACDB_CMD_GET_AFE_TOPOLOGY_ID
01-01 08:30:42.825 D/ACDB-LOADER(  760): ACDB -> GET_AFE_TOPOLOGY_ID for adcd_id 15, Topology Id 1025e
01-01 08:30:42.825 D/ACDB-LOADER(  760): ACDB -> send_afe_cal
01-01 08:30:42.825 D/ACDB-LOADER(  760): ACDB -> ACDB_CMD_GET_AFE_COMMON_TABLE
01-01 08:30:42.825 D/ACDB-LOADER(  760): ACDB -> AUDIO_SET_AFE_CAL
01-01 08:30:42.825 D/ACDB-LOADER(  760): ACDB -> send_hw_delay : acdb_id = 15 path = 0
01-01 08:30:42.825 D/ACDB-LOADER(  760): ACDB -> ACDB_AVSYNC_INFO: ACDB_CMD_GET_DEVICE_PROPERTY
01-01 08:30:42.825 D/audio_hw_primary(  760): enable_audio_route: apply mixer and update path: low-latency-playback
01-01 08:30:42.825 D/audio_hw_primary(  760): select_devices: done
01-01 08:30:42.827 D/msm8974_platform(  760): platform_set_channel_map mixer_ctl_name:Playback Channel Map15
01-01 08:30:42.827 D/msm8974_platform(  760): platform_set_channel_map: set mapping(1 2 0 0 0 0 0 0) for channel:2
01-01 08:30:42.834 E/audio_hw_primary(  760): start_output_stream: pcm_prepare returned -1
01-01 08:30:42.852 W/System  ( 2360): ClassLoader referenced unknown path: /system/app/QTIDiagServices/lib/arm64
01-01 08:30:42.855 D/audio_hw_primary(  760): disable_audio_route: reset and update mixer path: low-latency-playback
01-01 08:30:42.856 D/soundtrigger(  760): audio_extn_sound_trigger_update_stream_status: uc_id 1 of type 0 for Event 2, with Raise=0
01-01 08:30:42.856 D/hardware_info(  760): hw_info_append_hw_type : device_name = speaker
01-01 08:30:42.856 D/audio_hw_primary(  760): disable_snd_device: snd_device(2: speaker)
01-01 08:30:42.857 D/aud_dev_arbi(  760): releaseOneDevice: not sending command, device argument (2) does not match any registered device
01-01 08:30:42.857 D/aud_dev_arbi(  760): releaseOneDevice: device 2 owner is 0
01-01 08:30:42.857 I/soundtrigger(  760): audio_extn_sound_trigger_update_device_status: device 0x2 of type 0 for Event 0, with Raise=0
01-01 08:30:42.857 W/ContextImpl( 2360): Calling a method in the system process without a qualified user: android.app.ContextImpl.startService:1221 android.content.ContextWrapper.startService:581 android.content.ContextWrapper.startService:581 com.qti.diagservices.Diag_OnBoot.onReceive:44 android.app.ActivityThread.handleReceiver:2725 
01-01 08:30:42.859 D/Diag_OnBoot( 2360): Started Successfully
01-01 08:30:42.861 E/DiagJNIInterface( 2360): Trying to load libDiagService
01-01 08:30:42.861 D/WIFI    ( 1271): Registering NetworkFactory
01-01 08:30:42.861 D/ConnectivityService( 1271): Got NetworkFactory Messenger for WIFI
01-01 08:30:42.861 D/WIFI_UT ( 1271): Registering NetworkFactory
01-01 08:30:42.861 D/ConnectivityService( 1271): Got NetworkFactory Messenger for WIFI_UT
01-01 08:30:42.862 D/WIFI    ( 1271): got request NetworkRequest [ id=1, legacyType=-1, [ Capabilities: INTERNET&NOT_RESTRICTED&TRUSTED&NOT_VPN] ] with score 0
01-01 08:30:42.862 D/WIFI_UT ( 1271): got request NetworkRequest [ id=1, legacyType=-1, [ Capabilities: INTERNET&NOT_RESTRICTED&TRUSTED&NOT_VPN] ] with score 0
01-01 08:30:42.865 D/PhoneInterfaceManager( 1897): [PhoneIntfMgr] getDataEnabled: subId=-1 phoneId=-1
01-01 08:30:42.865 E/PhoneInterfaceManager( 1897): [PhoneIntfMgr] getDataEnabled: no phone subId=-1 retVal=false
01-01 08:30:42.865 D/TelephonyManager( 1820): getDataEnabled: retVal=false
01-01 08:30:42.877 I/Diag_Lib( 2360): Diag_LSM_Init call succeeded
01-01 08:30:42.881 I/ActivityManager( 1271): Start proc 2382:com.qualcomm.qti.seemp.service:seemp_service/1000 for broadcast com.qualcomm.qti.seemp.service/.SeempBroadcastReceiver
01-01 08:30:42.907 D/audio_hw_primary(  760): out_standby: enter: stream (0xf44f9000) usecase(1: low-latency-playback)
01-01 08:30:42.911 D/audio_hw_primary(  760): start_output_stream: enter: stream(0xf44f9000)usecase(1: low-latency-playback) devices(0x2)
01-01 08:30:42.911 E/ANDR-PERF-RESOURCEQS( 2354): Failed to apply optimization [4, 0]
01-01 08:30:42.911 D/audio_hw_primary(  760): select_devices: out_snd_device(2: speaker) in_snd_device(0: )
01-01 08:30:42.911 I/msm8974_platform(  760): platform_check_and_set_codec_backend_cfg: Usecase bitwidth 16, samplerate 48000
01-01 08:30:42.911 I/msm8974_platform(  760): platform_check_and_set_codec_backend_cfg: new_snd_devices[0] is 2
01-01 08:30:42.911 I/msm8974_platform(  760): platform_check_codec_backend_cfg Codec selected backend: 0 current bit width: 16 and sample rate: 48000
01-01 08:30:42.912 D/msm8974_platform(  760): platform_check_codec_backend_cfg: resetting sample_rate back to default, backend_idx: 0
01-01 08:30:42.912 I/msm8974_platform(  760): platform_check_codec_backend_cfg Codec selected backend: 0 updated bit width: 16 and sample rate: 48000
01-01 08:30:42.912 D/hardware_info(  760): hw_info_append_hw_type : device_name = speaker
01-01 08:30:42.912 D/audio_hw_primary(  760): enable_snd_device: snd_device(2: speaker)
01-01 08:30:42.912 I/soundtrigger(  760): audio_extn_sound_trigger_update_device_status: device 0x2 of type 0 for Event 1, with Raise=0
01-01 08:30:42.912 D/aud_dev_arbi(  760): acquireOneDevice: device owner for device 2 is 1
01-01 08:30:42.912 I/audio_hw_primary(  760): select_devices Selected apptype: 69937
01-01 08:30:42.912 D/soundtrigger(  760): audio_extn_sound_trigger_update_stream_status: uc_id 1 of type 0 for Event 3, with Raise=0
01-01 08:30:42.912 I/audio_hw_utils(  760): audio_extn_utils_send_app_type_cfg PLAYBACK app_type 69937, acdb_dev_id 15, sample_rate 48000
01-01 08:30:42.912 D/ACDB-LOADER(  760): ACDB -> send_audio_cal, acdb_id = 15, path = 0, app id = 0x11131, sample rate = 48000
01-01 08:30:42.912 D/ACDB-LOADER(  760): ACDB -> send_asm_topology
01-01 08:30:42.912 D/ACDB-LOADER(  760): ACDB -> ACDB_CMD_GET_AUDPROC_STREAM_TOPOLOGY_ID
01-01 08:30:42.912 W/System  ( 2382): ClassLoader referenced unknown path: /system/app/SeempService/lib/arm64
01-01 08:30:42.912 D/ACDB-LOADER(  760): ACDB -> send_adm_topology
01-01 08:30:42.912 D/ACDB-LOADER(  760): ACDB -> ACDB_CMD_GET_AUDPROC_COMMON_TOPOLOGY_ID
01-01 08:30:42.913 D/ACDB-LOADER(  760): ACDB -> send_audtable
01-01 08:30:42.913 D/ACDB-LOADER(  760): ACDB -> ACDB_CMD_GET_AUDPROC_COMMON_TABLE_SIZE
01-01 08:30:42.913 D/ACDB-LOADER(  760): ACDB -> ACDB_CMD_GET_AUDPROC_COMMON_TABLE
01-01 08:30:42.913 D/ACDB-LOADER(  760): ACDB -> AUDIO_SET_AUDPROC_CAL
01-01 08:30:42.913 D/ACDB-LOADER(  760): ACDB -> send_audvoltable
01-01 08:30:42.913 D/ACDB-LOADER(  760): ACDB -> ACDB_CMD_GET_AUDPROC_GAIN_DEP_STEP_TABLE, vol index 0
01-01 08:30:42.913 D/ACDB-LOADER(  760): ACDB -> AUDIO_SET_VOL_CAL cal type = 12
01-01 08:30:42.913 D/ACDB-LOADER(  760): ACDB -> send_audstrmtable
01-01 08:30:42.913 D/ACDB-LOADER(  760): ACDB -> ACDB_CMD_GET_AUDPROC_STREAM_TABLE_V2
01-01 08:30:42.913 D/ACDB-LOADER(  760): ACDB -> audstrm_cal->cal_type.cal_data.cal_size = 16
01-01 08:30:42.913 D/ACDB-LOADER(  760): ACDB -> send_afe_topology
01-01 08:30:42.913 D/ACDB-LOADER(  760): ACDB -> ACDB_CMD_GET_AFE_TOPOLOGY_ID
01-01 08:30:42.913 D/ACDB-LOADER(  760): ACDB -> GET_AFE_TOPOLOGY_ID for adcd_id 15, Topology Id 1025e
01-01 08:30:42.913 D/ACDB-LOADER(  760): ACDB -> send_afe_cal
01-01 08:30:42.913 D/ACDB-LOADER(  760): ACDB -> ACDB_CMD_GET_AFE_COMMON_TABLE
01-01 08:30:42.913 D/ACDB-LOADER(  760): ACDB -> AUDIO_SET_AFE_CAL
01-01 08:30:42.913 D/ACDB-LOADER(  760): ACDB -> send_hw_delay : acdb_id = 15 path = 0
01-01 08:30:42.913 D/ACDB-LOADER(  760): ACDB -> ACDB_AVSYNC_INFO: ACDB_CMD_GET_DEVICE_PROPERTY
01-01 08:30:42.913 D/audio_hw_primary(  760): enable_audio_route: apply mixer and update path: low-latency-playback
01-01 08:30:42.915 D/audio_hw_primary(  760): select_devices: done
01-01 08:30:42.915 D/SEEMP_BROADCAST_RECEIVER( 2382): Boot completed: Service is now started and running in background
01-01 08:30:42.916 D/msm8974_platform(  760): platform_set_channel_map mixer_ctl_name:Playback Channel Map15
01-01 08:30:42.916 D/msm8974_platform(  760): platform_set_channel_map: set mapping(1 2 0 0 0 0 0 0) for channel:2
01-01 08:30:42.916 W/ContextImpl( 2382): Calling a method in the system process without a qualified user: android.app.ContextImpl.startService:1221 android.content.ContextWrapper.startService:581 android.content.ContextWrapper.startService:581 com.qualcomm.qti.seemp.service.SeempBroadcastReceiver.onReceive:59 android.app.ActivityThread.handleReceiver:2725 
01-01 08:30:42.920 D/SEEMP_ISEEMPNSERVICE_STUB( 2382): asInterface:  object is NULL!
01-01 08:30:42.920 D/SEEMP_OBJ( 2382): ISeempNService -as interface- returns NULL,could not get binder! 
01-01 08:30:42.920 D/SEEMP_OBJ( 2382): ServiceManager.getService returns NULL: Native service not found
01-01 08:30:42.922 D/SEEMP_ISEEMPNSERVICE_STUB( 2382): asInterface:  object is NULL!
01-01 08:30:42.922 D/SEEMP_OBJ( 2382): ISeempNService -as interface- returns NULL,could not get binder! 
01-01 08:30:42.923 D/SEEMP_OBJ( 2382): ServiceManager.getService returns NULL: Native service not found
01-01 08:30:42.923 E/SEEMP_JSERVICE( 2382): onHandleIntent:  Unable to get Seemp instance!
01-01 08:30:42.923 E/audio_hw_primary(  760): start_output_stream: pcm_prepare returned -1
01-01 08:30:42.937 D/audio_hw_primary(  760): disable_audio_route: reset and update mixer path: low-latency-playback
01-01 08:30:42.938 D/soundtrigger(  760): audio_extn_sound_trigger_update_stream_status: uc_id 1 of type 0 for Event 2, with Raise=0
01-01 08:30:42.938 D/hardware_info(  760): hw_info_append_hw_type : device_name = speaker
01-01 08:30:42.938 D/audio_hw_primary(  760): disable_snd_device: snd_device(2: speaker)
01-01 08:30:42.938 D/aud_dev_arbi(  760): releaseOneDevice: not sending command, device argument (2) does not match any registered device
01-01 08:30:42.938 D/aud_dev_arbi(  760): releaseOneDevice: device 2 owner is 0
01-01 08:30:42.938 I/soundtrigger(  760): audio_extn_sound_trigger_update_device_status: device 0x2 of type 0 for Event 0, with Raise=0
01-01 08:30:42.942 I/ActivityManager( 1271): Start proc 2396:com.android.providers.calendar/u0a0 for broadcast com.android.providers.calendar/.CalendarReceiver
01-01 08:30:42.943 D/SEEMP_JSERVICE( 2382): onDestroy:  SeempJService destroyed!
01-01 08:30:42.944 D/SEEMP_ISEEMPNSERVICE_STUB( 2382): asInterface:  object is NULL!
01-01 08:30:42.944 D/SEEMP_OBJ( 2382): ISeempNService -as interface- returns NULL,could not get binder! 
01-01 08:30:42.944 D/SEEMP_OBJ( 2382): ServiceManager.getService returns NULL: Native service not found
01-01 08:30:42.944 E/SEEMP_JSERVICE( 2382): Unable to get Seemp instance!
01-01 08:30:42.977 W/System  ( 2396): ClassLoader referenced unknown path: /system/priv-app/CalendarProvider/lib/arm64
01-01 08:30:42.988 D/audio_hw_primary(  760): out_standby: enter: stream (0xf44f9000) usecase(1: low-latency-playback)
01-01 08:30:42.992 D/audio_hw_primary(  760): start_output_stream: enter: stream(0xf44f9000)usecase(1: low-latency-playback) devices(0x2)
01-01 08:30:42.993 E/ANDR-PERF-RESOURCEQS( 2354): Failed to apply optimization [4, 0]
01-01 08:30:42.993 D/audio_hw_primary(  760): select_devices: out_snd_device(2: speaker) in_snd_device(0: )
01-01 08:30:42.993 I/msm8974_platform(  760): platform_check_and_set_codec_backend_cfg: Usecase bitwidth 16, samplerate 48000
01-01 08:30:42.993 I/msm8974_platform(  760): platform_check_and_set_codec_backend_cfg: new_snd_devices[0] is 2
01-01 08:30:42.993 I/msm8974_platform(  760): platform_check_codec_backend_cfg Codec selected backend: 0 current bit width: 16 and sample rate: 48000
01-01 08:30:42.993 D/msm8974_platform(  760): platform_check_codec_backend_cfg: resetting sample_rate back to default, backend_idx: 0
01-01 08:30:42.993 I/msm8974_platform(  760): platform_check_codec_backend_cfg Codec selected backend: 0 updated bit width: 16 and sample rate: 48000
01-01 08:30:42.993 D/hardware_info(  760): hw_info_append_hw_type : device_name = speaker
01-01 08:30:42.993 D/audio_hw_primary(  760): enable_snd_device: snd_device(2: speaker)
01-01 08:30:42.993 I/soundtrigger(  760): audio_extn_sound_trigger_update_device_status: device 0x2 of type 0 for Event 1, with Raise=0
01-01 08:30:42.993 D/aud_dev_arbi(  760): acquireOneDevice: device owner for device 2 is 1
01-01 08:30:42.993 I/audio_hw_primary(  760): select_devices Selected apptype: 69937
01-01 08:30:42.993 D/soundtrigger(  760): audio_extn_sound_trigger_update_stream_status: uc_id 1 of type 0 for Event 3, with Raise=0
01-01 08:30:42.993 I/audio_hw_utils(  760): audio_extn_utils_send_app_type_cfg PLAYBACK app_type 69937, acdb_dev_id 15, sample_rate 48000
01-01 08:30:42.994 D/ACDB-LOADER(  760): ACDB -> send_audio_cal, acdb_id = 15, path = 0, app id = 0x11131, sample rate = 48000
01-01 08:30:42.994 D/ACDB-LOADER(  760): ACDB -> send_asm_topology
01-01 08:30:42.994 D/ACDB-LOADER(  760): ACDB -> ACDB_CMD_GET_AUDPROC_STREAM_TOPOLOGY_ID
01-01 08:30:42.994 D/ACDB-LOADER(  760): ACDB -> send_adm_topology
